<html>
<body>
<pre>
<h1>µVision Build Log</h1>
<h2>Tool Versions:</h2>
IDE-Version: µVision V5.16a
Copyright (C) 2015 ARM Ltd and ARM Germany GmbH. All rights reserved.
License Information: Ming zhi Yu, N/A, LIC=RUUPE-5T3I1-5JRN4-TBK9J-SR479-UQXGN
 
Tool Versions:
Toolchain:       MDK-ARM Cortex-M0/M0+ 256K for ST  Version: 5.16a
Toolchain Path:  C:\Program Files\Keil_v5\ARM\ARMCC\Bin
C Compiler:      Armcc.exe V5.06 (build 20)
Assembler:       Armasm.exe V5.06 (build 20)
Linker/Locator:  ArmLink.exe V5.06 (build 20)
Library Manager: ArmAr.exe V5.06 (build 20)
Hex Converter:   FromElf.exe V5.06 (build 20)
CPU DLL:         SARMCM3.DLL V5.16a
Dialog DLL:      DCM.DLL V1.13.2.0
Target DLL:      STLink\ST-LINKIII-KEIL_SWO.dll V2.0.17.0
Dialog DLL:      TCM.DLL V1.14.5.0
 
<h2>Project:</h2>
C:\Users\Mingzhi Yu\Documents\Keil\WiFind Git\WiFind_MCU\MDK-ARM\WiFind.uvprojx
Project File Date:  10/29/2015

<h2>Output:</h2>
*** Using Compiler 'V5.06 (build 20)', folder: 'C:\Program Files\Keil_v5\ARM\ARMCC\Bin'
Build target 'WiFind Configuration'
compiling stm32l0xx_hal_msp.c...
compiling stm32l0xx_it.c...
compiling uart.c...
..\Src\uart.c(58): warning:  #550-D: variable "rx_status" was set but never used
  	HAL_StatusTypeDef rx_status;
..\Src\uart.c(71): warning:  #550-D: variable "rx_status" was set but never used
  	HAL_StatusTypeDef rx_status;
..\Src\uart.c(120): warning:  #550-D: variable "rx_status" was set but never used
  	HAL_StatusTypeDef rx_status;
..\Src\uart.c(36): warning:  #177-D: variable "TEST_COMMAND" was declared but never referenced
  static const uint8_t TEST_COMMAND [] = "Hello World!";
..\Src\uart.c(38): warning:  #177-D: variable "EXIT_COMMAND_MODE" was declared but never referenced
  static const uint8_t EXIT_COMMAND_MODE [] = "exit\r\n";
..\Src\uart.c(39): warning:  #177-D: variable "CONNECT_TO_SERVER" was declared but never referenced
  static const uint8_t CONNECT_TO_SERVER [] = "open 192.168.1.4 8000\r\n";
..\Src\uart.c(40): warning:  #177-D: variable "DISCONNECT_FROM_SERVER" was declared but never referenced
  static const uint8_t DISCONNECT_FROM_SERVER [] = "close\r\n";
..\Src\uart.c(46): warning:  #177-D: variable "SAVE" was declared but never referenced
  static const uint8_t SAVE [] = "save\r\n";
..\Src\uart.c(47): warning:  #177-D: variable "REBOOT" was declared but never referenced
  static const uint8_t REBOOT [] = "reboot\r\n";
..\Src\uart.c(48): warning:  #177-D: variable "JOIN_WIFIND" was declared but never referenced
  static const uint8_t JOIN_WIFIND [] = "join WiFind\r\n";
..\Src\uart.c(49): warning:  #177-D: variable "SLEEP" was declared but never referenced
  static const uint8_t SLEEP [] = "sleep\r\n";
..\Src\uart.c: 11 warnings, 0 errors
compiling main.c...
linking...
WiFind Configuration\WiFind Configuration.axf: Warning: L6304W: Duplicate input file wifind configuration\stm32l0xx_hal_msp_1.o ignored.
WiFind Configuration\WiFind Configuration.axf: Warning: L6304W: Duplicate input file wifind configuration\stm32l0xx_it_1.o ignored.
WiFind Configuration\WiFind Configuration.axf: Warning: L6304W: Duplicate input file wifind configuration\main_1.o ignored.
Program Size: Code=11896 RO-data=488 RW-data=156 ZI-data=6444  
Finished: 0 information, 3 warning and 0 error messages.
"WiFind Configuration\WiFind Configuration.axf" - 0 Error(s), 14 Warning(s).

<h2>Collection of Component include folders:</h2>
  C:\Users\Mingzhi Yu\Documents\Keil\WiFind Git\WiFind_MCU\MDK-ARM\RTE
  C:\Program Files\Keil_v5\ARM\PACK\Keil\STM32L0xx_DFP\1.3.0\Device\Include

<h2>Collection of Component Files used:</h2>
Build Time Elapsed:  00:00:01
</pre>
</body>
</html>
