Component: ARM Compiler 5.06 (build 20) Tool: armlink [4d35a3]

==============================================================================

Section Cross References

    main_1.o(i.HAL_GPIO_EXTI_Callback) refers to stm32l0xx_hal_gpio.o(i.HAL_GPIO_TogglePin) for HAL_GPIO_TogglePin
    main_1.o(i.HAL_GPIO_EXTI_Callback) refers to queue.o(i.xQueueGenericSendFromISR) for xQueueGenericSendFromISR
    main_1.o(i.HAL_GPIO_EXTI_Callback) refers to uart.o(.data) for button_sem
    main_1.o(i.MX_GPIO_Init) refers to stm32l0xx_hal_gpio.o(i.HAL_GPIO_Init) for HAL_GPIO_Init
    main_1.o(i.StartDefaultTask) refers to cmsis_os.o(i.osDelay) for osDelay
    main_1.o(i.SystemClock_Config) refers to stm32l0xx_hal_rcc.o(i.HAL_RCC_OscConfig) for HAL_RCC_OscConfig
    main_1.o(i.SystemClock_Config) refers to stm32l0xx_hal_rcc.o(i.HAL_RCC_ClockConfig) for HAL_RCC_ClockConfig
    main_1.o(i.SystemClock_Config) refers to stm32l0xx_hal_rcc_ex.o(i.HAL_RCCEx_PeriphCLKConfig) for HAL_RCCEx_PeriphCLKConfig
    main_1.o(i.SystemClock_Config) refers to stm32l0xx_hal_rcc.o(i.HAL_RCC_GetHCLKFreq) for HAL_RCC_GetHCLKFreq
    main_1.o(i.SystemClock_Config) refers to uidiv.o(.text) for __aeabi_uidivmod
    main_1.o(i.SystemClock_Config) refers to stm32l0xx_hal_cortex.o(i.HAL_SYSTICK_Config) for HAL_SYSTICK_Config
    main_1.o(i.SystemClock_Config) refers to stm32l0xx_hal_cortex.o(i.HAL_SYSTICK_CLKSourceConfig) for HAL_SYSTICK_CLKSourceConfig
    main_1.o(i.SystemClock_Config) refers to stm32l0xx_hal_cortex.o(i.HAL_NVIC_SetPriority) for HAL_NVIC_SetPriority
    main_1.o(i.main) refers to stm32l0xx_hal.o(i.HAL_Init) for HAL_Init
    main_1.o(i.main) refers to main_1.o(i.SystemClock_Config) for SystemClock_Config
    main_1.o(i.main) refers to main_1.o(i.MX_GPIO_Init) for MX_GPIO_Init
    main_1.o(i.main) refers to stm32l0xx_hal_cortex.o(i.HAL_NVIC_SetPriority) for HAL_NVIC_SetPriority
    main_1.o(i.main) refers to stm32l0xx_hal_cortex.o(i.HAL_NVIC_EnableIRQ) for HAL_NVIC_EnableIRQ
    main_1.o(i.main) refers to memcpya.o(.text) for __aeabi_memcpy4
    main_1.o(i.main) refers to cmsis_os.o(i.osThreadCreate) for osThreadCreate
    main_1.o(i.main) refers to cmsis_os.o(i.osKernelStart) for osKernelStart
    main_1.o(i.main) refers to main_1.o(.constdata) for .constdata
    main_1.o(i.main) refers to main_1.o(.data) for uart_task_handle
    main_1.o(.constdata) refers to main_1.o(.conststring) for .conststring
    main_1.o(.constdata) refers to uart.o(i.uart_thread) for uart_thread
    stm32l0xx_hal_msp_1.o(i.HAL_MspInit) refers to stm32l0xx_hal_cortex.o(i.HAL_NVIC_SetPriority) for HAL_NVIC_SetPriority
    stm32l0xx_hal_msp_1.o(i.HAL_UART_MspDeInit) refers to stm32l0xx_hal_gpio.o(i.HAL_GPIO_DeInit) for HAL_GPIO_DeInit
    stm32l0xx_hal_msp_1.o(i.HAL_UART_MspInit) refers to stm32l0xx_hal_gpio.o(i.HAL_GPIO_Init) for HAL_GPIO_Init
    stm32l0xx_it_1.o(i.EXTI0_1_IRQHandler) refers to stm32l0xx_hal_gpio.o(i.HAL_GPIO_EXTI_IRQHandler) for HAL_GPIO_EXTI_IRQHandler
    stm32l0xx_it_1.o(i.SysTick_Handler) refers to stm32l0xx_hal.o(i.HAL_IncTick) for HAL_IncTick
    stm32l0xx_it_1.o(i.SysTick_Handler) refers to tasks.o(i.xTaskGetSchedulerState) for xTaskGetSchedulerState
    stm32l0xx_it_1.o(i.SysTick_Handler) refers to port.o(i.xPortSysTickHandler) for xPortSysTickHandler
    uart.o(i.MX_USART1_UART_Init) refers to stm32l0xx_hal_uart.o(i.HAL_UART_Init) for HAL_UART_Init
    uart.o(i.MX_USART1_UART_Init) refers to uart.o(.bss) for huart1
    uart.o(i.send_command) refers to stm32l0xx_hal_uart.o(i.HAL_UART_Transmit) for HAL_UART_Transmit
    uart.o(i.send_command) refers to stm32l0xx_hal_uart.o(i.HAL_UART_Receive) for HAL_UART_Receive
    uart.o(i.send_command) refers to uart.o(.bss) for huart1
    uart.o(i.send_scan_command) refers to stm32l0xx_hal_uart.o(i.HAL_UART_Transmit) for HAL_UART_Transmit
    uart.o(i.send_scan_command) refers to stm32l0xx_hal_uart.o(i.HAL_UART_Receive) for HAL_UART_Receive
    uart.o(i.send_scan_command) refers to memseta.o(.text) for __aeabi_memclr4
    uart.o(i.send_scan_command) refers to uart.o(.constdata) for SCAN
    uart.o(i.send_scan_command) refers to uart.o(.bss) for huart1
    uart.o(i.uart_thread) refers to cmsis_os.o(i.osDelay) for osDelay
    uart.o(i.uart_thread) refers to uart.o(i.MX_USART1_UART_Init) for MX_USART1_UART_Init
    uart.o(i.uart_thread) refers to queue.o(i.xQueueGenericCreate) for xQueueGenericCreate
    uart.o(i.uart_thread) refers to queue.o(i.xQueueGenericReceive) for xQueueGenericReceive
    uart.o(i.uart_thread) refers to stm32l0xx_hal_uart.o(i.HAL_UART_Transmit) for HAL_UART_Transmit
    uart.o(i.uart_thread) refers to stm32l0xx_hal_uart.o(i.HAL_UART_Receive) for HAL_UART_Receive
    uart.o(i.uart_thread) refers to uart.o(i.send_command) for send_command
    uart.o(i.uart_thread) refers to uart.o(i.send_scan_command) for send_scan_command
    uart.o(i.uart_thread) refers to uart.o(.data) for button_sem
[...]
    queue.o(i.xQueueGenericReceive) refers to port.o(i.vPortEnterCritical) for vPortEnterCritical
    queue.o(i.xQueueGenericReceive) refers to queue.o(i.prvCopyDataFromQueue) for prvCopyDataFromQueue
    queue.o(i.xQueueGenericReceive) refers to tasks.o(i.xTaskGetCurrentTaskHandle) for xTaskGetCurrentTaskHandle
    queue.o(i.xQueueGenericReceive) refers to tasks.o(i.xTaskRemoveFromEventList) for xTaskRemoveFromEventList
    queue.o(i.xQueueGenericReceive) refers to port.o(i.vPortYield) for vPortYield
    queue.o(i.xQueueGenericReceive) refers to port.o(i.vPortExitCritical) for vPortExitCritical
    queue.o(i.xQueueGenericReceive) refers to tasks.o(i.vTaskSetTimeOutState) for vTaskSetTimeOutState
    queue.o(i.xQueueGenericReceive) refers to tasks.o(i.vTaskSuspendAll) for vTaskSuspendAll
    queue.o(i.xQueueGenericReceive) refers to tasks.o(i.xTaskCheckForTimeOut) for xTaskCheckForTimeOut
    queue.o(i.xQueueGenericReceive) refers to queue.o(i.prvIsQueueEmpty) for prvIsQueueEmpty
    queue.o(i.xQueueGenericReceive) refers to tasks.o(i.vTaskPriorityInherit) for vTaskPriorityInherit
    queue.o(i.xQueueGenericReceive) refers to tasks.o(i.vTaskPlaceOnEventList) for vTaskPlaceOnEventList
    queue.o(i.xQueueGenericReceive) refers to queue.o(i.prvUnlockQueue) for prvUnlockQueue
    queue.o(i.xQueueGenericReceive) refers to tasks.o(i.xTaskResumeAll) for xTaskResumeAll
    queue.o(i.xQueueGenericReset) refers to port.o(i.vPortEnterCritical) for vPortEnterCritical
    queue.o(i.xQueueGenericReset) refers to tasks.o(i.xTaskRemoveFromEventList) for xTaskRemoveFromEventList
    queue.o(i.xQueueGenericReset) refers to port.o(i.vPortYield) for vPortYield
    queue.o(i.xQueueGenericReset) refers to list.o(i.vListInitialise) for vListInitialise
    queue.o(i.xQueueGenericReset) refers to port.o(i.vPortExitCritical) for vPortExitCritical
    queue.o(i.xQueueGenericSend) refers to port.o(i.vPortEnterCritical) for vPortEnterCritical
    queue.o(i.xQueueGenericSend) refers to queue.o(i.prvCopyDataToQueue) for prvCopyDataToQueue
    queue.o(i.xQueueGenericSend) refers to tasks.o(i.xTaskRemoveFromEventList) for xTaskRemoveFromEventList
    queue.o(i.xQueueGenericSend) refers to port.o(i.vPortYield) for vPortYield
    queue.o(i.xQueueGenericSend) refers to port.o(i.vPortExitCritical) for vPortExitCritical
    queue.o(i.xQueueGenericSend) refers to tasks.o(i.vTaskSetTimeOutState) for vTaskSetTimeOutState
    queue.o(i.xQueueGenericSend) refers to tasks.o(i.vTaskSuspendAll) for vTaskSuspendAll
    queue.o(i.xQueueGenericSend) refers to tasks.o(i.xTaskCheckForTimeOut) for xTaskCheckForTimeOut
    queue.o(i.xQueueGenericSend) refers to queue.o(i.prvIsQueueFull) for prvIsQueueFull
    queue.o(i.xQueueGenericSend) refers to tasks.o(i.vTaskPlaceOnEventList) for vTaskPlaceOnEventList
    queue.o(i.xQueueGenericSend) refers to queue.o(i.prvUnlockQueue) for prvUnlockQueue
    queue.o(i.xQueueGenericSend) refers to tasks.o(i.xTaskResumeAll) for xTaskResumeAll
    queue.o(i.xQueueGenericSendFromISR) refers to port.o(.emb_text) for ulSetInterruptMaskFromISR
    queue.o(i.xQueueGenericSendFromISR) refers to queue.o(i.prvCopyDataToQueue) for prvCopyDataToQueue
    queue.o(i.xQueueGenericSendFromISR) refers to tasks.o(i.xTaskRemoveFromEventList) for xTaskRemoveFromEventList
    queue.o(i.xQueueGiveMutexRecursive) refers to tasks.o(i.xTaskGetCurrentTaskHandle) for xTaskGetCurrentTaskHandle
    queue.o(i.xQueueGiveMutexRecursive) refers to queue.o(i.xQueueGenericSend) for xQueueGenericSend
    queue.o(i.xQueuePeekFromISR) refers to port.o(.emb_text) for ulSetInterruptMaskFromISR
    queue.o(i.xQueuePeekFromISR) refers to queue.o(i.prvCopyDataFromQueue) for prvCopyDataFromQueue
    queue.o(i.xQueueReceiveFromISR) refers to port.o(.emb_text) for ulSetInterruptMaskFromISR
    queue.o(i.xQueueReceiveFromISR) refers to queue.o(i.prvCopyDataFromQueue) for prvCopyDataFromQueue
    queue.o(i.xQueueReceiveFromISR) refers to tasks.o(i.xTaskRemoveFromEventList) for xTaskRemoveFromEventList
    queue.o(i.xQueueTakeMutexRecursive) refers to tasks.o(i.xTaskGetCurrentTaskHandle) for xTaskGetCurrentTaskHandle
    queue.o(i.xQueueTakeMutexRecursive) refers to queue.o(i.xQueueGenericReceive) for xQueueGenericReceive
    port.o(.emb_text) refers to tasks.o(.data) for pxCurrentTCB
    port.o(.emb_text) refers to tasks.o(i.vTaskSwitchContext) for vTaskSwitchContext
    port.o(i.prvSetupTimerInterrupt) refers to uidiv.o(.text) for __aeabi_uidivmod
    port.o(i.prvSetupTimerInterrupt) refers to system_stm32l0xx.o(.data) for SystemCoreClock
    port.o(i.prvTaskExitError) refers to port.o(.data) for uxCriticalNesting
    port.o(i.pxPortInitialiseStack) refers to port.o(i.prvTaskExitError) for prvTaskExitError
    port.o(i.vPortEnterCritical) refers to port.o(.data) for uxCriticalNesting
    port.o(i.vPortExitCritical) refers to port.o(.data) for uxCriticalNesting
    port.o(i.xPortStartScheduler) refers to port.o(i.prvSetupTimerInterrupt) for prvSetupTimerInterrupt
    port.o(i.xPortStartScheduler) refers to port.o(.emb_text) for __asm___6_port_c_39a90d8d__prvPortStartFirstTask
    port.o(i.xPortStartScheduler) refers to port.o(.data) for uxCriticalNesting
    port.o(i.xPortSysTickHandler) refers to port.o(.emb_text) for ulSetInterruptMaskFromISR
    port.o(i.xPortSysTickHandler) refers to tasks.o(i.xTaskIncrementTick) for xTaskIncrementTick
    entry.o(.ARM.Collect$$$$00000000) refers (Special) to entry10a.o(.ARM.Collect$$$$0000000D) for __rt_final_cpp
    entry.o(.ARM.Collect$$$$00000000) refers (Special) to entry11a.o(.ARM.Collect$$$$0000000F) for __rt_final_exit
    entry.o(.ARM.Collect$$$$00000000) refers (Special) to entry7b.o(.ARM.Collect$$$$00000008) for _main_clock
    entry.o(.ARM.Collect$$$$00000000) refers (Special) to entry8b.o(.ARM.Collect$$$$0000000A) for _main_cpp_init
    entry.o(.ARM.Collect$$$$00000000) refers (Special) to entry9a.o(.ARM.Collect$$$$0000000B) for _main_init
    entry.o(.ARM.Collect$$$$00000000) refers (Special) to entry5.o(.ARM.Collect$$$$00000004) for _main_scatterload
    entry.o(.ARM.Collect$$$$00000000) refers (Special) to entry2.o(.ARM.Collect$$$$00000001) for _main_stk
    entry2.o(.ARM.Collect$$$$00000001) refers to entry2.o(.ARM.Collect$$$$00002712) for __lit__00000000
    entry2.o(.ARM.Collect$$$$00002712) refers to startup_stm32l053xx.o(STACK) for __initial_sp
    entry2.o(__vectab_stack_and_reset_area) refers to startup_stm32l053xx.o(STACK) for __initial_sp
    entry2.o(__vectab_stack_and_reset_area) refers to entry.o(.ARM.Collect$$$$00000000) for __main
    entry5.o(.ARM.Collect$$$$00000004) refers to init.o(.text) for __scatterload
    entry9a.o(.ARM.Collect$$$$0000000B) refers to main_1.o(i.main) for main
    entry9b.o(.ARM.Collect$$$$0000000C) refers to main_1.o(i.main) for main
    init.o(.text) refers to entry5.o(.ARM.Collect$$$$00000004) for __main_after_scatterload


==============================================================================

Removing Unused input sections from the image.

    Removing main_1.o(.rev16_text), (4 bytes).
    Removing main_1.o(.revsh_text), (4 bytes).
    Removing main_1.o(i.StartDefaultTask), (10 bytes).
    Removing stm32l0xx_hal_msp_1.o(.rev16_text), (4 bytes).
    Removing stm32l0xx_hal_msp_1.o(.revsh_text), (4 bytes).
    Removing stm32l0xx_hal_msp_1.o(i.HAL_UART_MspDeInit), (48 bytes).
    Removing stm32l0xx_it_1.o(.rev16_text), (4 bytes).
    Removing stm32l0xx_it_1.o(.revsh_text), (4 bytes).
    Removing uart.o(.rev16_text), (4 bytes).
    Removing uart.o(.revsh_text), (4 bytes).
    Removing stm32l0xx_hal_dma.o(.rev16_text), (4 bytes).
    Removing stm32l0xx_hal_dma.o(.revsh_text), (4 bytes).
    Removing stm32l0xx_hal_dma.o(i.DMA_SetConfig), (32 bytes).
    Removing stm32l0xx_hal_dma.o(i.HAL_DMA_Abort), (100 bytes).
    Removing stm32l0xx_hal_dma.o(i.HAL_DMA_DeInit), (668 bytes).
    Removing stm32l0xx_hal_dma.o(i.HAL_DMA_GetError), (6 bytes).
    Removing stm32l0xx_hal_dma.o(i.HAL_DMA_GetState), (8 bytes).
    Removing stm32l0xx_hal_dma.o(i.HAL_DMA_IRQHandler), (796 bytes).
    Removing stm32l0xx_hal_dma.o(i.HAL_DMA_Init), (384 bytes).
    Removing stm32l0xx_hal_dma.o(i.HAL_DMA_PollForTransfer), (748 bytes).
    Removing stm32l0xx_hal_dma.o(i.HAL_DMA_Start), (78 bytes).
    Removing stm32l0xx_hal_dma.o(i.HAL_DMA_Start_IT), (114 bytes).
    Removing stm32l0xx_hal_flash.o(.rev16_text), (4 bytes).
    Removing stm32l0xx_hal_flash.o(.revsh_text), (4 bytes).
    Removing stm32l0xx_hal_flash.o(i.FLASH_Erase_Page), (36 bytes).
    Removing stm32l0xx_hal_flash.o(i.FLASH_Program_Word), (20 bytes).
    Removing stm32l0xx_hal_flash.o(i.FLASH_SetErrorCode), (148 bytes).
    Removing stm32l0xx_hal_flash.o(i.FLASH_WaitForLastOperation), (152 bytes).
    Removing stm32l0xx_hal_flash.o(i.HAL_FLASH_EndOfOperationCallback), (2 bytes).
    Removing stm32l0xx_hal_flash.o(i.HAL_FLASH_GetError), (12 bytes).
    Removing stm32l0xx_hal_flash.o(i.HAL_FLASH_IRQHandler), (384 bytes).
    Removing stm32l0xx_hal_flash.o(i.HAL_FLASH_Lock), (20 bytes).
    Removing stm32l0xx_hal_flash.o(i.HAL_FLASH_OB_Launch), (32 bytes).
    Removing stm32l0xx_hal_flash.o(i.HAL_FLASH_OB_Lock), (20 bytes).
    Removing stm32l0xx_hal_flash.o(i.HAL_FLASH_OB_Unlock), (76 bytes).
    Removing stm32l0xx_hal_flash.o(i.HAL_FLASH_OperationErrorCallback), (2 bytes).
    Removing stm32l0xx_hal_flash.o(i.HAL_FLASH_Program), (104 bytes).
    Removing stm32l0xx_hal_flash.o(i.HAL_FLASH_Program_IT), (112 bytes).
    Removing stm32l0xx_hal_flash.o(i.HAL_FLASH_Unlock), (76 bytes).
    Removing stm32l0xx_hal_flash.o(.bss), (20 bytes).
    Removing stm32l0xx_hal_i2c.o(.rev16_text), (4 bytes).
    Removing stm32l0xx_hal_i2c.o(.revsh_text), (4 bytes).
    Removing stm32l0xx_hal_i2c.o(i.HAL_I2C_DeInit), (58 bytes).
    Removing stm32l0xx_hal_i2c.o(i.HAL_I2C_ER_IRQHandler), (176 bytes).
    Removing stm32l0xx_hal_i2c.o(i.HAL_I2C_EV_IRQHandler), (474 bytes).
    Removing stm32l0xx_hal_i2c.o(i.HAL_I2C_ErrorCallback), (2 bytes).
    Removing stm32l0xx_hal_i2c.o(i.HAL_I2C_GetError), (8 bytes).
    Removing stm32l0xx_hal_i2c.o(i.HAL_I2C_GetState), (8 bytes).
    Removing stm32l0xx_hal_i2c.o(i.HAL_I2C_Init), (192 bytes).
    Removing stm32l0xx_hal_i2c.o(i.HAL_I2C_IsDeviceReady), (390 bytes).
    Removing stm32l0xx_hal_i2c.o(i.HAL_I2C_MasterRxCpltCallback), (2 bytes).
    Removing stm32l0xx_hal_i2c.o(i.HAL_I2C_MasterTxCpltCallback), (2 bytes).
    Removing stm32l0xx_hal_i2c.o(i.HAL_I2C_Master_Receive), (332 bytes).
    Removing stm32l0xx_hal_i2c.o(i.HAL_I2C_Master_Receive_DMA), (248 bytes).
    Removing stm32l0xx_hal_i2c.o(i.HAL_I2C_Master_Receive_IT), (190 bytes).
    Removing stm32l0xx_hal_i2c.o(i.HAL_I2C_Master_Transmit), (348 bytes).
    Removing stm32l0xx_hal_i2c.o(i.HAL_I2C_Master_Transmit_DMA), (272 bytes).
    Removing stm32l0xx_hal_i2c.o(i.HAL_I2C_Master_Transmit_IT), (190 bytes).
    Removing stm32l0xx_hal_i2c.o(i.HAL_I2C_MemRxCpltCallback), (2 bytes).
    Removing stm32l0xx_hal_i2c.o(i.HAL_I2C_MemTxCpltCallback), (2 bytes).
    Removing stm32l0xx_hal_i2c.o(i.HAL_I2C_Mem_Read), (396 bytes).
    Removing stm32l0xx_hal_i2c.o(i.HAL_I2C_Mem_Read_DMA), (304 bytes).
    Removing stm32l0xx_hal_i2c.o(i.HAL_I2C_Mem_Read_IT), (244 bytes).
    Removing stm32l0xx_hal_i2c.o(i.HAL_I2C_Mem_Write), (400 bytes).
    Removing stm32l0xx_hal_i2c.o(i.HAL_I2C_Mem_Write_DMA), (316 bytes).
    Removing stm32l0xx_hal_i2c.o(i.HAL_I2C_Mem_Write_IT), (248 bytes).
    Removing stm32l0xx_hal_i2c.o(i.HAL_I2C_MspDeInit), (2 bytes).
    Removing stm32l0xx_hal_i2c.o(i.HAL_I2C_MspInit), (2 bytes).
    Removing stm32l0xx_hal_i2c.o(i.HAL_I2C_SlaveRxCpltCallback), (2 bytes).
    Removing stm32l0xx_hal_i2c.o(i.HAL_I2C_SlaveTxCpltCallback), (2 bytes).
    Removing stm32l0xx_hal_i2c.o(i.HAL_I2C_Slave_Receive), (334 bytes).
    Removing stm32l0xx_hal_i2c.o(i.HAL_I2C_Slave_Receive_DMA), (228 bytes).
    Removing stm32l0xx_hal_i2c.o(i.HAL_I2C_Slave_Receive_IT), (108 bytes).
    Removing stm32l0xx_hal_i2c.o(i.HAL_I2C_Slave_Transmit), (386 bytes).
    Removing stm32l0xx_hal_i2c.o(i.HAL_I2C_Slave_Transmit_DMA), (280 bytes).
    Removing stm32l0xx_hal_i2c.o(i.HAL_I2C_Slave_Transmit_IT), (108 bytes).
    Removing stm32l0xx_hal_i2c.o(i.I2C_DMAError), (50 bytes).
    Removing stm32l0xx_hal_i2c.o(i.I2C_DMAMasterReceiveCplt), (516 bytes).
    Removing stm32l0xx_hal_i2c.o(i.I2C_DMAMasterTransmitCplt), (492 bytes).
    Removing stm32l0xx_hal_i2c.o(i.I2C_DMAMemReceiveCplt), (516 bytes).
    Removing stm32l0xx_hal_i2c.o(i.I2C_DMAMemTransmitCplt), (492 bytes).
    Removing stm32l0xx_hal_i2c.o(i.I2C_DMASlaveReceiveCplt), (148 bytes).
    Removing stm32l0xx_hal_i2c.o(i.I2C_DMASlaveTransmitCplt), (128 bytes).
    Removing stm32l0xx_hal_i2c.o(i.I2C_IsAcknowledgeFailed), (192 bytes).
    Removing stm32l0xx_hal_i2c.o(i.I2C_MasterReceive_ISR), (400 bytes).
    Removing stm32l0xx_hal_i2c.o(i.I2C_MasterTransmit_ISR), (400 bytes).
    Removing stm32l0xx_hal_i2c.o(i.I2C_RequestMemoryRead), (142 bytes).
    Removing stm32l0xx_hal_i2c.o(i.I2C_RequestMemoryWrite), (142 bytes).
    Removing stm32l0xx_hal_i2c.o(i.I2C_SlaveReceive_ISR), (222 bytes).
    Removing stm32l0xx_hal_i2c.o(i.I2C_SlaveTransmit_ISR), (242 bytes).
    Removing stm32l0xx_hal_i2c.o(i.I2C_TransferConfig), (48 bytes).
    Removing stm32l0xx_hal_i2c.o(i.I2C_WaitOnFlagUntilTimeout), (170 bytes).
    Removing stm32l0xx_hal_i2c.o(i.I2C_WaitOnRXNEFlagUntilTimeout), (144 bytes).
    Removing stm32l0xx_hal_i2c.o(i.I2C_WaitOnSTOPFlagUntilTimeout), (96 bytes).
    Removing stm32l0xx_hal_i2c.o(i.I2C_WaitOnTXISFlagUntilTimeout), (100 bytes).
    Removing stm32l0xx_hal_i2c_ex.o(.rev16_text), (4 bytes).
    Removing stm32l0xx_hal_i2c_ex.o(.revsh_text), (4 bytes).
    Removing stm32l0xx_hal_i2c_ex.o(i.HAL_I2CEx_AnalogFilter_Config), (142 bytes).
    Removing stm32l0xx_hal_i2c_ex.o(i.HAL_I2CEx_DigitalFilter_Config), (146 bytes).
    Removing stm32l0xx_hal_i2c_ex.o(i.HAL_I2CEx_DisableWakeUp), (132 bytes).
    Removing stm32l0xx_hal_i2c_ex.o(i.HAL_I2CEx_EnableWakeUp), (132 bytes).
    Removing stm32l0xx_hal_pwr.o(.rev16_text), (4 bytes).
    Removing stm32l0xx_hal_pwr.o(.revsh_text), (4 bytes).
    Removing stm32l0xx_hal_pwr.o(i.HAL_PWR_DeInit), (32 bytes).
    Removing stm32l0xx_hal_pwr.o(i.HAL_PWR_DisableBkUpAccess), (20 bytes).
    Removing stm32l0xx_hal_pwr.o(i.HAL_PWR_DisablePVD), (20 bytes).
    Removing stm32l0xx_hal_pwr.o(i.HAL_PWR_DisableWakeUpPin), (16 bytes).
    Removing stm32l0xx_hal_pwr.o(i.HAL_PWR_EnableBkUpAccess), (20 bytes).
    Removing stm32l0xx_hal_pwr.o(i.HAL_PWR_EnablePVD), (20 bytes).
    Removing stm32l0xx_hal_pwr.o(i.HAL_PWR_EnableWakeUpPin), (16 bytes).
    Removing stm32l0xx_hal_pwr.o(i.HAL_PWR_EnterSLEEPMode), (60 bytes).
    Removing stm32l0xx_hal_pwr.o(i.HAL_PWR_EnterSTANDBYMode), (40 bytes).
    Removing stm32l0xx_hal_pwr.o(i.HAL_PWR_EnterSTOPMode), (72 bytes).
    Removing stm32l0xx_hal_pwr.o(i.HAL_PWR_PVDCallback), (2 bytes).
    Removing stm32l0xx_hal_pwr.o(i.HAL_PWR_PVDConfig), (144 bytes).
    Removing stm32l0xx_hal_pwr.o(i.HAL_PWR_PVD_IRQHandler), (36 bytes).
    Removing stm32l0xx_hal_flash_ramfunc.o(.rev16_text), (4 bytes).
    Removing stm32l0xx_hal_flash_ramfunc.o(.revsh_text), (4 bytes).
    Removing stm32l0xx_hal_flash_ramfunc.o(i.FLASH_Program_HalfPage), (60 bytes).
    Removing stm32l0xx_hal_flash_ramfunc.o(i.HAL_FLASHEx_DisableRunPowerDown), (44 bytes).
    Removing stm32l0xx_hal_flash_ramfunc.o(i.HAL_FLASHEx_EnableRunPowerDown), (44 bytes).
    Removing stm32l0xx_hal_flash_ramfunc.o(i.HAL_FLASHEx_HalfPageProgram), (80 bytes).
    Removing stm32l0xx_hal_uart.o(.rev16_text), (4 bytes).
    Removing stm32l0xx_hal_uart.o(.revsh_text), (4 bytes).
    Removing stm32l0xx_hal_uart.o(i.HAL_HalfDuplex_EnableReceiver), (74 bytes).
    Removing stm32l0xx_hal_uart.o(i.HAL_HalfDuplex_EnableTransmitter), (74 bytes).
    Removing stm32l0xx_hal_uart.o(i.HAL_HalfDuplex_Init), (114 bytes).
    Removing stm32l0xx_hal_uart.o(i.HAL_LIN_Init), (146 bytes).
    Removing stm32l0xx_hal_uart.o(i.HAL_LIN_SendBreak), (60 bytes).
    Removing stm32l0xx_hal_uart.o(i.HAL_MultiProcessor_DisableMuteMode), (58 bytes).
    Removing stm32l0xx_hal_uart.o(i.HAL_MultiProcessor_EnableMuteMode), (58 bytes).
    Removing stm32l0xx_hal_uart.o(i.HAL_MultiProcessor_EnterMuteMode), (14 bytes).
    Removing stm32l0xx_hal_uart.o(i.HAL_MultiProcessor_Init), (152 bytes).
    Removing stm32l0xx_hal_uart.o(i.HAL_UART_DMAPause), (114 bytes).
    Removing stm32l0xx_hal_uart.o(i.HAL_UART_DMAResume), (126 bytes).
    Removing stm32l0xx_hal_uart.o(i.HAL_UART_DMAStop), (62 bytes).
    Removing stm32l0xx_hal_uart.o(i.HAL_UART_DeInit), (72 bytes).
    Removing stm32l0xx_hal_uart.o(i.HAL_UART_ErrorCallback), (2 bytes).
    Removing stm32l0xx_hal_uart.o(i.HAL_UART_GetError), (8 bytes).
    Removing stm32l0xx_hal_uart.o(i.HAL_UART_GetState), (8 bytes).
    Removing stm32l0xx_hal_uart.o(i.HAL_UART_IRQHandler), (328 bytes).
    Removing stm32l0xx_hal_uart.o(i.HAL_UART_MspDeInit), (2 bytes).
    Removing stm32l0xx_hal_uart.o(i.HAL_UART_MspInit), (2 bytes).
    Removing stm32l0xx_hal_uart.o(i.HAL_UART_Receive_DMA), (172 bytes).
    Removing stm32l0xx_hal_uart.o(i.HAL_UART_Receive_IT), (244 bytes).
    Removing stm32l0xx_hal_uart.o(i.HAL_UART_RxCpltCallback), (2 bytes).
    Removing stm32l0xx_hal_uart.o(i.HAL_UART_RxHalfCpltCallback), (2 bytes).
    Removing stm32l0xx_hal_uart.o(i.HAL_UART_Transmit_DMA), (176 bytes).
    Removing stm32l0xx_hal_uart.o(i.HAL_UART_Transmit_IT), (148 bytes).
    Removing stm32l0xx_hal_uart.o(i.HAL_UART_TxCpltCallback), (2 bytes).
    Removing stm32l0xx_hal_uart.o(i.HAL_UART_TxHalfCpltCallback), (2 bytes).
    Removing stm32l0xx_hal_uart.o(i.UART_DMAError), (42 bytes).
    Removing stm32l0xx_hal_uart.o(i.UART_DMAReceiveCplt), (66 bytes).
    Removing stm32l0xx_hal_uart.o(i.UART_DMARxHalfCplt), (14 bytes).
    Removing stm32l0xx_hal_uart.o(i.UART_DMATransmitCplt), (108 bytes).
    Removing stm32l0xx_hal_uart.o(i.UART_DMATxHalfCplt), (14 bytes).
    Removing stm32l0xx_hal_uart.o(i.UART_Receive_IT), (180 bytes).
    Removing stm32l0xx_hal_uart.o(i.UART_Transmit_IT), (192 bytes).
    Removing stm32l0xx_hal_uart_ex.o(.rev16_text), (4 bytes).
    Removing stm32l0xx_hal_uart_ex.o(.revsh_text), (4 bytes).
    Removing stm32l0xx_hal_uart_ex.o(i.HAL_MultiProcessorEx_AddressLength_Set), (66 bytes).
    Removing stm32l0xx_hal_uart_ex.o(i.HAL_RS485Ex_Init), (148 bytes).
    Removing stm32l0xx_hal_uart_ex.o(i.HAL_UARTEx_DisableClockStopMode), (62 bytes).
    Removing stm32l0xx_hal_uart_ex.o(i.HAL_UARTEx_DisableStopMode), (60 bytes).
    Removing stm32l0xx_hal_uart_ex.o(i.HAL_UARTEx_EnableClockStopMode), (62 bytes).
    Removing stm32l0xx_hal_uart_ex.o(i.HAL_UARTEx_EnableStopMode), (60 bytes).
    Removing stm32l0xx_hal_uart_ex.o(i.HAL_UARTEx_StopModeWakeUpSourceConfig), (138 bytes).
    Removing stm32l0xx_hal_uart_ex.o(i.HAL_UARTEx_WakeupCallback), (2 bytes).
    Removing stm32l0xx_hal_uart_ex.o(i.UART_Wakeup_AddressConfig), (54 bytes).
    Removing stm32l0xx_hal_cortex.o(.rev16_text), (4 bytes).
    Removing stm32l0xx_hal_cortex.o(.revsh_text), (4 bytes).
    Removing stm32l0xx_hal_cortex.o(i.HAL_NVIC_ClearPendingIRQ), (24 bytes).
    Removing stm32l0xx_hal_cortex.o(i.HAL_NVIC_DisableIRQ), (24 bytes).
    Removing stm32l0xx_hal_cortex.o(i.HAL_NVIC_GetPendingIRQ), (40 bytes).
    Removing stm32l0xx_hal_cortex.o(i.HAL_NVIC_SetPendingIRQ), (24 bytes).
    Removing stm32l0xx_hal_cortex.o(i.HAL_NVIC_SystemReset), (32 bytes).
    Removing stm32l0xx_hal_cortex.o(i.HAL_SYSTICK_Callback), (2 bytes).
    Removing stm32l0xx_hal_cortex.o(i.HAL_SYSTICK_IRQHandler), (8 bytes).
    Removing stm32l0xx_hal.o(.rev16_text), (4 bytes).
    Removing stm32l0xx_hal.o(.revsh_text), (4 bytes).
    Removing stm32l0xx_hal.o(i.HAL_ADC_EnableBufferSensor_Cmd), (44 bytes).
    Removing stm32l0xx_hal.o(i.HAL_ADC_EnableBuffer_Cmd), (40 bytes).
    Removing stm32l0xx_hal.o(i.HAL_COMP_EnableBuffer_Cmd), (44 bytes).
    Removing stm32l0xx_hal.o(i.HAL_DBG_LowPowerConfig), (32 bytes).
    Removing stm32l0xx_hal.o(i.HAL_DeInit), (52 bytes).
    Removing stm32l0xx_hal.o(i.HAL_Delay), (26 bytes).
    Removing stm32l0xx_hal.o(i.HAL_DisableDBGSleepMode), (20 bytes).
    Removing stm32l0xx_hal.o(i.HAL_DisableDBGStandbyMode), (20 bytes).
    Removing stm32l0xx_hal.o(i.HAL_DisableDBGStopMode), (20 bytes).
    Removing stm32l0xx_hal.o(i.HAL_EnableDBGSleepMode), (20 bytes).
    Removing stm32l0xx_hal.o(i.HAL_EnableDBGStandbyMode), (20 bytes).
    Removing stm32l0xx_hal.o(i.HAL_EnableDBGStopMode), (20 bytes).
    Removing stm32l0xx_hal.o(i.HAL_GetBootMode), (16 bytes).
    Removing stm32l0xx_hal.o(i.HAL_GetDEVID), (16 bytes).
    Removing stm32l0xx_hal.o(i.HAL_GetHalVersion), (8 bytes).
    Removing stm32l0xx_hal.o(i.HAL_GetREVID), (12 bytes).
    Removing stm32l0xx_hal.o(i.HAL_I2CFastModePlusConfig), (32 bytes).
    Removing stm32l0xx_hal.o(i.HAL_Lock_Cmd), (40 bytes).
    Removing stm32l0xx_hal.o(i.HAL_MspDeInit), (2 bytes).
    Removing stm32l0xx_hal.o(i.HAL_MspInit), (2 bytes).
    Removing stm32l0xx_hal.o(i.HAL_RC48_EnableBuffer_Cmd), (44 bytes).
    Removing stm32l0xx_hal.o(i.HAL_ResumeTick), (20 bytes).
    Removing stm32l0xx_hal.o(i.HAL_SuspendTick), (20 bytes).
    Removing stm32l0xx_hal.o(i.HAL_VREFINT_Cmd), (36 bytes).
    Removing stm32l0xx_hal.o(i.HAL_VREFINT_OutputSelect), (28 bytes).
    Removing stm32l0xx_hal_rcc.o(.rev16_text), (4 bytes).
    Removing stm32l0xx_hal_rcc.o(.revsh_text), (4 bytes).
    Removing stm32l0xx_hal_rcc.o(i.HAL_RCC_CCSCallback), (2 bytes).
    Removing stm32l0xx_hal_rcc.o(i.HAL_RCC_DeInit), (60 bytes).
    Removing stm32l0xx_hal_rcc.o(i.HAL_RCC_EnableCSS), (20 bytes).
    Removing stm32l0xx_hal_rcc.o(i.HAL_RCC_GetClockConfig), (68 bytes).
    Removing stm32l0xx_hal_rcc.o(i.HAL_RCC_GetOscConfig), (296 bytes).
    Removing stm32l0xx_hal_rcc.o(i.HAL_RCC_MCOConfig), (92 bytes).
    Removing stm32l0xx_hal_rcc.o(i.HAL_RCC_NMI_IRQHandler), (36 bytes).
    Removing stm32l0xx_hal_flash_ex.o(.rev16_text), (4 bytes).
    Removing stm32l0xx_hal_flash_ex.o(.revsh_text), (4 bytes).
    Removing stm32l0xx_hal_flash_ex.o(i.FLASH_DATAEEPROM_FastProgramByte), (56 bytes).
    Removing stm32l0xx_hal_flash_ex.o(i.FLASH_DATAEEPROM_FastProgramHalfWord), (56 bytes).
    Removing stm32l0xx_hal_flash_ex.o(i.FLASH_DATAEEPROM_FastProgramWord), (56 bytes).
    Removing stm32l0xx_hal_flash_ex.o(i.FLASH_DATAEEPROM_ProgramByte), (56 bytes).
    Removing stm32l0xx_hal_flash_ex.o(i.FLASH_DATAEEPROM_ProgramHalfWord), (56 bytes).
    Removing stm32l0xx_hal_flash_ex.o(i.FLASH_DATAEEPROM_ProgramWord), (56 bytes).
    Removing stm32l0xx_hal_flash_ex.o(i.FLASH_OB_BOR_LevelConfig), (76 bytes).
    Removing stm32l0xx_hal_flash_ex.o(i.FLASH_OB_BootConfig), (76 bytes).
    Removing stm32l0xx_hal_flash_ex.o(i.FLASH_OB_GetBOR), (20 bytes).
    Removing stm32l0xx_hal_flash_ex.o(i.FLASH_OB_GetRDP), (24 bytes).
    Removing stm32l0xx_hal_flash_ex.o(i.FLASH_OB_GetUser), (16 bytes).
    Removing stm32l0xx_hal_flash_ex.o(i.FLASH_OB_GetWRP), (12 bytes).
    Removing stm32l0xx_hal_flash_ex.o(i.FLASH_OB_PCROPConfig), (96 bytes).
    Removing stm32l0xx_hal_flash_ex.o(i.FLASH_OB_PCROPSelectionConfig), (76 bytes).
    Removing stm32l0xx_hal_flash_ex.o(i.FLASH_OB_RDP_LevelConfig), (68 bytes).
    Removing stm32l0xx_hal_flash_ex.o(i.FLASH_OB_UserConfig), (100 bytes).
    Removing stm32l0xx_hal_flash_ex.o(i.FLASH_OB_WRPConfig), (96 bytes).
    Removing stm32l0xx_hal_flash_ex.o(i.HAL_FLASHEx_AdvOBGetConfig), (40 bytes).
    Removing stm32l0xx_hal_flash_ex.o(i.HAL_FLASHEx_AdvOBProgram), (82 bytes).
    Removing stm32l0xx_hal_flash_ex.o(i.HAL_FLASHEx_DATAEEPROM_Erase), (26 bytes).
    Removing stm32l0xx_hal_flash_ex.o(i.HAL_FLASHEx_DATAEEPROM_Lock), (20 bytes).
    Removing stm32l0xx_hal_flash_ex.o(i.HAL_FLASHEx_DATAEEPROM_Program), (196 bytes).
    Removing stm32l0xx_hal_flash_ex.o(i.HAL_FLASHEx_DATAEEPROM_Unlock), (44 bytes).
    Removing stm32l0xx_hal_flash_ex.o(i.HAL_FLASHEx_Erase), (140 bytes).
    Removing stm32l0xx_hal_flash_ex.o(i.HAL_FLASHEx_Erase_IT), (104 bytes).
    Removing stm32l0xx_hal_flash_ex.o(i.HAL_FLASHEx_OBGetConfig), (34 bytes).
    Removing stm32l0xx_hal_flash_ex.o(i.HAL_FLASHEx_OBProgram), (160 bytes).
    Removing stm32l0xx_hal_flash_ex.o(i.HAL_FLASHEx_OB_DeSelectPCROP), (68 bytes).
    Removing stm32l0xx_hal_flash_ex.o(i.HAL_FLASHEx_OB_SelectPCROP), (76 bytes).
    Removing stm32l0xx_hal_gpio.o(.rev16_text), (4 bytes).
    Removing stm32l0xx_hal_gpio.o(.revsh_text), (4 bytes).
    Removing stm32l0xx_hal_gpio.o(i.HAL_GPIO_DeInit), (192 bytes).
    Removing stm32l0xx_hal_gpio.o(i.HAL_GPIO_EXTI_Callback), (2 bytes).
    Removing stm32l0xx_hal_gpio.o(i.HAL_GPIO_LockPin), (50 bytes).
    Removing stm32l0xx_hal_gpio.o(i.HAL_GPIO_ReadPin), (18 bytes).
    Removing stm32l0xx_hal_gpio.o(i.HAL_GPIO_WritePin), (12 bytes).
    Removing stm32l0xx_hal_pwr_ex.o(.rev16_text), (4 bytes).
    Removing stm32l0xx_hal_pwr_ex.o(.revsh_text), (4 bytes).
    Removing stm32l0xx_hal_pwr_ex.o(i.HAL_PWREx_DisableFastWakeUp), (20 bytes).
    Removing stm32l0xx_hal_pwr_ex.o(i.HAL_PWREx_DisableLowPowerRunMode), (32 bytes).
    Removing stm32l0xx_hal_pwr_ex.o(i.HAL_PWREx_DisableUltraLowPower), (20 bytes).
    Removing stm32l0xx_hal_pwr_ex.o(i.HAL_PWREx_EnableFastWakeUp), (20 bytes).
    Removing stm32l0xx_hal_pwr_ex.o(i.HAL_PWREx_EnableLowPowerRunMode), (32 bytes).
    Removing stm32l0xx_hal_pwr_ex.o(i.HAL_PWREx_EnableUltraLowPower), (20 bytes).
    Removing stm32l0xx_hal_rcc_ex.o(.rev16_text), (4 bytes).
    Removing stm32l0xx_hal_rcc_ex.o(.revsh_text), (4 bytes).
    Removing stm32l0xx_hal_rcc_ex.o(i.HAL_RCCEx_CRSConfig), (176 bytes).
    Removing stm32l0xx_hal_rcc_ex.o(i.HAL_RCCEx_CRSGetSynchronizationInfo), (48 bytes).
    Removing stm32l0xx_hal_rcc_ex.o(i.HAL_RCCEx_CRSSoftwareSynchronizationGenerate), (20 bytes).
    Removing stm32l0xx_hal_rcc_ex.o(i.HAL_RCCEx_CRSWaitSynchronization), (200 bytes).
    Removing stm32l0xx_hal_rcc_ex.o(i.HAL_RCCEx_DisableLSECSS), (20 bytes).
    Removing stm32l0xx_hal_rcc_ex.o(i.HAL_RCCEx_EnableLSECSS), (20 bytes).
    Removing stm32l0xx_hal_rcc_ex.o(i.HAL_RCCEx_GetPeriphCLKConfig), (84 bytes).
    Removing startup_stm32l053xx.o(HEAP), (512 bytes).
    Removing system_stm32l0xx.o(.rev16_text), (4 bytes).
    Removing system_stm32l0xx.o(.revsh_text), (4 bytes).
    Removing system_stm32l0xx.o(i.SystemCoreClockUpdate), (256 bytes).
    Removing heap_4.o(i.vPortInitialiseBlocks), (2 bytes).
    Removing heap_4.o(i.xPortGetFreeHeapSize), (12 bytes).
    Removing cmsis_os.o(i.inHandlerMode), (18 bytes).
    Removing cmsis_os.o(i.osDelayUntil), (6 bytes).
    Removing cmsis_os.o(i.osKernelRunning), (16 bytes).
    Removing cmsis_os.o(i.osKernelSysTick), (22 bytes).
    Removing cmsis_os.o(i.osMailAlloc), (24 bytes).
    Removing cmsis_os.o(i.osMailCAlloc), (38 bytes).
    Removing cmsis_os.o(i.osMailCreate), (126 bytes).
    Removing cmsis_os.o(i.osMailFree), (26 bytes).
    Removing cmsis_os.o(i.osMailGet), (160 bytes).
    Removing cmsis_os.o(i.osMailPut), (92 bytes).
    Removing cmsis_os.o(i.osMessageCreate), (18 bytes).
    Removing cmsis_os.o(i.osMessageGet), (160 bytes).
    Removing cmsis_os.o(i.osMessagePeek), (98 bytes).
    Removing cmsis_os.o(i.osMessagePut), (96 bytes).
    Removing cmsis_os.o(i.osMutexCreate), (12 bytes).
    Removing cmsis_os.o(i.osMutexDelete), (14 bytes).
    Removing cmsis_os.o(i.osMutexRelease), (40 bytes).
    Removing cmsis_os.o(i.osMutexWait), (74 bytes).
    Removing cmsis_os.o(i.osPoolAlloc), (108 bytes).
    Removing cmsis_os.o(i.osPoolCAlloc), (28 bytes).
    Removing cmsis_os.o(i.osPoolCreate), (114 bytes).
    Removing cmsis_os.o(i.osPoolFree), (82 bytes).
    Removing cmsis_os.o(i.osRecursiveMutexCreate), (12 bytes).
    Removing cmsis_os.o(i.osRecursiveMutexRelease), (22 bytes).
    Removing cmsis_os.o(i.osRecursiveMutexWait), (58 bytes).
    Removing cmsis_os.o(i.osSemaphoreCreate), (52 bytes).
    Removing cmsis_os.o(i.osSemaphoreDelete), (14 bytes).
    Removing cmsis_os.o(i.osSemaphoreRelease), (80 bytes).
    Removing cmsis_os.o(i.osSemaphoreWait), (74 bytes).
    Removing cmsis_os.o(i.osThreadGetId), (8 bytes).
    Removing cmsis_os.o(i.osThreadGetPriority), (6 bytes).
    Removing cmsis_os.o(i.osThreadIsSuspended), (22 bytes).
    Removing cmsis_os.o(i.osThreadList), (6 bytes).
    Removing cmsis_os.o(i.osThreadResume), (30 bytes).
    Removing cmsis_os.o(i.osThreadResumeAll), (10 bytes).
    Removing cmsis_os.o(i.osThreadSetPriority), (26 bytes).
    Removing cmsis_os.o(i.osThreadSuspend), (14 bytes).
    Removing cmsis_os.o(i.osThreadSuspendAll), (10 bytes).
    Removing cmsis_os.o(i.osThreadTerminate), (14 bytes).
    Removing cmsis_os.o(i.osThreadYield), (10 bytes).
    Removing cmsis_os.o(i.osTimerCreate), (6 bytes).
    Removing cmsis_os.o(i.osTimerStart), (8 bytes).
    Removing cmsis_os.o(i.osTimerStop), (8 bytes).
    Removing croutine.o(i.prvCheckDelayedList), (212 bytes).
    Removing croutine.o(i.prvCheckPendingReadyList), (96 bytes).
    Removing croutine.o(i.prvInitialiseCoRoutineLists), (80 bytes).
    Removing croutine.o(i.vCoRoutineAddToDelayedList), (100 bytes).
    Removing croutine.o(i.vCoRoutineSchedule), (136 bytes).
    Removing croutine.o(i.xCoRoutineCreate), (132 bytes).
    Removing croutine.o(i.xCoRoutineRemoveFromEventList), (56 bytes).
    Removing croutine.o(.bss), (100 bytes).
    Removing croutine.o(.data), (28 bytes).
    Removing tasks.o(i.prvListTaskWithinSingleList), (156 bytes).
    Removing tasks.o(i.prvTaskCheckFreeStackSpace), (22 bytes).
    Removing tasks.o(i.uxTaskGetNumberOfTasks), (12 bytes).
    Removing tasks.o(i.uxTaskGetSystemState), (152 bytes).
    Removing tasks.o(i.uxTaskGetTaskNumber), (16 bytes).
    Removing tasks.o(i.uxTaskPriorityGet), (36 bytes).
    Removing tasks.o(i.vTaskDelete), (116 bytes).
    Removing tasks.o(i.vTaskEndScheduler), (20 bytes).
    Removing tasks.o(i.vTaskPrioritySet), (216 bytes).
    Removing tasks.o(i.vTaskResume), (116 bytes).
    Removing tasks.o(i.vTaskSetTaskNumber), (10 bytes).
    Removing tasks.o(i.vTaskSuspend), (120 bytes).
    Removing tasks.o(i.xTaskGetTickCount), (24 bytes).
    Removing tasks.o(i.xTaskGetTickCountFromISR), (28 bytes).
    Removing tasks.o(i.xTaskIsTaskSuspended), (84 bytes).
    Removing tasks.o(i.xTaskResumeFromISR), (136 bytes).
    Removing queue.o(i.prvIsQueueFull), (30 bytes).
    Removing queue.o(i.ucQueueGetQueueNumber), (8 bytes).
    Removing queue.o(i.ucQueueGetQueueType), (8 bytes).
    Removing queue.o(i.uxQueueMessagesWaiting), (28 bytes).
    Removing queue.o(i.uxQueueMessagesWaitingFromISR), (16 bytes).
    Removing queue.o(i.uxQueueSpacesAvailable), (34 bytes).
    Removing queue.o(i.vQueueAddToRegistry), (44 bytes).
    Removing queue.o(i.vQueueDelete), (36 bytes).
    Removing queue.o(i.vQueueSetQueueNumber), (6 bytes).
    Removing queue.o(i.vQueueUnregisterQueue), (44 bytes).
    Removing queue.o(i.xQueueCreateCountingSemaphore), (78 bytes).
    Removing queue.o(i.xQueueCreateMutex), (88 bytes).
    Removing queue.o(i.xQueueGenericSend), (292 bytes).
    Removing queue.o(i.xQueueGiveMutexRecursive), (60 bytes).
    Removing queue.o(i.xQueueIsQueueEmptyFromISR), (26 bytes).
    Removing queue.o(i.xQueueIsQueueFullFromISR), (28 bytes).
    Removing queue.o(i.xQueuePeekFromISR), (86 bytes).
    Removing queue.o(i.xQueueReceiveFromISR), (144 bytes).
    Removing queue.o(i.xQueueTakeMutexRecursive), (66 bytes).
    Removing queue.o(.bss), (64 bytes).
    Removing port.o(i.vPortEndScheduler), (2 bytes).

364 unused section(s) (total 30402 bytes) removed from the image.

==============================================================================

Image Symbol Table

    Local Symbols

    Symbol Name                              Value     Ov Type        Size  Object(Section)

    ../clib/microlib/division.c              0x00000000   Number         0  uidiv.o ABSOLUTE
    ../clib/microlib/init/entry.s            0x00000000   Number         0  entry10b.o ABSOLUTE
    ../clib/microlib/init/entry.s            0x00000000   Number         0  entry11a.o ABSOLUTE
    ../clib/microlib/init/entry.s            0x00000000   Number         0  entry.o ABSOLUTE
    ../clib/microlib/init/entry.s            0x00000000   Number         0  entry5.o ABSOLUTE
    ../clib/microlib/init/entry.s            0x00000000   Number         0  entry8a.o ABSOLUTE
    ../clib/microlib/init/entry.s            0x00000000   Number         0  entry7a.o ABSOLUTE
    ../clib/microlib/init/entry.s            0x00000000   Number         0  entry7b.o ABSOLUTE
    ../clib/microlib/init/entry.s            0x00000000   Number         0  entry8b.o ABSOLUTE
    ../clib/microlib/init/entry.s            0x00000000   Number         0  entry9a.o ABSOLUTE
    ../clib/microlib/init/entry.s            0x00000000   Number         0  entry9b.o ABSOLUTE
    ../clib/microlib/init/entry.s            0x00000000   Number         0  entry10a.o ABSOLUTE
    ../clib/microlib/init/entry.s            0x00000000   Number         0  entry2.o ABSOLUTE
    ../clib/microlib/init/entry.s            0x00000000   Number         0  entry11b.o ABSOLUTE
    ../clib/microlib/string/memcpy.c         0x00000000   Number         0  memcpyb.o ABSOLUTE
    ../clib/microlib/string/memcpy.c         0x00000000   Number         0  memcpya.o ABSOLUTE
    ../clib/microlib/string/memset.c         0x00000000   Number         0  memseta.o ABSOLUTE
    ..\Drivers\CMSIS\Device\ST\STM32L0xx\Source\Templates\arm\startup_stm32l053xx.s 0x00000000   Number         0  startup_stm32l053xx.o ABSOLUTE
    ..\Drivers\CMSIS\Device\ST\STM32L0xx\Source\Templates\system_stm32l0xx.c 0x00000000   Number         0  system_stm32l0xx.o ABSOLUTE
    ..\Drivers\STM32L0xx_HAL_Driver\Src\stm32l0xx_hal.c 0x00000000   Number         0  stm32l0xx_hal.o ABSOLUTE
    ..\Drivers\STM32L0xx_HAL_Driver\Src\stm32l0xx_hal_cortex.c 0x00000000   Number         0  stm32l0xx_hal_cortex.o ABSOLUTE
    ..\Drivers\STM32L0xx_HAL_Driver\Src\stm32l0xx_hal_dma.c 0x00000000   Number         0  stm32l0xx_hal_dma.o ABSOLUTE
    ..\Drivers\STM32L0xx_HAL_Driver\Src\stm32l0xx_hal_flash.c 0x00000000   Number         0  stm32l0xx_hal_flash.o ABSOLUTE
    ..\Drivers\STM32L0xx_HAL_Driver\Src\stm32l0xx_hal_flash_ex.c 0x00000000   Number         0  stm32l0xx_hal_flash_ex.o ABSOLUTE
    ..\Drivers\STM32L0xx_HAL_Driver\Src\stm32l0xx_hal_flash_ramfunc.c 0x00000000   Number         0  stm32l0xx_hal_flash_ramfunc.o ABSOLUTE
    ..\Drivers\STM32L0xx_HAL_Driver\Src\stm32l0xx_hal_gpio.c 0x00000000   Number         0  stm32l0xx_hal_gpio.o ABSOLUTE
    ..\Drivers\STM32L0xx_HAL_Driver\Src\stm32l0xx_hal_i2c.c 0x00000000   Number         0  stm32l0xx_hal_i2c.o ABSOLUTE
    ..\Drivers\STM32L0xx_HAL_Driver\Src\stm32l0xx_hal_i2c_ex.c 0x00000000   Number         0  stm32l0xx_hal_i2c_ex.o ABSOLUTE
    ..\Drivers\STM32L0xx_HAL_Driver\Src\stm32l0xx_hal_pwr.c 0x00000000   Number         0  stm32l0xx_hal_pwr.o ABSOLUTE
    ..\Drivers\STM32L0xx_HAL_Driver\Src\stm32l0xx_hal_pwr_ex.c 0x00000000   Number         0  stm32l0xx_hal_pwr_ex.o ABSOLUTE
    ..\Drivers\STM32L0xx_HAL_Driver\Src\stm32l0xx_hal_rcc.c 0x00000000   Number         0  stm32l0xx_hal_rcc.o ABSOLUTE
    ..\Drivers\STM32L0xx_HAL_Driver\Src\stm32l0xx_hal_rcc_ex.c 0x00000000   Number         0  stm32l0xx_hal_rcc_ex.o ABSOLUTE
    ..\Drivers\STM32L0xx_HAL_Driver\Src\stm32l0xx_hal_uart.c 0x00000000   Number         0  stm32l0xx_hal_uart.o ABSOLUTE
    ..\Drivers\STM32L0xx_HAL_Driver\Src\stm32l0xx_hal_uart_ex.c 0x00000000   Number         0  stm32l0xx_hal_uart_ex.o ABSOLUTE
    ..\Middlewares\Third_Party\FreeRTOS\Source\CMSIS_RTOS\cmsis_os.c 0x00000000   Number         0  cmsis_os.o ABSOLUTE
    ..\Middlewares\Third_Party\FreeRTOS\Source\croutine.c 0x00000000   Number         0  croutine.o ABSOLUTE
    ..\Middlewares\Third_Party\FreeRTOS\Source\list.c 0x00000000   Number         0  list.o ABSOLUTE
    ..\Middlewares\Third_Party\FreeRTOS\Source\portable\MemMang\heap_4.c 0x00000000   Number         0  heap_4.o ABSOLUTE
    ..\Middlewares\Third_Party\FreeRTOS\Source\portable\RVDS\ARM_CM0\port.c 0x00000000   Number         0  port.o ABSOLUTE
    ..\Middlewares\Third_Party\FreeRTOS\Source\queue.c 0x00000000   Number         0  queue.o ABSOLUTE
    ..\Middlewares\Third_Party\FreeRTOS\Source\tasks.c 0x00000000   Number         0  tasks.o ABSOLUTE
    ..\Middlewares\Third_Party\FreeRTOS\Source\timers.c 0x00000000   Number         0  timers.o ABSOLUTE
    ..\Src\freertos.c                        0x00000000   Number         0  freertos.o ABSOLUTE
    ..\Src\main.c                            0x00000000   Number         0  main_1.o ABSOLUTE
    ..\Src\stm32l0xx_hal_msp.c               0x00000000   Number         0  stm32l0xx_hal_msp_1.o ABSOLUTE
    ..\Src\stm32l0xx_it.c                    0x00000000   Number         0  stm32l0xx_it_1.o ABSOLUTE
    ..\Src\uart.c                            0x00000000   Number         0  uart.o ABSOLUTE
    ..\\Drivers\\CMSIS\\Device\\ST\\STM32L0xx\\Source\\Templates\\system_stm32l0xx.c 0x00000000   Number         0  system_stm32l0xx.o ABSOLUTE
    ..\\Drivers\\STM32L0xx_HAL_Driver\\Src\\stm32l0xx_hal.c 0x00000000   Number         0  stm32l0xx_hal.o ABSOLUTE
    ..\\Drivers\\STM32L0xx_HAL_Driver\\Src\\stm32l0xx_hal_cortex.c 0x00000000   Number         0  stm32l0xx_hal_cortex.o ABSOLUTE
    ..\\Drivers\\STM32L0xx_HAL_Driver\\Src\\stm32l0xx_hal_dma.c 0x00000000   Number         0  stm32l0xx_hal_dma.o ABSOLUTE
    ..\\Drivers\\STM32L0xx_HAL_Driver\\Src\\stm32l0xx_hal_flash.c 0x00000000   Number         0  stm32l0xx_hal_flash.o ABSOLUTE
    ..\\Drivers\\STM32L0xx_HAL_Driver\\Src\\stm32l0xx_hal_flash_ex.c 0x00000000   Number         0  stm32l0xx_hal_flash_ex.o ABSOLUTE
    ..\\Drivers\\STM32L0xx_HAL_Driver\\Src\\stm32l0xx_hal_flash_ramfunc.c 0x00000000   Number         0  stm32l0xx_hal_flash_ramfunc.o ABSOLUTE
    ..\\Drivers\\STM32L0xx_HAL_Driver\\Src\\stm32l0xx_hal_gpio.c 0x00000000   Number         0  stm32l0xx_hal_gpio.o ABSOLUTE
    ..\\Drivers\\STM32L0xx_HAL_Driver\\Src\\stm32l0xx_hal_i2c.c 0x00000000   Number         0  stm32l0xx_hal_i2c.o ABSOLUTE
    ..\\Drivers\\STM32L0xx_HAL_Driver\\Src\\stm32l0xx_hal_i2c_ex.c 0x00000000   Number         0  stm32l0xx_hal_i2c_ex.o ABSOLUTE
    ..\\Drivers\\STM32L0xx_HAL_Driver\\Src\\stm32l0xx_hal_pwr.c 0x00000000   Number         0  stm32l0xx_hal_pwr.o ABSOLUTE
    ..\\Drivers\\STM32L0xx_HAL_Driver\\Src\\stm32l0xx_hal_pwr_ex.c 0x00000000   Number         0  stm32l0xx_hal_pwr_ex.o ABSOLUTE
    ..\\Drivers\\STM32L0xx_HAL_Driver\\Src\\stm32l0xx_hal_rcc.c 0x00000000   Number         0  stm32l0xx_hal_rcc.o ABSOLUTE
    ..\\Drivers\\STM32L0xx_HAL_Driver\\Src\\stm32l0xx_hal_rcc_ex.c 0x00000000   Number         0  stm32l0xx_hal_rcc_ex.o ABSOLUTE
    ..\\Drivers\\STM32L0xx_HAL_Driver\\Src\\stm32l0xx_hal_uart.c 0x00000000   Number         0  stm32l0xx_hal_uart.o ABSOLUTE
    ..\\Drivers\\STM32L0xx_HAL_Driver\\Src\\stm32l0xx_hal_uart_ex.c 0x00000000   Number         0  stm32l0xx_hal_uart_ex.o ABSOLUTE
    ..\\Middlewares\\Third_Party\\FreeRTOS\\Source\\portable\\RVDS\\ARM_CM0\\port.c 0x00000000   Number         0  port.o ABSOLUTE
    ..\\Src\\main.c                          0x00000000   Number         0  main_1.o ABSOLUTE
    ..\\Src\\stm32l0xx_hal_msp.c             0x00000000   Number         0  stm32l0xx_hal_msp_1.o ABSOLUTE
    ..\\Src\\stm32l0xx_it.c                  0x00000000   Number         0  stm32l0xx_it_1.o ABSOLUTE
    ..\\Src\\uart.c                          0x00000000   Number         0  uart.o ABSOLUTE
    dc.s                                     0x00000000   Number         0  dc.o ABSOLUTE
    handlers.s                               0x00000000   Number         0  handlers.o ABSOLUTE
    init.s                                   0x00000000   Number         0  init.o ABSOLUTE
    RESET                                    0x08000000   Section      192  startup_stm32l053xx.o(RESET)
    .ARM.Collect$$$$00000000                 0x080000c0   Section        0  entry.o(.ARM.Collect$$$$00000000)
    .ARM.Collect$$$$00000001                 0x080000c0   Section        4  entry2.o(.ARM.Collect$$$$00000001)
    .ARM.Collect$$$$00000004                 0x080000c4   Section        4  entry5.o(.ARM.Collect$$$$00000004)
    .ARM.Collect$$$$00000008                 0x080000c8   Section        0  entry7b.o(.ARM.Collect$$$$00000008)
    .ARM.Collect$$$$0000000A                 0x080000c8   Section        0  entry8b.o(.ARM.Collect$$$$0000000A)
    .ARM.Collect$$$$0000000B                 0x080000c8   Section        8  entry9a.o(.ARM.Collect$$$$0000000B)
    .ARM.Collect$$$$0000000D                 0x080000d0   Section        0  entry10a.o(.ARM.Collect$$$$0000000D)
    .ARM.Collect$$$$0000000F                 0x080000d0   Section        0  entry11a.o(.ARM.Collect$$$$0000000F)
    .ARM.Collect$$$$00002712                 0x080000d0   Section        4  entry2.o(.ARM.Collect$$$$00002712)
    __lit__00000000                          0x080000d0   Data           4  entry2.o(.ARM.Collect$$$$00002712)
    .emb_text                                0x080000d4   Section      112  port.o(.emb_text)
    .text                                    0x08000144   Section       32  startup_stm32l053xx.o(.text)
    .text                                    0x08000164   Section        0  uidiv.o(.text)
    .text                                    0x08000190   Section        0  memcpya.o(.text)
    .text                                    0x080001b4   Section        0  memseta.o(.text)
    .text                                    0x080001d8   Section       36  init.o(.text)
    i.EXTI0_1_IRQHandler                     0x080001fc   Section        0  stm32l0xx_it_1.o(i.EXTI0_1_IRQHandler)
    i.HAL_GPIO_EXTI_Callback                 0x08000208   Section        0  main_1.o(i.HAL_GPIO_EXTI_Callback)
    i.HAL_GPIO_EXTI_IRQHandler               0x08000230   Section        0  stm32l0xx_hal_gpio.o(i.HAL_GPIO_EXTI_IRQHandler)
    i.HAL_GPIO_Init                          0x08000250   Section        0  stm32l0xx_hal_gpio.o(i.HAL_GPIO_Init)
    i.HAL_GPIO_TogglePin                     0x0800043c   Section        0  stm32l0xx_hal_gpio.o(i.HAL_GPIO_TogglePin)
    i.HAL_GetTick                            0x08000444   Section        0  stm32l0xx_hal.o(i.HAL_GetTick)
    i.HAL_IncTick                            0x08000450   Section        0  stm32l0xx_hal.o(i.HAL_IncTick)
    i.HAL_Init                               0x08000460   Section        0  stm32l0xx_hal.o(i.HAL_Init)
    i.HAL_InitTick                           0x0800048c   Section        0  stm32l0xx_hal.o(i.HAL_InitTick)
    i.HAL_MspInit                            0x080004b4   Section        0  stm32l0xx_hal_msp_1.o(i.HAL_MspInit)
    i.HAL_NVIC_EnableIRQ                     0x080004d4   Section        0  stm32l0xx_hal_cortex.o(i.HAL_NVIC_EnableIRQ)
    i.HAL_NVIC_SetPriority                   0x080004ec   Section        0  stm32l0xx_hal_cortex.o(i.HAL_NVIC_SetPriority)
    i.HAL_RCCEx_PeriphCLKConfig              0x08000500   Section        0  stm32l0xx_hal_rcc_ex.o(i.HAL_RCCEx_PeriphCLKConfig)
    i.HAL_RCC_ClockConfig                    0x080006cc   Section        0  stm32l0xx_hal_rcc.o(i.HAL_RCC_ClockConfig)
    i.HAL_RCC_GetHCLKFreq                    0x080009c4   Section        0  stm32l0xx_hal_rcc.o(i.HAL_RCC_GetHCLKFreq)
    i.HAL_RCC_GetPCLK1Freq                   0x080009f0   Section        0  stm32l0xx_hal_rcc.o(i.HAL_RCC_GetPCLK1Freq)
    i.HAL_RCC_GetPCLK2Freq                   0x08000a14   Section        0  stm32l0xx_hal_rcc.o(i.HAL_RCC_GetPCLK2Freq)
    i.HAL_RCC_GetSysClockFreq                0x08000a38   Section        0  stm32l0xx_hal_rcc.o(i.HAL_RCC_GetSysClockFreq)
    i.HAL_RCC_OscConfig                      0x08000b04   Section        0  stm32l0xx_hal_rcc.o(i.HAL_RCC_OscConfig)
    i.HAL_SYSTICK_CLKSourceConfig            0x080010d8   Section        0  stm32l0xx_hal_cortex.o(i.HAL_SYSTICK_CLKSourceConfig)
    i.HAL_SYSTICK_Config                     0x080010fc   Section        0  stm32l0xx_hal_cortex.o(i.HAL_SYSTICK_Config)
    i.HAL_UART_Init                          0x08001134   Section        0  stm32l0xx_hal_uart.o(i.HAL_UART_Init)
    i.HAL_UART_MspInit                       0x080011ac   Section        0  stm32l0xx_hal_msp_1.o(i.HAL_UART_MspInit)
    i.HAL_UART_Receive                       0x080011f4   Section        0  stm32l0xx_hal_uart.o(i.HAL_UART_Receive)
    i.HAL_UART_Transmit                      0x08001340   Section        0  stm32l0xx_hal_uart.o(i.HAL_UART_Transmit)
    i.MX_GPIO_Init                           0x08001430   Section        0  main_1.o(i.MX_GPIO_Init)
    MX_GPIO_Init                             0x08001431   Thumb Code   100  main_1.o(i.MX_GPIO_Init)
    i.MX_USART1_UART_Init                    0x080014a0   Section        0  uart.o(i.MX_USART1_UART_Init)
    MX_USART1_UART_Init                      0x080014a1   Thumb Code    50  uart.o(i.MX_USART1_UART_Init)
    i.NVIC_SetPriority                       0x080014dc   Section        0  stm32l0xx_hal_cortex.o(i.NVIC_SetPriority)
    NVIC_SetPriority                         0x080014dd   Thumb Code   110  stm32l0xx_hal_cortex.o(i.NVIC_SetPriority)
    i.SVC_Handler                            0x08001554   Section        0  port.o(i.SVC_Handler)
    i.SysTick_Handler                        0x08001556   Section        0  stm32l0xx_it_1.o(i.SysTick_Handler)
    i.SystemClock_Config                     0x0800156c   Section        0  main_1.o(i.SystemClock_Config)
    i.SystemInit                             0x080015fc   Section        0  system_stm32l0xx.o(i.SystemInit)
    i.UART_AdvFeatureConfig                  0x08001664   Section        0  stm32l0xx_hal_uart.o(i.UART_AdvFeatureConfig)
    i.UART_CheckIdleState                    0x08001754   Section        0  stm32l0xx_hal_uart.o(i.UART_CheckIdleState)
    i.UART_SetConfig                         0x080017b4   Section        0  stm32l0xx_hal_uart.o(i.UART_SetConfig)
    i.UART_WaitOnFlagUntilTimeout            0x08001a3c   Section        0  stm32l0xx_hal_uart.o(i.UART_WaitOnFlagUntilTimeout)
    i.__ARM_common_switch8                   0x08001b3c   Section        0  stm32l0xx_hal_uart.o(i.__ARM_common_switch8)
    i.__scatterload_copy                     0x08001b58   Section       14  handlers.o(i.__scatterload_copy)
    i.__scatterload_null                     0x08001b66   Section        2  handlers.o(i.__scatterload_null)
    i.__scatterload_zeroinit                 0x08001b68   Section       14  handlers.o(i.__scatterload_zeroinit)
    i.main                                   0x08001b78   Section        0  main_1.o(i.main)
    i.makeFreeRtosPriority                   0x08001bc0   Section        0  cmsis_os.o(i.makeFreeRtosPriority)
    makeFreeRtosPriority                     0x08001bc1   Thumb Code    14  cmsis_os.o(i.makeFreeRtosPriority)
    i.osDelay                                0x08001bce   Section        0  cmsis_os.o(i.osDelay)
    i.osKernelStart                          0x08001be8   Section        0  cmsis_os.o(i.osKernelStart)
    i.osThreadCreate                         0x08001c02   Section        0  cmsis_os.o(i.osThreadCreate)
    i.prvAddCurrentTaskToDelayedList         0x08001c34   Section        0  tasks.o(i.prvAddCurrentTaskToDelayedList)
    prvAddCurrentTaskToDelayedList           0x08001c35   Thumb Code    62  tasks.o(i.prvAddCurrentTaskToDelayedList)
    i.prvAllocateTCBAndStack                 0x08001c88   Section        0  tasks.o(i.prvAllocateTCBAndStack)
    prvAllocateTCBAndStack                   0x08001c89   Thumb Code    64  tasks.o(i.prvAllocateTCBAndStack)
    i.prvCheckTasksWaitingTermination        0x08001cc8   Section        0  tasks.o(i.prvCheckTasksWaitingTermination)
    prvCheckTasksWaitingTermination          0x08001cc9   Thumb Code    90  tasks.o(i.prvCheckTasksWaitingTermination)
    i.prvCopyDataFromQueue                   0x08001d30   Section        0  queue.o(i.prvCopyDataFromQueue)
    prvCopyDataFromQueue                     0x08001d31   Thumb Code    44  queue.o(i.prvCopyDataFromQueue)
    i.prvCopyDataToQueue                     0x08001d5c   Section        0  queue.o(i.prvCopyDataToQueue)
    prvCopyDataToQueue                       0x08001d5d   Thumb Code   126  queue.o(i.prvCopyDataToQueue)
    i.prvDeleteTCB                           0x08001dda   Section        0  tasks.o(i.prvDeleteTCB)
    prvDeleteTCB                             0x08001ddb   Thumb Code    18  tasks.o(i.prvDeleteTCB)
    i.prvHeapInit                            0x08001dec   Section        0  heap_4.o(i.prvHeapInit)
    prvHeapInit                              0x08001ded   Thumb Code   102  heap_4.o(i.prvHeapInit)
    i.prvIdleTask                            0x08001e6c   Section        0  tasks.o(i.prvIdleTask)
    prvIdleTask                              0x08001e6d   Thumb Code    20  tasks.o(i.prvIdleTask)
    i.prvInitialiseTCBVariables              0x08001e84   Section        0  tasks.o(i.prvInitialiseTCBVariables)
    prvInitialiseTCBVariables                0x08001e85   Thumb Code    78  tasks.o(i.prvInitialiseTCBVariables)
    i.prvInitialiseTaskLists                 0x08001ed4   Section        0  tasks.o(i.prvInitialiseTaskLists)
    prvInitialiseTaskLists                   0x08001ed5   Thumb Code    68  tasks.o(i.prvInitialiseTaskLists)
    i.prvInsertBlockIntoFreeList             0x08001f38   Section        0  heap_4.o(i.prvInsertBlockIntoFreeList)
    prvInsertBlockIntoFreeList               0x08001f39   Thumb Code    96  heap_4.o(i.prvInsertBlockIntoFreeList)
    i.prvIsQueueEmpty                        0x08001fa0   Section        0  queue.o(i.prvIsQueueEmpty)
    prvIsQueueEmpty                          0x08001fa1   Thumb Code    28  queue.o(i.prvIsQueueEmpty)
    i.prvSetupTimerInterrupt                 0x08001fbc   Section        0  port.o(i.prvSetupTimerInterrupt)
    prvSetupTimerInterrupt                   0x08001fbd   Thumb Code    26  port.o(i.prvSetupTimerInterrupt)
    i.prvTaskExitError                       0x08001fe0   Section        0  port.o(i.prvTaskExitError)
    prvTaskExitError                         0x08001fe1   Thumb Code    32  port.o(i.prvTaskExitError)
    i.prvUnlockQueue                         0x08002004   Section        0  queue.o(i.prvUnlockQueue)
    prvUnlockQueue                           0x08002005   Thumb Code   138  queue.o(i.prvUnlockQueue)
    i.pvPortMalloc                           0x08002090   Section        0  heap_4.o(i.pvPortMalloc)
    i.pxPortInitialiseStack                  0x0800214c   Section        0  port.o(i.pxPortInitialiseStack)
    i.send_command                           0x0800216c   Section        0  uart.o(i.send_command)
    i.send_scan_command                      0x080021c8   Section        0  uart.o(i.send_scan_command)
    i.uart_thread                            0x080022e0   Section        0  uart.o(i.uart_thread)
    i.uxListRemove                           0x0800243c   Section        0  list.o(i.uxListRemove)
    i.vListInitialise                        0x08002464   Section        0  list.o(i.vListInitialise)
    i.vListInitialiseItem                    0x0800247e   Section        0  list.o(i.vListInitialiseItem)
    i.vListInsert                            0x08002484   Section        0  list.o(i.vListInsert)
    i.vListInsertEnd                         0x080024ba   Section        0  list.o(i.vListInsertEnd)
    i.vPortEnterCritical                     0x080024d4   Section        0  port.o(i.vPortEnterCritical)
    i.vPortExitCritical                      0x080024f0   Section        0  port.o(i.vPortExitCritical)
    i.vPortFree                              0x0800250c   Section        0  heap_4.o(i.vPortFree)
    i.vPortYield                             0x0800258c   Section        0  port.o(i.vPortYield)
    i.vTaskDelay                             0x080025a4   Section        0  tasks.o(i.vTaskDelay)
    i.vTaskMissedYield                       0x080025e0   Section        0  tasks.o(i.vTaskMissedYield)
    i.vTaskPlaceOnEventList                  0x080025ec   Section        0  tasks.o(i.vTaskPlaceOnEventList)
    i.vTaskPriorityDisinherit                0x08002640   Section        0  tasks.o(i.vTaskPriorityDisinherit)
    i.vTaskPriorityInherit                   0x08002690   Section        0  tasks.o(i.vTaskPriorityInherit)
    i.vTaskSetTimeOutState                   0x08002714   Section        0  tasks.o(i.vTaskSetTimeOutState)
    i.vTaskStartScheduler                    0x08002734   Section        0  tasks.o(i.vTaskStartScheduler)
    i.vTaskSuspendAll                        0x08002788   Section        0  tasks.o(i.vTaskSuspendAll)
    i.vTaskSwitchContext                     0x08002798   Section        0  tasks.o(i.vTaskSwitchContext)
    i.xPortStartScheduler                    0x08002824   Section        0  port.o(i.xPortStartScheduler)
    i.xPortSysTickHandler                    0x0800285c   Section        0  port.o(i.xPortSysTickHandler)
    i.xQueueGenericCreate                    0x08002880   Section        0  queue.o(i.xQueueGenericCreate)
    i.xQueueGenericReceive                   0x080028dc   Section        0  queue.o(i.xQueueGenericReceive)
    i.xQueueGenericReset                     0x08002a2e   Section        0  queue.o(i.xQueueGenericReset)
    i.xQueueGenericSendFromISR               0x08002aac   Section        0  queue.o(i.xQueueGenericSendFromISR)
    i.xTaskCheckForTimeOut                   0x08002b60   Section        0  tasks.o(i.xTaskCheckForTimeOut)
    i.xTaskGenericCreate                     0x08002bd4   Section        0  tasks.o(i.xTaskGenericCreate)
    i.xTaskGetCurrentTaskHandle              0x08002d0c   Section        0  tasks.o(i.xTaskGetCurrentTaskHandle)
    i.xTaskGetSchedulerState                 0x08002d18   Section        0  tasks.o(i.xTaskGetSchedulerState)
    i.xTaskIncrementTick                     0x08002d3c   Section        0  tasks.o(i.xTaskIncrementTick)
    i.xTaskRemoveFromEventList               0x08002e9c   Section        0  tasks.o(i.xTaskRemoveFromEventList)
    i.xTaskResumeAll                         0x08002f24   Section        0  tasks.o(i.xTaskResumeAll)
    .constdata                               0x08003010   Section       20  main_1.o(.constdata)
    .constdata                               0x08003024   Section      206  uart.o(.constdata)
    TEST_COMMAND                             0x08003024   Data          13  uart.o(.constdata)
    ENTER_COMMAND_MODE                       0x08003031   Data           4  uart.o(.constdata)
    EXIT_COMMAND_MODE                        0x08003035   Data           7  uart.o(.constdata)
    CONNECT_TO_SERVER                        0x0800303c   Data          26  uart.o(.constdata)
    DISCONNECT_FROM_SERVER                   0x08003056   Data           8  uart.o(.constdata)
    SET_DHCP                                 0x0800305e   Data          16  uart.o(.constdata)
    SET_AUTHENTICATION                       0x0800306e   Data          18  uart.o(.constdata)
    SET_SSID                                 0x08003080   Data          23  uart.o(.constdata)
    SET_PASSPHRASE                           0x08003097   Data          25  uart.o(.constdata)
    SET_JOIN_MODE                            0x080030b0   Data          18  uart.o(.constdata)
    SAVE                                     0x080030c2   Data           7  uart.o(.constdata)
    REBOOT                                   0x080030c9   Data           9  uart.o(.constdata)
    JOIN_WIFIND                              0x080030d2   Data          14  uart.o(.constdata)
    SLEEP                                    0x080030e0   Data           8  uart.o(.constdata)
    SCAN                                     0x080030e8   Data          10  uart.o(.constdata)
    .constdata                               0x080030f4   Section       28  stm32l0xx_hal_rcc.o(.constdata)
    .conststring                             0x08003110   Section       10  main_1.o(.conststring)
    .data                                    0x20000000   Section        8  main_1.o(.data)
    .data                                    0x20000008   Section        4  uart.o(.data)
    .data                                    0x2000000c   Section        4  stm32l0xx_hal.o(.data)
    uwTick                                   0x2000000c   Data           4  stm32l0xx_hal.o(.data)
    .data                                    0x20000010   Section       25  stm32l0xx_hal_rcc.o(.data)
    PLLMulTable                              0x20000010   Data           9  stm32l0xx_hal_rcc.o(.data)
    APBAHBPrescTable                         0x20000019   Data          16  stm32l0xx_hal_rcc.o(.data)
    .data                                    0x2000002c   Section       29  system_stm32l0xx.o(.data)
    .data                                    0x2000004c   Section       20  heap_4.o(.data)
    xStart                                   0x2000004c   Data           8  heap_4.o(.data)
    pxEnd                                    0x20000054   Data           4  heap_4.o(.data)
    xFreeBytesRemaining                      0x20000058   Data           4  heap_4.o(.data)
    xBlockAllocatedBit                       0x2000005c   Data           4  heap_4.o(.data)
    .data                                    0x20000060   Section       56  tasks.o(.data)
    pxDelayedTaskList                        0x20000064   Data           4  tasks.o(.data)
    pxOverflowDelayedTaskList                0x20000068   Data           4  tasks.o(.data)
    uxTasksDeleted                           0x2000006c   Data           4  tasks.o(.data)
    uxCurrentNumberOfTasks                   0x20000070   Data           4  tasks.o(.data)
    xTickCount                               0x20000074   Data           4  tasks.o(.data)
    uxTopReadyPriority                       0x20000078   Data           4  tasks.o(.data)
    xSchedulerRunning                        0x2000007c   Data           4  tasks.o(.data)
    uxSchedulerSuspended                     0x20000080   Data           4  tasks.o(.data)
    uxPendedTicks                            0x20000084   Data           4  tasks.o(.data)
    xYieldPending                            0x20000088   Data           4  tasks.o(.data)
    xNumOfOverflows                          0x2000008c   Data           4  tasks.o(.data)
    uxTaskNumber                             0x20000090   Data           4  tasks.o(.data)
    xNextTaskUnblockTime                     0x20000094   Data           4  tasks.o(.data)
    .data                                    0x20000098   Section        4  port.o(.data)
    uxCriticalNesting                        0x20000098   Data           4  port.o(.data)
    .bss                                     0x2000009c   Section     2108  uart.o(.bss)
    rx_buffer                                0x20000108   Data        2000  uart.o(.bss)
    .bss                                     0x200008d8   Section     3072  heap_4.o(.bss)
    ucHeap                                   0x200008d8   Data        3072  heap_4.o(.bss)
    .bss                                     0x200014d8   Section      240  tasks.o(.bss)
    pxReadyTasksLists                        0x200014d8   Data         140  tasks.o(.bss)
    xDelayedTaskList1                        0x20001564   Data          20  tasks.o(.bss)
    xDelayedTaskList2                        0x20001578   Data          20  tasks.o(.bss)
    xPendingReadyList                        0x2000158c   Data          20  tasks.o(.bss)
    xTasksWaitingTermination                 0x200015a0   Data          20  tasks.o(.bss)
    xSuspendedTaskList                       0x200015b4   Data          20  tasks.o(.bss)
    STACK                                    0x200015c8   Section     1024  startup_stm32l053xx.o(STACK)

    Global Symbols

    Symbol Name                              Value     Ov Type        Size  Object(Section)

    BuildAttributes$$THM_ISAv3M$S$PE$A:L22$X:L11$S22$IEEE1$IW$USESV6$~STKCKD$USESV7$~SHL$OSPACE$EBA8$MICROLIB$REQ8$PRES8$EABIv2 0x00000000   Number         0  anon$$obj.o ABSOLUTE
    __ARM_use_no_argv                        0x00000000   Number         0  main_1.o ABSOLUTE
    __cpp_initialize__aeabi_                  - Undefined Weak Reference
    __cxa_finalize                            - Undefined Weak Reference
    __decompress                              - Undefined Weak Reference
    _clock_init                               - Undefined Weak Reference
    _microlib_exit                            - Undefined Weak Reference
    __Vectors_Size                           0x000000c0   Number         0  startup_stm32l053xx.o ABSOLUTE
    __Vectors                                0x08000000   Data           4  startup_stm32l053xx.o(RESET)
    __Vectors_End                            0x080000c0   Data           0  startup_stm32l053xx.o(RESET)
    __main                                   0x080000c1   Thumb Code     0  entry.o(.ARM.Collect$$$$00000000)
    _main_stk                                0x080000c1   Thumb Code     0  entry2.o(.ARM.Collect$$$$00000001)
    _main_scatterload                        0x080000c5   Thumb Code     0  entry5.o(.ARM.Collect$$$$00000004)
    __main_after_scatterload                 0x080000c9   Thumb Code     0  entry5.o(.ARM.Collect$$$$00000004)
    _main_clock                              0x080000c9   Thumb Code     0  entry7b.o(.ARM.Collect$$$$00000008)
    _main_cpp_init                           0x080000c9   Thumb Code     0  entry8b.o(.ARM.Collect$$$$0000000A)
    _main_init                               0x080000c9   Thumb Code     0  entry9a.o(.ARM.Collect$$$$0000000B)
    __rt_final_cpp                           0x080000d1   Thumb Code     0  entry10a.o(.ARM.Collect$$$$0000000D)
    __rt_final_exit                          0x080000d1   Thumb Code     0  entry11a.o(.ARM.Collect$$$$0000000F)
    __asm___6_port_c_39a90d8d__prvPortStartFirstTask 0x080000d5   Thumb Code    28  port.o(.emb_text)
    ulSetInterruptMaskFromISR                0x080000f5   Thumb Code     8  port.o(.emb_text)
    vClearInterruptMaskFromISR               0x080000fd   Thumb Code     6  port.o(.emb_text)
    PendSV_Handler                           0x08000103   Thumb Code    62  port.o(.emb_text)
    Reset_Handler                            0x08000145   Thumb Code     8  startup_stm32l053xx.o(.text)
    NMI_Handler                              0x0800014d   Thumb Code     2  startup_stm32l053xx.o(.text)
    HardFault_Handler                        0x0800014f   Thumb Code     2  startup_stm32l053xx.o(.text)
    DebugMon_Handler                         0x08000153   Thumb Code     2  startup_stm32l053xx.o(.text)
    ADC1_COMP_IRQHandler                     0x08000159   Thumb Code     0  startup_stm32l053xx.o(.text)
    DMA1_Channel1_IRQHandler                 0x08000159   Thumb Code     0  startup_stm32l053xx.o(.text)
    DMA1_Channel2_3_IRQHandler               0x08000159   Thumb Code     0  startup_stm32l053xx.o(.text)
    DMA1_Channel4_5_6_7_IRQHandler           0x08000159   Thumb Code     0  startup_stm32l053xx.o(.text)
    EXTI2_3_IRQHandler                       0x08000159   Thumb Code     0  startup_stm32l053xx.o(.text)
    EXTI4_15_IRQHandler                      0x08000159   Thumb Code     0  startup_stm32l053xx.o(.text)
    FLASH_IRQHandler                         0x08000159   Thumb Code     0  startup_stm32l053xx.o(.text)
    I2C1_IRQHandler                          0x08000159   Thumb Code     0  startup_stm32l053xx.o(.text)
    I2C2_IRQHandler                          0x08000159   Thumb Code     0  startup_stm32l053xx.o(.text)
    LCD_IRQHandler                           0x08000159   Thumb Code     0  startup_stm32l053xx.o(.text)
    LPTIM1_IRQHandler                        0x08000159   Thumb Code     0  startup_stm32l053xx.o(.text)
    PVD_IRQHandler                           0x08000159   Thumb Code     0  startup_stm32l053xx.o(.text)
    RCC_CRS_IRQHandler                       0x08000159   Thumb Code     0  startup_stm32l053xx.o(.text)
    RNG_LPUART1_IRQHandler                   0x08000159   Thumb Code     0  startup_stm32l053xx.o(.text)
    RTC_IRQHandler                           0x08000159   Thumb Code     0  startup_stm32l053xx.o(.text)
    SPI1_IRQHandler                          0x08000159   Thumb Code     0  startup_stm32l053xx.o(.text)
    SPI2_IRQHandler                          0x08000159   Thumb Code     0  startup_stm32l053xx.o(.text)
    TIM21_IRQHandler                         0x08000159   Thumb Code     0  startup_stm32l053xx.o(.text)
    TIM22_IRQHandler                         0x08000159   Thumb Code     0  startup_stm32l053xx.o(.text)
    TIM2_IRQHandler                          0x08000159   Thumb Code     0  startup_stm32l053xx.o(.text)
    TIM6_DAC_IRQHandler                      0x08000159   Thumb Code     0  startup_stm32l053xx.o(.text)
    TSC_IRQHandler                           0x08000159   Thumb Code     0  startup_stm32l053xx.o(.text)
    USART1_IRQHandler                        0x08000159   Thumb Code     0  startup_stm32l053xx.o(.text)
    USART2_IRQHandler                        0x08000159   Thumb Code     0  startup_stm32l053xx.o(.text)
    USB_IRQHandler                           0x08000159   Thumb Code     0  startup_stm32l053xx.o(.text)
    WWDG_IRQHandler                          0x08000159   Thumb Code     0  startup_stm32l053xx.o(.text)
    __aeabi_uidiv                            0x08000165   Thumb Code     0  uidiv.o(.text)
    __aeabi_uidivmod                         0x08000165   Thumb Code    44  uidiv.o(.text)
    __aeabi_memcpy                           0x08000191   Thumb Code    36  memcpya.o(.text)
    __aeabi_memcpy4                          0x08000191   Thumb Code     0  memcpya.o(.text)
    __aeabi_memcpy8                          0x08000191   Thumb Code     0  memcpya.o(.text)
    __aeabi_memset                           0x080001b5   Thumb Code    14  memseta.o(.text)
    __aeabi_memset4                          0x080001b5   Thumb Code     0  memseta.o(.text)
    __aeabi_memset8                          0x080001b5   Thumb Code     0  memseta.o(.text)
    __aeabi_memclr                           0x080001c3   Thumb Code     4  memseta.o(.text)
    __aeabi_memclr4                          0x080001c3   Thumb Code     0  memseta.o(.text)
    __aeabi_memclr8                          0x080001c3   Thumb Code     0  memseta.o(.text)
    _memset$wrapper                          0x080001c7   Thumb Code    18  memseta.o(.text)
    __scatterload                            0x080001d9   Thumb Code    28  init.o(.text)
    __scatterload_rt2                        0x080001d9   Thumb Code     0  init.o(.text)
    EXTI0_1_IRQHandler                       0x080001fd   Thumb Code    10  stm32l0xx_it_1.o(i.EXTI0_1_IRQHandler)
    HAL_GPIO_EXTI_Callback                   0x08000209   Thumb Code    32  main_1.o(i.HAL_GPIO_EXTI_Callback)
    HAL_GPIO_EXTI_IRQHandler                 0x08000231   Thumb Code    26  stm32l0xx_hal_gpio.o(i.HAL_GPIO_EXTI_IRQHandler)
    HAL_GPIO_Init                            0x08000251   Thumb Code   462  stm32l0xx_hal_gpio.o(i.HAL_GPIO_Init)
    HAL_GPIO_TogglePin                       0x0800043d   Thumb Code     8  stm32l0xx_hal_gpio.o(i.HAL_GPIO_TogglePin)
    HAL_GetTick                              0x08000445   Thumb Code     6  stm32l0xx_hal.o(i.HAL_GetTick)
    HAL_IncTick                              0x08000451   Thumb Code    12  stm32l0xx_hal.o(i.HAL_IncTick)
    HAL_Init                                 0x08000461   Thumb Code    40  stm32l0xx_hal.o(i.HAL_Init)
    HAL_InitTick                             0x0800048d   Thumb Code    38  stm32l0xx_hal.o(i.HAL_InitTick)
    HAL_MspInit                              0x080004b5   Thumb Code    26  stm32l0xx_hal_msp_1.o(i.HAL_MspInit)
    HAL_NVIC_EnableIRQ                       0x080004d5   Thumb Code    18  stm32l0xx_hal_cortex.o(i.HAL_NVIC_EnableIRQ)
    HAL_NVIC_SetPriority                     0x080004ed   Thumb Code    18  stm32l0xx_hal_cortex.o(i.HAL_NVIC_SetPriority)
    HAL_RCCEx_PeriphCLKConfig                0x08000501   Thumb Code   446  stm32l0xx_hal_rcc_ex.o(i.HAL_RCCEx_PeriphCLKConfig)
    HAL_RCC_ClockConfig                      0x080006cd   Thumb Code   748  stm32l0xx_hal_rcc.o(i.HAL_RCC_ClockConfig)
    HAL_RCC_GetHCLKFreq                      0x080009c5   Thumb Code    32  stm32l0xx_hal_rcc.o(i.HAL_RCC_GetHCLKFreq)
    HAL_RCC_GetPCLK1Freq                     0x080009f1   Thumb Code    26  stm32l0xx_hal_rcc.o(i.HAL_RCC_GetPCLK1Freq)
    HAL_RCC_GetPCLK2Freq                     0x08000a15   Thumb Code    26  stm32l0xx_hal_rcc.o(i.HAL_RCC_GetPCLK2Freq)
    HAL_RCC_GetSysClockFreq                  0x08000a39   Thumb Code   180  stm32l0xx_hal_rcc.o(i.HAL_RCC_GetSysClockFreq)
    HAL_RCC_OscConfig                        0x08000b05   Thumb Code  1478  stm32l0xx_hal_rcc.o(i.HAL_RCC_OscConfig)
    HAL_SYSTICK_CLKSourceConfig              0x080010d9   Thumb Code    32  stm32l0xx_hal_cortex.o(i.HAL_SYSTICK_CLKSourceConfig)
    HAL_SYSTICK_Config                       0x080010fd   Thumb Code    46  stm32l0xx_hal_cortex.o(i.HAL_SYSTICK_Config)
    HAL_UART_Init                            0x08001135   Thumb Code   118  stm32l0xx_hal_uart.o(i.HAL_UART_Init)
    HAL_UART_MspInit                         0x080011ad   Thumb Code    64  stm32l0xx_hal_msp_1.o(i.HAL_UART_MspInit)
    HAL_UART_Receive                         0x080011f5   Thumb Code   328  stm32l0xx_hal_uart.o(i.HAL_UART_Receive)
    HAL_UART_Transmit                        0x08001341   Thumb Code   240  stm32l0xx_hal_uart.o(i.HAL_UART_Transmit)
    SVC_Handler                              0x08001555   Thumb Code     2  port.o(i.SVC_Handler)
    SysTick_Handler                          0x08001557   Thumb Code    20  stm32l0xx_it_1.o(i.SysTick_Handler)
    SystemClock_Config                       0x0800156d   Thumb Code   136  main_1.o(i.SystemClock_Config)
    SystemInit                               0x080015fd   Thumb Code    88  system_stm32l0xx.o(i.SystemInit)
    UART_AdvFeatureConfig                    0x08001665   Thumb Code   240  stm32l0xx_hal_uart.o(i.UART_AdvFeatureConfig)
    UART_CheckIdleState                      0x08001755   Thumb Code    92  stm32l0xx_hal_uart.o(i.UART_CheckIdleState)
    UART_SetConfig                           0x080017b5   Thumb Code   610  stm32l0xx_hal_uart.o(i.UART_SetConfig)
    UART_WaitOnFlagUntilTimeout              0x08001a3d   Thumb Code   256  stm32l0xx_hal_uart.o(i.UART_WaitOnFlagUntilTimeout)
    __ARM_common_switch8                     0x08001b3d   Thumb Code    28  stm32l0xx_hal_uart.o(i.__ARM_common_switch8)
    __scatterload_copy                       0x08001b59   Thumb Code    14  handlers.o(i.__scatterload_copy)
    __scatterload_null                       0x08001b67   Thumb Code     2  handlers.o(i.__scatterload_null)
    __scatterload_zeroinit                   0x08001b69   Thumb Code    14  handlers.o(i.__scatterload_zeroinit)
    main                                     0x08001b79   Thumb Code    64  main_1.o(i.main)
    osDelay                                  0x08001bcf   Thumb Code    26  cmsis_os.o(i.osDelay)
    osKernelStart                            0x08001be9   Thumb Code    26  cmsis_os.o(i.osKernelStart)
    osThreadCreate                           0x08001c03   Thumb Code    50  cmsis_os.o(i.osThreadCreate)
    pvPortMalloc                             0x08002091   Thumb Code   170  heap_4.o(i.pvPortMalloc)
    pxPortInitialiseStack                    0x0800214d   Thumb Code    26  port.o(i.pxPortInitialiseStack)
    send_command                             0x0800216d   Thumb Code    84  uart.o(i.send_command)
    send_scan_command                        0x080021c9   Thumb Code   266  uart.o(i.send_scan_command)
    uart_thread                              0x080022e1   Thumb Code   296  uart.o(i.uart_thread)
    uxListRemove                             0x0800243d   Thumb Code    40  list.o(i.uxListRemove)
    vListInitialise                          0x08002465   Thumb Code    26  list.o(i.vListInitialise)
    vListInitialiseItem                      0x0800247f   Thumb Code     6  list.o(i.vListInitialiseItem)
    vListInsert                              0x08002485   Thumb Code    54  list.o(i.vListInsert)
    vListInsertEnd                           0x080024bb   Thumb Code    24  list.o(i.vListInsertEnd)
    vPortEnterCritical                       0x080024d5   Thumb Code    22  port.o(i.vPortEnterCritical)
    vPortExitCritical                        0x080024f1   Thumb Code    22  port.o(i.vPortExitCritical)
    vPortFree                                0x0800250d   Thumb Code   120  heap_4.o(i.vPortFree)
    vPortYield                               0x0800258d   Thumb Code    18  port.o(i.vPortYield)
    vTaskDelay                               0x080025a5   Thumb Code    52  tasks.o(i.vTaskDelay)
    vTaskMissedYield                         0x080025e1   Thumb Code     8  tasks.o(i.vTaskMissedYield)
    vTaskPlaceOnEventList                    0x080025ed   Thumb Code    72  tasks.o(i.vTaskPlaceOnEventList)
    vTaskPriorityDisinherit                  0x08002641   Thumb Code    70  tasks.o(i.vTaskPriorityDisinherit)
    vTaskPriorityInherit                     0x08002691   Thumb Code   118  tasks.o(i.vTaskPriorityInherit)
    vTaskSetTimeOutState                     0x08002715   Thumb Code    24  tasks.o(i.vTaskSetTimeOutState)
    vTaskStartScheduler                      0x08002735   Thumb Code    62  tasks.o(i.vTaskStartScheduler)
    vTaskSuspendAll                          0x08002789   Thumb Code    12  tasks.o(i.vTaskSuspendAll)
    vTaskSwitchContext                       0x08002799   Thumb Code   120  tasks.o(i.vTaskSwitchContext)
    xPortStartScheduler                      0x08002825   Thumb Code    48  port.o(i.xPortStartScheduler)
    xPortSysTickHandler                      0x0800285d   Thumb Code    32  port.o(i.xPortSysTickHandler)
    xQueueGenericCreate                      0x08002881   Thumb Code    92  queue.o(i.xQueueGenericCreate)
    xQueueGenericReceive                     0x080028dd   Thumb Code   338  queue.o(i.xQueueGenericReceive)
    xQueueGenericReset                       0x08002a2f   Thumb Code   126  queue.o(i.xQueueGenericReset)
    xQueueGenericSendFromISR                 0x08002aad   Thumb Code   178  queue.o(i.xQueueGenericSendFromISR)
    xTaskCheckForTimeOut                     0x08002b61   Thumb Code   106  tasks.o(i.xTaskCheckForTimeOut)
    xTaskGenericCreate                       0x08002bd5   Thumb Code   288  tasks.o(i.xTaskGenericCreate)
    xTaskGetCurrentTaskHandle                0x08002d0d   Thumb Code     6  tasks.o(i.xTaskGetCurrentTaskHandle)
    xTaskGetSchedulerState                   0x08002d19   Thumb Code    28  tasks.o(i.xTaskGetSchedulerState)
    xTaskIncrementTick                       0x08002d3d   Thumb Code   306  tasks.o(i.xTaskIncrementTick)
    xTaskRemoveFromEventList                 0x08002e9d   Thumb Code   112  tasks.o(i.xTaskRemoveFromEventList)
    xTaskResumeAll                           0x08002f25   Thumb Code   202  tasks.o(i.xTaskResumeAll)
    MSIRangeTable                            0x080030f4   Data          28  stm32l0xx_hal_rcc.o(.constdata)
    Region$$Table$$Base                      0x0800311c   Number         0  anon$$obj.o(Region$$Table)
    Region$$Table$$Limit                     0x0800313c   Number         0  anon$$obj.o(Region$$Table)
    defaultTaskHandle                        0x20000000   Data           4  main_1.o(.data)
    uart_task_handle                         0x20000004   Data           4  main_1.o(.data)
    button_sem                               0x20000008   Data           4  uart.o(.data)
    SystemCoreClock                          0x2000002c   Data           4  system_stm32l0xx.o(.data)
    AHBPrescTable                            0x20000030   Data          16  system_stm32l0xx.o(.data)
    PLLMulTable                              0x20000040   Data           9  system_stm32l0xx.o(.data)
    pxCurrentTCB                             0x20000060   Data           4  tasks.o(.data)
    huart1                                   0x2000009c   Data         108  uart.o(.bss)
    __initial_sp                             0x200019c8   Data           0  startup_stm32l053xx.o(STACK)



==============================================================================

Memory Map of the image

  Image Entry point : 0x080000c1

  Load Region LR_IROM1 (Base: 0x08000000, Size: 0x000031d8, Max: 0x00010000, ABSOLUTE)

    Execution Region ER_IROM1 (Base: 0x08000000, Size: 0x0000313c, Max: 0x00010000, ABSOLUTE)

    Base Addr    Size         Type   Attr      Idx    E Section Name        Object

    0x08000000   0x000000c0   Data   RO         1998    RESET               startup_stm32l053xx.o
    0x080000c0   0x00000000   Code   RO         2953  * .ARM.Collect$$$$00000000  mc_p.l(entry.o)
    0x080000c0   0x00000004   Code   RO         2964    .ARM.Collect$$$$00000001  mc_p.l(entry2.o)
    0x080000c4   0x00000004   Code   RO         2967    .ARM.Collect$$$$00000004  mc_p.l(entry5.o)
    0x080000c8   0x00000000   Code   RO         2969    .ARM.Collect$$$$00000008  mc_p.l(entry7b.o)
    0x080000c8   0x00000000   Code   RO         2971    .ARM.Collect$$$$0000000A  mc_p.l(entry8b.o)
    0x080000c8   0x00000008   Code   RO         2972    .ARM.Collect$$$$0000000B  mc_p.l(entry9a.o)
    0x080000d0   0x00000000   Code   RO         2974    .ARM.Collect$$$$0000000D  mc_p.l(entry10a.o)
    0x080000d0   0x00000000   Code   RO         2976    .ARM.Collect$$$$0000000F  mc_p.l(entry11a.o)
    0x080000d0   0x00000004   Code   RO         2965    .ARM.Collect$$$$00002712  mc_p.l(entry2.o)
    0x080000d4   0x00000070   Code   RO         2841    .emb_text           port.o
    0x08000144   0x00000020   Code   RO         1999    .text               startup_stm32l053xx.o
    0x08000164   0x0000002c   Code   RO         2956    .text               mc_p.l(uidiv.o)
    0x08000190   0x00000024   Code   RO         2958    .text               mc_p.l(memcpya.o)
    0x080001b4   0x00000024   Code   RO         2960    .text               mc_p.l(memseta.o)
    0x080001d8   0x00000024   Code   RO         2978    .text               mc_p.l(init.o)
    0x080001fc   0x0000000a   Code   RO          206    i.EXTI0_1_IRQHandler  stm32l0xx_it_1.o
    0x08000206   0x00000002   PAD
    0x08000208   0x00000028   Code   RO            3    i.HAL_GPIO_EXTI_Callback  main_1.o
    0x08000230   0x00000020   Code   RO         1826    i.HAL_GPIO_EXTI_IRQHandler  stm32l0xx_hal_gpio.o
    0x08000250   0x000001ec   Code   RO         1827    i.HAL_GPIO_Init     stm32l0xx_hal_gpio.o
    0x0800043c   0x00000008   Code   RO         1830    i.HAL_GPIO_TogglePin  stm32l0xx_hal_gpio.o
    0x08000444   0x0000000c   Code   RO         1383    i.HAL_GetTick       stm32l0xx_hal.o
    0x08000450   0x00000010   Code   RO         1385    i.HAL_IncTick       stm32l0xx_hal.o
    0x08000460   0x0000002c   Code   RO         1386    i.HAL_Init          stm32l0xx_hal.o
    0x0800048c   0x00000026   Code   RO         1387    i.HAL_InitTick      stm32l0xx_hal.o
    0x080004b2   0x00000002   PAD
    0x080004b4   0x00000020   Code   RO          174    i.HAL_MspInit       stm32l0xx_hal_msp_1.o
    0x080004d4   0x00000018   Code   RO         1281    i.HAL_NVIC_EnableIRQ  stm32l0xx_hal_cortex.o
    0x080004ec   0x00000012   Code   RO         1284    i.HAL_NVIC_SetPriority  stm32l0xx_hal_cortex.o
    0x080004fe   0x00000002   PAD
    0x08000500   0x000001cc   Code   RO         1943    i.HAL_RCCEx_PeriphCLKConfig  stm32l0xx_hal_rcc_ex.o
    0x080006cc   0x000002f8   Code   RO         1558    i.HAL_RCC_ClockConfig  stm32l0xx_hal_rcc.o
    0x080009c4   0x0000002c   Code   RO         1562    i.HAL_RCC_GetHCLKFreq  stm32l0xx_hal_rcc.o
    0x080009f0   0x00000024   Code   RO         1564    i.HAL_RCC_GetPCLK1Freq  stm32l0xx_hal_rcc.o
    0x08000a14   0x00000024   Code   RO         1565    i.HAL_RCC_GetPCLK2Freq  stm32l0xx_hal_rcc.o
    0x08000a38   0x000000cc   Code   RO         1566    i.HAL_RCC_GetSysClockFreq  stm32l0xx_hal_rcc.o
    0x08000b04   0x000005d4   Code   RO         1569    i.HAL_RCC_OscConfig  stm32l0xx_hal_rcc.o
    0x080010d8   0x00000024   Code   RO         1286    i.HAL_SYSTICK_CLKSourceConfig  stm32l0xx_hal_cortex.o
    0x080010fc   0x00000038   Code   RO         1288    i.HAL_SYSTICK_Config  stm32l0xx_hal_cortex.o
    0x08001134   0x00000076   Code   RO          974    i.HAL_UART_Init     stm32l0xx_hal_uart.o
    0x080011aa   0x00000002   PAD
    0x080011ac   0x00000048   Code   RO          176    i.HAL_UART_MspInit  stm32l0xx_hal_msp_1.o
    0x080011f4   0x0000014c   Code   RO          977    i.HAL_UART_Receive  stm32l0xx_hal_uart.o
    0x08001340   0x000000f0   Code   RO          982    i.HAL_UART_Transmit  stm32l0xx_hal_uart.o
    0x08001430   0x00000070   Code   RO            4    i.MX_GPIO_Init      main_1.o
    0x080014a0   0x0000003c   Code   RO          238    i.MX_USART1_UART_Init  uart.o
    0x080014dc   0x00000078   Code   RO         1290    i.NVIC_SetPriority  stm32l0xx_hal_cortex.o
    0x08001554   0x00000002   Code   RO         2842    i.SVC_Handler       port.o
    0x08001556   0x00000014   Code   RO          207    i.SysTick_Handler   stm32l0xx_it_1.o
    0x0800156a   0x00000002   PAD
    0x0800156c   0x00000090   Code   RO            6    i.SystemClock_Config  main_1.o
    0x080015fc   0x00000068   Code   RO         2006    i.SystemInit        system_stm32l0xx.o
    0x08001664   0x000000f0   Code   RO          987    i.UART_AdvFeatureConfig  stm32l0xx_hal_uart.o
    0x08001754   0x00000060   Code   RO          988    i.UART_CheckIdleState  stm32l0xx_hal_uart.o
    0x080017b4   0x00000288   Code   RO          995    i.UART_SetConfig    stm32l0xx_hal_uart.o
    0x08001a3c   0x00000100   Code   RO          997    i.UART_WaitOnFlagUntilTimeout  stm32l0xx_hal_uart.o
    0x08001b3c   0x0000001c   Code   RO         1205    i.__ARM_common_switch8  stm32l0xx_hal_uart.o
    0x08001b58   0x0000000e   Code   RO         2982    i.__scatterload_copy  mc_p.l(handlers.o)
    0x08001b66   0x00000002   Code   RO         2983    i.__scatterload_null  mc_p.l(handlers.o)
    0x08001b68   0x0000000e   Code   RO         2984    i.__scatterload_zeroinit  mc_p.l(handlers.o)
    0x08001b76   0x00000002   PAD
    0x08001b78   0x00000048   Code   RO            7    i.main              main_1.o
    0x08001bc0   0x0000000e   Code   RO         2085    i.makeFreeRtosPriority  cmsis_os.o
    0x08001bce   0x0000001a   Code   RO         2086    i.osDelay           cmsis_os.o
    0x08001be8   0x0000001a   Code   RO         2089    i.osKernelStart     cmsis_os.o
    0x08001c02   0x00000032   Code   RO         2116    i.osThreadCreate    cmsis_os.o
    0x08001c34   0x00000054   Code   RO         2434    i.prvAddCurrentTaskToDelayedList  tasks.o
    0x08001c88   0x00000040   Code   RO         2435    i.prvAllocateTCBAndStack  tasks.o
    0x08001cc8   0x00000068   Code   RO         2436    i.prvCheckTasksWaitingTermination  tasks.o
    0x08001d30   0x0000002c   Code   RO         2675    i.prvCopyDataFromQueue  queue.o
    0x08001d5c   0x0000007e   Code   RO         2676    i.prvCopyDataToQueue  queue.o
    0x08001dda   0x00000012   Code   RO         2437    i.prvDeleteTCB      tasks.o
    0x08001dec   0x00000080   Code   RO         2035    i.prvHeapInit       heap_4.o
    0x08001e6c   0x00000018   Code   RO         2438    i.prvIdleTask       tasks.o
    0x08001e84   0x0000004e   Code   RO         2439    i.prvInitialiseTCBVariables  tasks.o
    0x08001ed2   0x00000002   PAD
    0x08001ed4   0x00000064   Code   RO         2440    i.prvInitialiseTaskLists  tasks.o
    0x08001f38   0x00000068   Code   RO         2036    i.prvInsertBlockIntoFreeList  heap_4.o
    0x08001fa0   0x0000001c   Code   RO         2677    i.prvIsQueueEmpty   queue.o
    0x08001fbc   0x00000024   Code   RO         2843    i.prvSetupTimerInterrupt  port.o
    0x08001fe0   0x00000024   Code   RO         2844    i.prvTaskExitError  port.o
    0x08002004   0x0000008a   Code   RO         2679    i.prvUnlockQueue    queue.o
    0x0800208e   0x00000002   PAD
    0x08002090   0x000000bc   Code   RO         2037    i.pvPortMalloc      heap_4.o
    0x0800214c   0x00000020   Code   RO         2845    i.pxPortInitialiseStack  port.o
    0x0800216c   0x0000005c   Code   RO          239    i.send_command      uart.o
    0x080021c8   0x00000118   Code   RO          240    i.send_scan_command  uart.o
    0x080022e0   0x0000015c   Code   RO          241    i.uart_thread       uart.o
    0x0800243c   0x00000028   Code   RO         2917    i.uxListRemove      list.o
    0x08002464   0x0000001a   Code   RO         2918    i.vListInitialise   list.o
    0x0800247e   0x00000006   Code   RO         2919    i.vListInitialiseItem  list.o
    0x08002484   0x00000036   Code   RO         2920    i.vListInsert       list.o
    0x080024ba   0x00000018   Code   RO         2921    i.vListInsertEnd    list.o
    0x080024d2   0x00000002   PAD
    0x080024d4   0x0000001c   Code   RO         2847    i.vPortEnterCritical  port.o
    0x080024f0   0x0000001c   Code   RO         2848    i.vPortExitCritical  port.o
    0x0800250c   0x00000080   Code   RO         2038    i.vPortFree         heap_4.o
    0x0800258c   0x00000018   Code   RO         2849    i.vPortYield        port.o
    0x080025a4   0x0000003c   Code   RO         2447    i.vTaskDelay        tasks.o
    0x080025e0   0x0000000c   Code   RO         2450    i.vTaskMissedYield  tasks.o
    0x080025ec   0x00000054   Code   RO         2451    i.vTaskPlaceOnEventList  tasks.o
    0x08002640   0x00000050   Code   RO         2452    i.vTaskPriorityDisinherit  tasks.o
    0x08002690   0x00000084   Code   RO         2453    i.vTaskPriorityInherit  tasks.o
    0x08002714   0x00000020   Code   RO         2457    i.vTaskSetTimeOutState  tasks.o
    0x08002734   0x00000054   Code   RO         2458    i.vTaskStartScheduler  tasks.o
    0x08002788   0x00000010   Code   RO         2460    i.vTaskSuspendAll   tasks.o
    0x08002798   0x0000008c   Code   RO         2461    i.vTaskSwitchContext  tasks.o
    0x08002824   0x00000038   Code   RO         2850    i.xPortStartScheduler  port.o
    0x0800285c   0x00000024   Code   RO         2851    i.xPortSysTickHandler  port.o
    0x08002880   0x0000005c   Code   RO         2691    i.xQueueGenericCreate  queue.o
    0x080028dc   0x00000152   Code   RO         2692    i.xQueueGenericReceive  queue.o
    0x08002a2e   0x0000007e   Code   RO         2693    i.xQueueGenericReset  queue.o
    0x08002aac   0x000000b2   Code   RO         2695    i.xQueueGenericSendFromISR  queue.o
    0x08002b5e   0x00000002   PAD
    0x08002b60   0x00000074   Code   RO         2462    i.xTaskCheckForTimeOut  tasks.o
    0x08002bd4   0x00000138   Code   RO         2463    i.xTaskGenericCreate  tasks.o
    0x08002d0c   0x0000000c   Code   RO         2464    i.xTaskGetCurrentTaskHandle  tasks.o
    0x08002d18   0x00000024   Code   RO         2465    i.xTaskGetSchedulerState  tasks.o
    0x08002d3c   0x00000160   Code   RO         2468    i.xTaskIncrementTick  tasks.o
    0x08002e9c   0x00000088   Code   RO         2470    i.xTaskRemoveFromEventList  tasks.o
    0x08002f24   0x000000ec   Code   RO         2471    i.xTaskResumeAll    tasks.o
    0x08003010   0x00000014   Data   RO            8    .constdata          main_1.o
    0x08003024   0x000000ce   Data   RO          243    .constdata          uart.o
    0x080030f2   0x00000002   PAD
    0x080030f4   0x0000001c   Data   RO         1570    .constdata          stm32l0xx_hal_rcc.o
    0x08003110   0x0000000a   Data   RO            9    .conststring        main_1.o
    0x0800311a   0x00000002   PAD
    0x0800311c   0x00000020   Data   RO         2980    Region$$Table       anon$$obj.o


    Execution Region RW_IRAM1 (Base: 0x20000000, Size: 0x000019c8, Max: 0x00002000, ABSOLUTE)

    Base Addr    Size         Type   Attr      Idx    E Section Name        Object

    0x20000000   0x00000008   Data   RW           10    .data               main_1.o
    0x20000008   0x00000004   Data   RW          244    .data               uart.o
    0x2000000c   0x00000004   Data   RW         1396    .data               stm32l0xx_hal.o
    0x20000010   0x00000019   Data   RW         1571    .data               stm32l0xx_hal_rcc.o
    0x20000029   0x00000003   PAD
    0x2000002c   0x0000001d   Data   RW         2007    .data               system_stm32l0xx.o
    0x20000049   0x00000003   PAD
    0x2000004c   0x00000014   Data   RW         2042    .data               heap_4.o
    0x20000060   0x00000038   Data   RW         2474    .data               tasks.o
    0x20000098   0x00000004   Data   RW         2852    .data               port.o
    0x2000009c   0x0000083c   Zero   RW          242    .bss                uart.o
    0x200008d8   0x00000c00   Zero   RW         2041    .bss                heap_4.o
    0x200014d8   0x000000f0   Zero   RW         2473    .bss                tasks.o
    0x200015c8   0x00000400   Zero   RW         1996    STACK               startup_stm32l053xx.o


==============================================================================

Image component sizes


      Code (inc. data)   RO Data    RW Data    ZI Data      Debug   Object Name

       116          0          0          0          0       6747   cmsis_os.o
       548         60          0         20       3072       5671   heap_4.o
       150          0          0          0          0       3254   list.o
       368         36         30          8          0     203474   main_1.o
       390         60          0          4          0       5744   port.o
      1070          0          0          0          0       8357   queue.o
        32         10        192          0       1024        736   startup_stm32l053xx.o
       110         14          0          4          0       2902   stm32l0xx_hal.o
       254         30          0          0          0      10447   stm32l0xx_hal_cortex.o
       532         36          0          0          0       3156   stm32l0xx_hal_gpio.o
       104         14          0          0          0       1301   stm32l0xx_hal_msp_1.o
      2572        102         28         25          0       6096   stm32l0xx_hal_rcc.o
       460         14          0          0          0       1364   stm32l0xx_hal_rcc_ex.o
      1958         70          0          0          0       6440   stm32l0xx_hal_uart.o
        30          0          0          0          0        851   stm32l0xx_it_1.o
       104         16          0         29          0       1309   system_stm32l0xx.o
      2312        326          0         56        240      18838   tasks.o
       780         84        206          4       2108       3765   uart.o

    ----------------------------------------------------------------------
     11908        872        492        156       6444     290452   Object Totals
         0          0         32          0          0          0   (incl. Generated)
        18          0          4          6          0          0   (incl. Padding)

    ----------------------------------------------------------------------

      Code (inc. data)   RO Data    RW Data    ZI Data      Debug   Library Member Name

         0          0          0          0          0          0   entry.o
         0          0          0          0          0          0   entry10a.o
         0          0          0          0          0          0   entry11a.o
         8          4          0          0          0          0   entry2.o
         4          0          0          0          0          0   entry5.o
         0          0          0          0          0          0   entry7b.o
         0          0          0          0          0          0   entry8b.o
         8          4          0          0          0          0   entry9a.o
        30          0          0          0          0          0   handlers.o
        36          8          0          0          0         68   init.o
        36          0          0          0          0         60   memcpya.o
        36          0          0          0          0        100   memseta.o
        44          0          0          0          0         72   uidiv.o

    ----------------------------------------------------------------------
       204         16          0          0          0        300   Library Totals
         2          0          0          0          0          0   (incl. Padding)

    ----------------------------------------------------------------------

      Code (inc. data)   RO Data    RW Data    ZI Data      Debug   Library Name

       202         16          0          0          0        300   mc_p.l

    ----------------------------------------------------------------------
       204         16          0          0          0        300   Library Totals

    ----------------------------------------------------------------------

==============================================================================


      Code (inc. data)   RO Data    RW Data    ZI Data      Debug   

     12112        888        492        156       6444     286848   Grand Totals
     12112        888        492        156       6444     286848   ELF Image Totals
     12112        888        492        156          0          0   ROM Totals

==============================================================================

    Total RO  Size (Code + RO Data)                12604 (  12.31kB)
    Total RW  Size (RW Data + ZI Data)              6600 (   6.45kB)
    Total ROM Size (Code + RO Data + RW Data)      12760 (  12.46kB)

==============================================================================

