Component: ARM Compiler 5.06 (build 20) Tool: armlink [4d35a3]

==============================================================================

Section Cross References

    main.o(i.HAL_GPIO_EXTI_Callback) refers to stm32l0xx_hal_gpio.o(i.HAL_GPIO_TogglePin) for HAL_GPIO_TogglePin
    main.o(i.HAL_GPIO_EXTI_Callback) refers to rt_cmsis.o(i.osSignalSet) for osSignalSet
    main.o(i.HAL_GPIO_EXTI_Callback) refers to main.o(.data) for tid_uart
    main.o(i.MX_GPIO_Init) refers to stm32l0xx_hal_gpio.o(i.HAL_GPIO_Init) for HAL_GPIO_Init
    main.o(i.SystemClock_Config) refers to stm32l0xx_hal_cortex.o(i.HAL_NVIC_SetPriority) for HAL_NVIC_SetPriority
    main.o(i.main) refers to rt_cmsis.o(i.osKernelInitialize) for osKernelInitialize
    main.o(i.main) refers to stm32l0xx_hal.o(i.HAL_Init) for HAL_Init
    main.o(i.main) refers to main.o(i.SystemClock_Config) for SystemClock_Config
    main.o(i.main) refers to system_stm32l0xx.o(i.SystemCoreClockUpdate) for SystemCoreClockUpdate
    main.o(i.main) refers to main.o(i.MX_GPIO_Init) for MX_GPIO_Init
    main.o(i.main) refers to main.o(i.nvic_init) for nvic_init
    main.o(i.main) refers to rt_cmsis.o(i.osThreadCreate) for osThreadCreate
    main.o(i.main) refers to rt_cmsis.o(i.osKernelStart) for osKernelStart
    main.o(i.main) refers to rt_cmsis.o(i.osThreadGetId) for osThreadGetId
    main.o(i.main) refers to rt_cmsis.o(i.osThreadTerminate) for osThreadTerminate
    main.o(i.main) refers to main.o(.constdata) for os_thread_def_uart_thread
    main.o(i.main) refers to main.o(.data) for tid_uart
    main.o(i.nvic_init) refers to stm32l0xx_hal_cortex.o(i.HAL_NVIC_SetPriority) for HAL_NVIC_SetPriority
    main.o(i.nvic_init) refers to stm32l0xx_hal_cortex.o(i.HAL_NVIC_EnableIRQ) for HAL_NVIC_EnableIRQ
    main.o(.constdata) refers to uart.o(i.uart_thread) for uart_thread
    stm32l0xx_hal_msp.o(i.HAL_MspInit) refers to stm32l0xx_hal_cortex.o(i.HAL_NVIC_SetPriority) for HAL_NVIC_SetPriority
    stm32l0xx_hal_msp.o(i.HAL_UART_MspDeInit) refers to stm32l0xx_hal_gpio.o(i.HAL_GPIO_DeInit) for HAL_GPIO_DeInit
    stm32l0xx_hal_msp.o(i.HAL_UART_MspInit) refers to stm32l0xx_hal_gpio.o(i.HAL_GPIO_Init) for HAL_GPIO_Init
    stm32l0xx_it.o(i.EXTI0_1_IRQHandler) refers to stm32l0xx_hal_gpio.o(i.HAL_GPIO_EXTI_IRQHandler) for HAL_GPIO_EXTI_IRQHandler
    uart.o(i.MX_USART1_UART_Init) refers to stm32l0xx_hal_uart.o(i.HAL_UART_Init) for HAL_UART_Init
    uart.o(i.MX_USART1_UART_Init) refers to uart.o(.bss) for huart1
    uart.o(i.send_command) refers to stm32l0xx_hal_uart.o(i.HAL_UART_Transmit) for HAL_UART_Transmit
    uart.o(i.send_command) refers to uart.o(.bss) for huart1
    uart.o(i.uart_thread) refers to uart.o(i.MX_USART1_UART_Init) for MX_USART1_UART_Init
    uart.o(i.uart_thread) refers to rt_cmsis.o(i.osSignalWait) for osSignalWait
    uart.o(i.uart_thread) refers to rt_cmsis.o(i.osDelay) for osDelay
    uart.o(i.uart_thread) refers to stm32l0xx_hal_uart.o(i.HAL_UART_Transmit) for HAL_UART_Transmit
    uart.o(i.uart_thread) refers to stm32l0xx_hal_uart.o(i.HAL_UART_Receive) for HAL_UART_Receive
    uart.o(i.uart_thread) refers to rt_cmsis.o(i.osThreadGetId) for osThreadGetId
    uart.o(i.uart_thread) refers to rt_cmsis.o(i.osSignalClear) for osSignalClear
    uart.o(i.uart_thread) refers to uart.o(.constdata) for ENTER_COMMAND_MODE
    uart.o(i.uart_thread) refers to uart.o(.bss) for huart1
    stm32l0xx_hal.o(i.HAL_DeInit) refers to stm32l0xx_hal.o(i.HAL_MspDeInit) for HAL_MspDeInit
    stm32l0xx_hal.o(i.HAL_Delay) refers to stm32l0xx_hal.o(i.HAL_GetTick) for HAL_GetTick
    stm32l0xx_hal.o(i.HAL_GetTick) refers to rt_cmsis.o(i.osKernelSysTick) for osKernelSysTick
    stm32l0xx_hal.o(i.HAL_GetTick) refers to stm32l0xx_hal.o(i.__ARM_common_ll_muluu) for __ARM_common_ll_muluu
    stm32l0xx_hal.o(i.HAL_GetTick) refers to uldiv.o(.text) for __aeabi_uldivmod
    stm32l0xx_hal.o(i.HAL_GetTick) refers to rtx_conf_cm.o(.constdata) for os_tickfreq
    stm32l0xx_hal.o(i.HAL_IncTick) refers to stm32l0xx_hal.o(.data) for uwTick
    stm32l0xx_hal.o(i.HAL_Init) refers to stm32l0xx_hal.o(i.HAL_InitTick) for HAL_InitTick
    stm32l0xx_hal.o(i.HAL_Init) refers to stm32l0xx_hal_msp.o(i.HAL_MspInit) for HAL_MspInit
    stm32l0xx_hal.o(i.HAL_InitTick) refers to stm32l0xx_hal_rcc.o(i.HAL_RCC_GetHCLKFreq) for HAL_RCC_GetHCLKFreq
    stm32l0xx_hal.o(i.HAL_InitTick) refers to uidiv.o(.text) for __aeabi_uidivmod
    stm32l0xx_hal.o(i.HAL_InitTick) refers to stm32l0xx_hal_cortex.o(i.HAL_SYSTICK_Config) for HAL_SYSTICK_Config
    stm32l0xx_hal.o(i.HAL_InitTick) refers to stm32l0xx_hal_cortex.o(i.HAL_NVIC_SetPriority) for HAL_NVIC_SetPriority
    stm32l0xx_hal_rcc_ex.o(i.HAL_RCCEx_CRSWaitSynchronization) refers to stm32l0xx_hal.o(i.HAL_GetTick) for HAL_GetTick
    stm32l0xx_hal_rcc_ex.o(i.HAL_RCCEx_PeriphCLKConfig) refers to stm32l0xx_hal.o(i.HAL_GetTick) for HAL_GetTick
[...]
    rt_semaphore.o(i.rt_sem_send) refers to rt_task.o(i.rt_dispatch) for rt_dispatch
    rt_semaphore.o(i.rt_sem_wait) refers to rt_list.o(i.rt_put_prio) for rt_put_prio
    rt_semaphore.o(i.rt_sem_wait) refers to rt_task.o(i.rt_block) for rt_block
    rt_semaphore.o(i.rt_sem_wait) refers to rt_task.o(.data) for os_tsk
    rt_time.o(i.rt_dly_wait) refers to rt_task.o(i.rt_block) for rt_block
    rt_time.o(i.rt_itv_set) refers to rt_task.o(.data) for os_tsk
    rt_time.o(i.rt_itv_set) refers to rt_time.o(.data) for .data
    rt_time.o(i.rt_itv_wait) refers to rt_task.o(i.rt_block) for rt_block
    rt_time.o(i.rt_itv_wait) refers to rt_task.o(.data) for os_tsk
    rt_time.o(i.rt_itv_wait) refers to rt_time.o(.data) for .data
    rt_time.o(i.rt_time_get) refers to rt_time.o(.data) for .data
    rt_mutex.o(i.rt_mut_delete) refers to rt_list.o(i.rt_resort_prio) for rt_resort_prio
    rt_mutex.o(i.rt_mut_delete) refers to rt_list.o(i.rt_get_first) for rt_get_first
    rt_mutex.o(i.rt_mut_delete) refers to hal_cm.o(i.rt_ret_val) for rt_ret_val
    rt_mutex.o(i.rt_mut_delete) refers to rt_list.o(i.rt_rmv_dly) for rt_rmv_dly
    rt_mutex.o(i.rt_mut_delete) refers to rt_list.o(i.rt_put_prio) for rt_put_prio
    rt_mutex.o(i.rt_mut_delete) refers to rt_task.o(i.rt_dispatch) for rt_dispatch
    rt_mutex.o(i.rt_mut_delete) refers to rt_task.o(.data) for os_tsk
    rt_mutex.o(i.rt_mut_delete) refers to rt_list.o(.bss) for os_rdy
    rt_mutex.o(i.rt_mut_release) refers to rt_list.o(i.rt_get_first) for rt_get_first
    rt_mutex.o(i.rt_mut_release) refers to hal_cm.o(i.rt_ret_val) for rt_ret_val
    rt_mutex.o(i.rt_mut_release) refers to rt_list.o(i.rt_rmv_dly) for rt_rmv_dly
    rt_mutex.o(i.rt_mut_release) refers to rt_list.o(i.rt_put_prio) for rt_put_prio
    rt_mutex.o(i.rt_mut_release) refers to rt_task.o(i.rt_dispatch) for rt_dispatch
    rt_mutex.o(i.rt_mut_release) refers to rt_task.o(.data) for os_tsk
    rt_mutex.o(i.rt_mut_release) refers to rt_list.o(.bss) for os_rdy
    rt_mutex.o(i.rt_mut_wait) refers to rt_list.o(i.rt_resort_prio) for rt_resort_prio
    rt_mutex.o(i.rt_mut_wait) refers to rt_list.o(i.rt_put_prio) for rt_put_prio
    rt_mutex.o(i.rt_mut_wait) refers to rt_task.o(i.rt_block) for rt_block
    rt_mutex.o(i.rt_mut_wait) refers to rt_task.o(.data) for os_tsk
    rt_membox.o(i._calloc_box) refers to hal_cm0.o(.emb_text) for _alloc_box
    hal_cm.o(i.rt_init_stack) refers to rtx_conf_cm.o(.constdata) for os_stackinfo
    rt_robin.o(i.rt_chk_robin) refers to rt_list.o(i.rt_get_first) for rt_get_first
    rt_robin.o(i.rt_chk_robin) refers to rt_list.o(i.rt_put_prio) for rt_put_prio
    rt_robin.o(i.rt_chk_robin) refers to rt_robin.o(.data) for .data
    rt_robin.o(i.rt_chk_robin) refers to rt_list.o(.bss) for os_rdy
    rt_robin.o(i.rt_chk_robin) refers to rt_time.o(.data) for os_time
    rt_robin.o(i.rt_init_robin) refers to rt_robin.o(.data) for .data
    rt_robin.o(i.rt_init_robin) refers to rtx_conf_cm.o(.constdata) for os_rrobin
    hal_cm0.o(.emb_text) refers to rtx_conf_cm.o(.constdata) for os_flags
    hal_cm0.o(.emb_text) refers to rt_membox.o(i.rt_alloc_box) for rt_alloc_box
    hal_cm0.o(.emb_text) refers to rt_membox.o(i.rt_free_box) for rt_free_box
    hal_cm0.o(.emb_text) refers to rt_system.o(i.rt_stk_check) for rt_stk_check
    hal_cm0.o(.emb_text) refers to rt_task.o(.data) for os_tsk
    hal_cm0.o(.emb_text) refers to svc_table.o(SVC_TABLE) for SVC_Count
    hal_cm0.o(.emb_text) refers to rt_system.o(i.rt_pop_req) for rt_pop_req
    hal_cm0.o(.emb_text) refers to rt_system.o(i.rt_systick) for rt_systick
    hal_cm0.o(.emb_text) refers to rt_system.o(i.os_tick_irqack) for os_tick_irqack
    entry.o(.ARM.Collect$$$$00000000) refers (Special) to entry10a.o(.ARM.Collect$$$$0000000D) for __rt_final_cpp
    entry.o(.ARM.Collect$$$$00000000) refers (Special) to entry11a.o(.ARM.Collect$$$$0000000F) for __rt_final_exit
    entry.o(.ARM.Collect$$$$00000000) refers (Special) to entry7b.o(.ARM.Collect$$$$00000008) for _main_clock
    entry.o(.ARM.Collect$$$$00000000) refers (Special) to entry8b.o(.ARM.Collect$$$$0000000A) for _main_cpp_init
    entry.o(.ARM.Collect$$$$00000000) refers (Special) to rtx_conf_cm.o(.ARM.Collect$$$$000000FF) for _main_init
    entry.o(.ARM.Collect$$$$00000000) refers (Special) to entry5.o(.ARM.Collect$$$$00000004) for _main_scatterload
    entry.o(.ARM.Collect$$$$00000000) refers (Special) to entry2.o(.ARM.Collect$$$$00000001) for _main_stk
    uldiv.o(.text) refers to llushr.o(.text) for __aeabi_llsr
    uldiv.o(.text) refers to llshl.o(.text) for __aeabi_llsl
    entry2.o(.ARM.Collect$$$$00000001) refers to entry2.o(.ARM.Collect$$$$00002712) for __lit__00000000
    entry2.o(.ARM.Collect$$$$00002712) refers to startup_stm32l053xx.o(STACK) for __initial_sp
    entry2.o(__vectab_stack_and_reset_area) refers to startup_stm32l053xx.o(STACK) for __initial_sp
    entry2.o(__vectab_stack_and_reset_area) refers to entry.o(.ARM.Collect$$$$00000000) for __main
    entry5.o(.ARM.Collect$$$$00000004) refers to init.o(.text) for __scatterload
    init.o(.text) refers to entry5.o(.ARM.Collect$$$$00000004) for __main_after_scatterload


==============================================================================

Removing Unused input sections from the image.

    Removing main.o(.rev16_text), (4 bytes).
    Removing main.o(.revsh_text), (4 bytes).
    Removing stm32l0xx_hal_msp.o(.rev16_text), (4 bytes).
    Removing stm32l0xx_hal_msp.o(.revsh_text), (4 bytes).
    Removing stm32l0xx_hal_msp.o(i.HAL_UART_MspDeInit), (48 bytes).
    Removing stm32l0xx_it.o(.rev16_text), (4 bytes).
    Removing stm32l0xx_it.o(.revsh_text), (4 bytes).
    Removing uart.o(.rev16_text), (4 bytes).
    Removing uart.o(.revsh_text), (4 bytes).
    Removing uart.o(i.send_command), (28 bytes).
    Removing wifi_driver.o(i.WIFI_command_mode), (2 bytes).
    Removing stm32l0xx_hal.o(.rev16_text), (4 bytes).
    Removing stm32l0xx_hal.o(.revsh_text), (4 bytes).
    Removing stm32l0xx_hal.o(i.HAL_ADC_EnableBufferSensor_Cmd), (44 bytes).
    Removing stm32l0xx_hal.o(i.HAL_ADC_EnableBuffer_Cmd), (40 bytes).
    Removing stm32l0xx_hal.o(i.HAL_COMP_EnableBuffer_Cmd), (44 bytes).
    Removing stm32l0xx_hal.o(i.HAL_DBG_LowPowerConfig), (32 bytes).
    Removing stm32l0xx_hal.o(i.HAL_DeInit), (52 bytes).
    Removing stm32l0xx_hal.o(i.HAL_Delay), (26 bytes).
    Removing stm32l0xx_hal.o(i.HAL_DisableDBGSleepMode), (20 bytes).
    Removing stm32l0xx_hal.o(i.HAL_DisableDBGStandbyMode), (20 bytes).
    Removing stm32l0xx_hal.o(i.HAL_DisableDBGStopMode), (20 bytes).
    Removing stm32l0xx_hal.o(i.HAL_EnableDBGSleepMode), (20 bytes).
    Removing stm32l0xx_hal.o(i.HAL_EnableDBGStandbyMode), (20 bytes).
    Removing stm32l0xx_hal.o(i.HAL_EnableDBGStopMode), (20 bytes).
    Removing stm32l0xx_hal.o(i.HAL_GetBootMode), (16 bytes).
    Removing stm32l0xx_hal.o(i.HAL_GetDEVID), (16 bytes).
    Removing stm32l0xx_hal.o(i.HAL_GetHalVersion), (8 bytes).
    Removing stm32l0xx_hal.o(i.HAL_GetREVID), (12 bytes).
    Removing stm32l0xx_hal.o(i.HAL_I2CFastModePlusConfig), (32 bytes).
    Removing stm32l0xx_hal.o(i.HAL_IncTick), (16 bytes).
    Removing stm32l0xx_hal.o(i.HAL_Lock_Cmd), (40 bytes).
    Removing stm32l0xx_hal.o(i.HAL_MspDeInit), (2 bytes).
    Removing stm32l0xx_hal.o(i.HAL_MspInit), (2 bytes).
    Removing stm32l0xx_hal.o(i.HAL_RC48_EnableBuffer_Cmd), (44 bytes).
    Removing stm32l0xx_hal.o(i.HAL_ResumeTick), (20 bytes).
    Removing stm32l0xx_hal.o(i.HAL_SuspendTick), (20 bytes).
    Removing stm32l0xx_hal.o(i.HAL_VREFINT_Cmd), (36 bytes).
    Removing stm32l0xx_hal.o(i.HAL_VREFINT_OutputSelect), (28 bytes).
    Removing stm32l0xx_hal.o(.data), (4 bytes).
    Removing stm32l0xx_hal_rcc_ex.o(.rev16_text), (4 bytes).
    Removing stm32l0xx_hal_rcc_ex.o(.revsh_text), (4 bytes).
    Removing stm32l0xx_hal_rcc_ex.o(i.HAL_RCCEx_CRSConfig), (176 bytes).
    Removing stm32l0xx_hal_rcc_ex.o(i.HAL_RCCEx_CRSGetSynchronizationInfo), (48 bytes).
    Removing stm32l0xx_hal_rcc_ex.o(i.HAL_RCCEx_CRSSoftwareSynchronizationGenerate), (20 bytes).
    Removing stm32l0xx_hal_rcc_ex.o(i.HAL_RCCEx_CRSWaitSynchronization), (200 bytes).
    Removing stm32l0xx_hal_rcc_ex.o(i.HAL_RCCEx_DisableLSECSS), (20 bytes).
    Removing stm32l0xx_hal_rcc_ex.o(i.HAL_RCCEx_EnableLSECSS), (20 bytes).
    Removing stm32l0xx_hal_rcc_ex.o(i.HAL_RCCEx_GetPeriphCLKConfig), (84 bytes).
    Removing stm32l0xx_hal_rcc_ex.o(i.HAL_RCCEx_PeriphCLKConfig), (460 bytes).
    Removing stm32l0xx_hal_rcc.o(.rev16_text), (4 bytes).
    Removing stm32l0xx_hal_rcc.o(.revsh_text), (4 bytes).
    Removing stm32l0xx_hal_rcc.o(i.HAL_RCC_CCSCallback), (2 bytes).
    Removing stm32l0xx_hal_rcc.o(i.HAL_RCC_ClockConfig), (760 bytes).
    Removing stm32l0xx_hal_rcc.o(i.HAL_RCC_DeInit), (60 bytes).
    Removing stm32l0xx_hal_rcc.o(i.HAL_RCC_EnableCSS), (20 bytes).
    Removing stm32l0xx_hal_rcc.o(i.HAL_RCC_GetClockConfig), (68 bytes).
    Removing stm32l0xx_hal_rcc.o(i.HAL_RCC_GetOscConfig), (296 bytes).
    Removing stm32l0xx_hal_rcc.o(i.HAL_RCC_MCOConfig), (92 bytes).
    Removing stm32l0xx_hal_rcc.o(i.HAL_RCC_NMI_IRQHandler), (36 bytes).
    Removing stm32l0xx_hal_rcc.o(i.HAL_RCC_OscConfig), (1492 bytes).
    Removing stm32l0xx_hal_cortex.o(.rev16_text), (4 bytes).
    Removing stm32l0xx_hal_cortex.o(.revsh_text), (4 bytes).
    Removing stm32l0xx_hal_cortex.o(i.HAL_NVIC_ClearPendingIRQ), (24 bytes).
    Removing stm32l0xx_hal_cortex.o(i.HAL_NVIC_DisableIRQ), (24 bytes).
    Removing stm32l0xx_hal_cortex.o(i.HAL_NVIC_GetPendingIRQ), (40 bytes).
    Removing stm32l0xx_hal_cortex.o(i.HAL_NVIC_SetPendingIRQ), (24 bytes).
    Removing stm32l0xx_hal_cortex.o(i.HAL_NVIC_SystemReset), (32 bytes).
    Removing stm32l0xx_hal_cortex.o(i.HAL_SYSTICK_CLKSourceConfig), (36 bytes).
    Removing stm32l0xx_hal_cortex.o(i.HAL_SYSTICK_Callback), (2 bytes).
    Removing stm32l0xx_hal_cortex.o(i.HAL_SYSTICK_IRQHandler), (8 bytes).
    Removing stm32l0xx_hal_gpio.o(.rev16_text), (4 bytes).
    Removing stm32l0xx_hal_gpio.o(.revsh_text), (4 bytes).
    Removing stm32l0xx_hal_gpio.o(i.HAL_GPIO_DeInit), (192 bytes).
    Removing stm32l0xx_hal_gpio.o(i.HAL_GPIO_EXTI_Callback), (2 bytes).
    Removing stm32l0xx_hal_gpio.o(i.HAL_GPIO_LockPin), (50 bytes).
    Removing stm32l0xx_hal_gpio.o(i.HAL_GPIO_ReadPin), (18 bytes).
    Removing stm32l0xx_hal_gpio.o(i.HAL_GPIO_WritePin), (12 bytes).
    Removing stm32l0xx_hal_uart.o(.rev16_text), (4 bytes).
    Removing stm32l0xx_hal_uart.o(.revsh_text), (4 bytes).
    Removing stm32l0xx_hal_uart.o(i.HAL_HalfDuplex_EnableReceiver), (74 bytes).
    Removing stm32l0xx_hal_uart.o(i.HAL_HalfDuplex_EnableTransmitter), (74 bytes).
    Removing stm32l0xx_hal_uart.o(i.HAL_HalfDuplex_Init), (114 bytes).
    Removing stm32l0xx_hal_uart.o(i.HAL_LIN_Init), (146 bytes).
    Removing stm32l0xx_hal_uart.o(i.HAL_LIN_SendBreak), (60 bytes).
    Removing stm32l0xx_hal_uart.o(i.HAL_MultiProcessor_DisableMuteMode), (58 bytes).
    Removing stm32l0xx_hal_uart.o(i.HAL_MultiProcessor_EnableMuteMode), (58 bytes).
    Removing stm32l0xx_hal_uart.o(i.HAL_MultiProcessor_EnterMuteMode), (14 bytes).
    Removing stm32l0xx_hal_uart.o(i.HAL_MultiProcessor_Init), (152 bytes).
    Removing stm32l0xx_hal_uart.o(i.HAL_UART_DMAPause), (114 bytes).
    Removing stm32l0xx_hal_uart.o(i.HAL_UART_DMAResume), (126 bytes).
    Removing stm32l0xx_hal_uart.o(i.HAL_UART_DMAStop), (62 bytes).
    Removing stm32l0xx_hal_uart.o(i.HAL_UART_DeInit), (72 bytes).
    Removing stm32l0xx_hal_uart.o(i.HAL_UART_ErrorCallback), (2 bytes).
    Removing stm32l0xx_hal_uart.o(i.HAL_UART_GetError), (8 bytes).
    Removing stm32l0xx_hal_uart.o(i.HAL_UART_GetState), (8 bytes).
    Removing stm32l0xx_hal_uart.o(i.HAL_UART_IRQHandler), (328 bytes).
    Removing stm32l0xx_hal_uart.o(i.HAL_UART_MspDeInit), (2 bytes).
    Removing stm32l0xx_hal_uart.o(i.HAL_UART_MspInit), (2 bytes).
    Removing stm32l0xx_hal_uart.o(i.HAL_UART_Receive_DMA), (172 bytes).
    Removing stm32l0xx_hal_uart.o(i.HAL_UART_Receive_IT), (244 bytes).
    Removing stm32l0xx_hal_uart.o(i.HAL_UART_RxCpltCallback), (2 bytes).
    Removing stm32l0xx_hal_uart.o(i.HAL_UART_RxHalfCpltCallback), (2 bytes).
    Removing stm32l0xx_hal_uart.o(i.HAL_UART_Transmit_DMA), (176 bytes).
    Removing stm32l0xx_hal_uart.o(i.HAL_UART_Transmit_IT), (148 bytes).
    Removing stm32l0xx_hal_uart.o(i.HAL_UART_TxCpltCallback), (2 bytes).
    Removing stm32l0xx_hal_uart.o(i.HAL_UART_TxHalfCpltCallback), (2 bytes).
    Removing stm32l0xx_hal_uart.o(i.UART_DMAError), (42 bytes).
    Removing stm32l0xx_hal_uart.o(i.UART_DMAReceiveCplt), (66 bytes).
    Removing stm32l0xx_hal_uart.o(i.UART_DMARxHalfCplt), (14 bytes).
    Removing stm32l0xx_hal_uart.o(i.UART_DMATransmitCplt), (108 bytes).
    Removing stm32l0xx_hal_uart.o(i.UART_DMATxHalfCplt), (14 bytes).
    Removing stm32l0xx_hal_uart.o(i.UART_Receive_IT), (180 bytes).
    Removing stm32l0xx_hal_uart.o(i.UART_Transmit_IT), (192 bytes).
    Removing stm32l0xx_hal_usart.o(.rev16_text), (4 bytes).
    Removing stm32l0xx_hal_usart.o(.revsh_text), (4 bytes).
    Removing stm32l0xx_hal_dma.o(.rev16_text), (4 bytes).
    Removing stm32l0xx_hal_dma.o(.revsh_text), (4 bytes).
    Removing stm32l0xx_hal_dma.o(i.DMA_SetConfig), (32 bytes).
    Removing stm32l0xx_hal_dma.o(i.HAL_DMA_Abort), (100 bytes).
    Removing stm32l0xx_hal_dma.o(i.HAL_DMA_DeInit), (668 bytes).
    Removing stm32l0xx_hal_dma.o(i.HAL_DMA_GetError), (6 bytes).
    Removing stm32l0xx_hal_dma.o(i.HAL_DMA_GetState), (8 bytes).
    Removing stm32l0xx_hal_dma.o(i.HAL_DMA_IRQHandler), (796 bytes).
    Removing stm32l0xx_hal_dma.o(i.HAL_DMA_Init), (384 bytes).
    Removing stm32l0xx_hal_dma.o(i.HAL_DMA_PollForTransfer), (748 bytes).
    Removing stm32l0xx_hal_dma.o(i.HAL_DMA_Start), (78 bytes).
    Removing stm32l0xx_hal_dma.o(i.HAL_DMA_Start_IT), (114 bytes).
    Removing stm32l0xx_hal_uart_ex.o(.rev16_text), (4 bytes).
    Removing stm32l0xx_hal_uart_ex.o(.revsh_text), (4 bytes).
    Removing stm32l0xx_hal_uart_ex.o(i.HAL_MultiProcessorEx_AddressLength_Set), (66 bytes).
    Removing stm32l0xx_hal_uart_ex.o(i.HAL_RS485Ex_Init), (148 bytes).
    Removing stm32l0xx_hal_uart_ex.o(i.HAL_UARTEx_DisableClockStopMode), (62 bytes).
    Removing stm32l0xx_hal_uart_ex.o(i.HAL_UARTEx_DisableStopMode), (60 bytes).
    Removing stm32l0xx_hal_uart_ex.o(i.HAL_UARTEx_EnableClockStopMode), (62 bytes).
    Removing stm32l0xx_hal_uart_ex.o(i.HAL_UARTEx_EnableStopMode), (60 bytes).
    Removing stm32l0xx_hal_uart_ex.o(i.HAL_UARTEx_StopModeWakeUpSourceConfig), (138 bytes).
    Removing stm32l0xx_hal_uart_ex.o(i.HAL_UARTEx_WakeupCallback), (2 bytes).
    Removing stm32l0xx_hal_uart_ex.o(i.UART_Wakeup_AddressConfig), (54 bytes).
    Removing startup_stm32l053xx.o(HEAP), (512 bytes).
    Removing system_stm32l0xx.o(.rev16_text), (4 bytes).
    Removing system_stm32l0xx.o(.revsh_text), (4 bytes).
    Removing rt_cmsis.o(.rev16_text), (4 bytes).
    Removing rt_cmsis.o(.revsh_text), (4 bytes).
    Removing rt_cmsis.o(i.isrSemaphoreRelease), (44 bytes).
    Removing rt_cmsis.o(i.osKernelRunning), (40 bytes).
    Removing rt_cmsis.o(i.osMailAlloc), (32 bytes).
    Removing rt_cmsis.o(i.osMailCAlloc), (52 bytes).
    Removing rt_cmsis.o(i.osMailCreate), (52 bytes).
    Removing rt_cmsis.o(i.osMailFree), (32 bytes).
    Removing rt_cmsis.o(i.osMailGet), (24 bytes).
    Removing rt_cmsis.o(i.osMailPut), (28 bytes).
    Removing rt_cmsis.o(i.osMessageCreate), (52 bytes).
    Removing rt_cmsis.o(i.osMessagePut), (28 bytes).
    Removing rt_cmsis.o(i.osMutexCreate), (52 bytes).
    Removing rt_cmsis.o(i.osMutexDelete), (28 bytes).
    Removing rt_cmsis.o(i.osMutexRelease), (28 bytes).
    Removing rt_cmsis.o(i.osMutexWait), (28 bytes).
    Removing rt_cmsis.o(i.osPoolAlloc), (36 bytes).
    Removing rt_cmsis.o(i.osPoolCAlloc), (56 bytes).
    Removing rt_cmsis.o(i.osPoolCreate), (52 bytes).
    Removing rt_cmsis.o(i.osPoolFree), (36 bytes).
    Removing rt_cmsis.o(i.osSemaphoreCreate), (52 bytes).
    Removing rt_cmsis.o(i.osSemaphoreDelete), (28 bytes).
    Removing rt_cmsis.o(i.osSemaphoreRelease), (28 bytes).
    Removing rt_cmsis.o(i.osSemaphoreWait), (28 bytes).
    Removing rt_cmsis.o(i.osThreadGetPriority), (28 bytes).
    Removing rt_cmsis.o(i.osThreadSetPriority), (28 bytes).
    Removing rt_cmsis.o(i.osThreadYield), (28 bytes).
    Removing rt_cmsis.o(i.osTimerCreate), (52 bytes).
    Removing rt_cmsis.o(i.osTimerDelete), (28 bytes).
    Removing rt_cmsis.o(i.osTimerStart), (28 bytes).
    Removing rt_cmsis.o(i.osTimerStop), (28 bytes).
    Removing rt_cmsis.o(i.osWait), (4 bytes).
    Removing rt_cmsis.o(i.os_resume), (16 bytes).
    Removing rt_cmsis.o(i.os_suspend), (16 bytes).
    Removing rt_cmsis.o(i.rt_clr_box), (26 bytes).
    Removing rt_cmsis.o(i.rt_timer_remove), (68 bytes).
    Removing rt_cmsis.o(i.svcKernelRunning), (12 bytes).
    Removing rt_cmsis.o(i.svcMailCreate), (78 bytes).
    Removing rt_cmsis.o(i.svcMessagePut), (56 bytes).
    Removing rt_cmsis.o(i.svcMutexCreate), (32 bytes).
    Removing rt_cmsis.o(i.svcMutexDelete), (28 bytes).
    Removing rt_cmsis.o(i.svcMutexRelease), (36 bytes).
    Removing rt_cmsis.o(i.svcMutexWait), (56 bytes).
    Removing rt_cmsis.o(i.svcPoolCreate), (46 bytes).
    Removing rt_cmsis.o(i.svcSemaphoreCreate), (44 bytes).
    Removing rt_cmsis.o(i.svcSemaphoreDelete), (28 bytes).
    Removing rt_cmsis.o(i.svcSemaphoreRelease), (44 bytes).
    Removing rt_cmsis.o(i.svcSemaphoreWait), (52 bytes).
    Removing rt_cmsis.o(i.svcThreadGetPriority), (20 bytes).
    Removing rt_cmsis.o(i.svcThreadSetPriority), (48 bytes).
    Removing rt_cmsis.o(i.svcThreadYield), (10 bytes).
    Removing rt_cmsis.o(i.svcTimerCreate), (64 bytes).
    Removing rt_cmsis.o(i.svcTimerDelete), (40 bytes).
    Removing rt_cmsis.o(i.svcTimerStart), (108 bytes).
    Removing rt_cmsis.o(i.svcTimerStop), (38 bytes).
    Removing rt_cmsis.o(i.sysMailAlloc), (100 bytes).
    Removing rt_cmsis.o(i.sysMailFree), (106 bytes).
    Removing rt_cmsis.o(i.sysPoolAlloc), (12 bytes).
    Removing rt_cmsis.o(i.sysPoolFree), (22 bytes).
    Removing rt_cmsis.o(i.sysUserTimerUpdate), (48 bytes).
    Removing rt_cmsis.o(i.sysUserTimerWakeupTime), (24 bytes).
    Removing rt_task.o(i.rt_tsk_pass), (44 bytes).
    Removing rt_system.o(.emb_text), (0 bytes).
    Removing rt_system.o(i.rt_resume), (136 bytes).
    Removing rt_system.o(i.rt_suspend), (40 bytes).
    Removing rt_system.o(i.rt_tsk_lock), (84 bytes).
    Removing rt_system.o(i.rt_tsk_unlock), (84 bytes).
    Removing rt_event.o(i.rt_evt_get), (12 bytes).
    Removing rt_list.o(i.rt_get_same_rdy_prio), (36 bytes).
    Removing rt_mailbox.o(i.rt_mbx_send), (148 bytes).
    Removing rt_semaphore.o(i.isr_sem_send), (14 bytes).
    Removing rt_semaphore.o(i.rt_sem_delete), (96 bytes).
    Removing rt_semaphore.o(i.rt_sem_init), (12 bytes).
    Removing rt_semaphore.o(i.rt_sem_send), (44 bytes).
    Removing rt_semaphore.o(i.rt_sem_wait), (68 bytes).
    Removing rt_time.o(i.rt_itv_set), (24 bytes).
    Removing rt_time.o(i.rt_itv_wait), (44 bytes).
    Removing rt_time.o(i.rt_time_get), (12 bytes).
    Removing rt_mutex.o(i.rt_mut_delete), (180 bytes).
    Removing rt_mutex.o(i.rt_mut_init), (16 bytes).
    Removing rt_mutex.o(i.rt_mut_release), (216 bytes).
    Removing rt_mutex.o(i.rt_mut_wait), (112 bytes).
    Removing rt_membox.o(i._calloc_box), (32 bytes).

225 unused section(s) (total 15898 bytes) removed from the image.

==============================================================================

Image Symbol Table

    Local Symbols

    Symbol Name                              Value     Ov Type        Size  Object(Section)

    ../clib/microlib/division.c              0x00000000   Number         0  uidiv.o ABSOLUTE
    ../clib/microlib/division.c              0x00000000   Number         0  uldiv.o ABSOLUTE
    ../clib/microlib/init/entry.s            0x00000000   Number         0  entry5.o ABSOLUTE
    ../clib/microlib/init/entry.s            0x00000000   Number         0  entry7a.o ABSOLUTE
    ../clib/microlib/init/entry.s            0x00000000   Number         0  entry7b.o ABSOLUTE
    ../clib/microlib/init/entry.s            0x00000000   Number         0  entry8a.o ABSOLUTE
    ../clib/microlib/init/entry.s            0x00000000   Number         0  entry8b.o ABSOLUTE
    ../clib/microlib/init/entry.s            0x00000000   Number         0  entry10a.o ABSOLUTE
    ../clib/microlib/init/entry.s            0x00000000   Number         0  entry10b.o ABSOLUTE
    ../clib/microlib/init/entry.s            0x00000000   Number         0  entry11a.o ABSOLUTE
    ../clib/microlib/init/entry.s            0x00000000   Number         0  entry11b.o ABSOLUTE
    ../clib/microlib/init/entry.s            0x00000000   Number         0  entry.o ABSOLUTE
    ../clib/microlib/init/entry.s            0x00000000   Number         0  entry2.o ABSOLUTE
    ../clib/microlib/longlong.c              0x00000000   Number         0  llshl.o ABSOLUTE
    ../clib/microlib/longlong.c              0x00000000   Number         0  llushr.o ABSOLUTE
    ..\Drivers\STM32L0xx_HAL_Driver\Src\stm32l0xx_hal.c 0x00000000   Number         0  stm32l0xx_hal.o ABSOLUTE
    ..\Drivers\STM32L0xx_HAL_Driver\Src\stm32l0xx_hal_cortex.c 0x00000000   Number         0  stm32l0xx_hal_cortex.o ABSOLUTE
    ..\Drivers\STM32L0xx_HAL_Driver\Src\stm32l0xx_hal_dma.c 0x00000000   Number         0  stm32l0xx_hal_dma.o ABSOLUTE
    ..\Drivers\STM32L0xx_HAL_Driver\Src\stm32l0xx_hal_gpio.c 0x00000000   Number         0  stm32l0xx_hal_gpio.o ABSOLUTE
    ..\Drivers\STM32L0xx_HAL_Driver\Src\stm32l0xx_hal_rcc.c 0x00000000   Number         0  stm32l0xx_hal_rcc.o ABSOLUTE
    ..\Drivers\STM32L0xx_HAL_Driver\Src\stm32l0xx_hal_rcc_ex.c 0x00000000   Number         0  stm32l0xx_hal_rcc_ex.o ABSOLUTE
    ..\Drivers\STM32L0xx_HAL_Driver\Src\stm32l0xx_hal_uart.c 0x00000000   Number         0  stm32l0xx_hal_uart.o ABSOLUTE
    ..\Drivers\STM32L0xx_HAL_Driver\Src\stm32l0xx_hal_uart_ex.c 0x00000000   Number         0  stm32l0xx_hal_uart_ex.o ABSOLUTE
    ..\Drivers\STM32L0xx_HAL_Driver\Src\stm32l0xx_hal_usart.c 0x00000000   Number         0  stm32l0xx_hal_usart.o ABSOLUTE
    ..\HAL_CM.c                              0x00000000   Number         0  hal_cm.o ABSOLUTE
    ..\Src\main.c                            0x00000000   Number         0  main.o ABSOLUTE
    ..\Src\stm32l0xx_hal_msp.c               0x00000000   Number         0  stm32l0xx_hal_msp.o ABSOLUTE
    ..\Src\stm32l0xx_it.c                    0x00000000   Number         0  stm32l0xx_it.o ABSOLUTE
    ..\Src\uart.c                            0x00000000   Number         0  uart.o ABSOLUTE
    ..\Src\wifi_driver.c                     0x00000000   Number         0  wifi_driver.o ABSOLUTE
    ..\\Drivers\\STM32L0xx_HAL_Driver\\Src\\stm32l0xx_hal.c 0x00000000   Number         0  stm32l0xx_hal.o ABSOLUTE
    ..\\Drivers\\STM32L0xx_HAL_Driver\\Src\\stm32l0xx_hal_cortex.c 0x00000000   Number         0  stm32l0xx_hal_cortex.o ABSOLUTE
    ..\\Drivers\\STM32L0xx_HAL_Driver\\Src\\stm32l0xx_hal_dma.c 0x00000000   Number         0  stm32l0xx_hal_dma.o ABSOLUTE
    ..\\Drivers\\STM32L0xx_HAL_Driver\\Src\\stm32l0xx_hal_gpio.c 0x00000000   Number         0  stm32l0xx_hal_gpio.o ABSOLUTE
    ..\\Drivers\\STM32L0xx_HAL_Driver\\Src\\stm32l0xx_hal_rcc.c 0x00000000   Number         0  stm32l0xx_hal_rcc.o ABSOLUTE
    ..\\Drivers\\STM32L0xx_HAL_Driver\\Src\\stm32l0xx_hal_rcc_ex.c 0x00000000   Number         0  stm32l0xx_hal_rcc_ex.o ABSOLUTE
    ..\\Drivers\\STM32L0xx_HAL_Driver\\Src\\stm32l0xx_hal_uart.c 0x00000000   Number         0  stm32l0xx_hal_uart.o ABSOLUTE
    ..\\Drivers\\STM32L0xx_HAL_Driver\\Src\\stm32l0xx_hal_uart_ex.c 0x00000000   Number         0  stm32l0xx_hal_uart_ex.o ABSOLUTE
    ..\\Drivers\\STM32L0xx_HAL_Driver\\Src\\stm32l0xx_hal_usart.c 0x00000000   Number         0  stm32l0xx_hal_usart.o ABSOLUTE
    ..\\Src\\main.c                          0x00000000   Number         0  main.o ABSOLUTE
    ..\\Src\\stm32l0xx_hal_msp.c             0x00000000   Number         0  stm32l0xx_hal_msp.o ABSOLUTE
    ..\\Src\\stm32l0xx_it.c                  0x00000000   Number         0  stm32l0xx_it.o ABSOLUTE
    ..\\Src\\uart.c                          0x00000000   Number         0  uart.o ABSOLUTE
    ..\\rt_CMSIS.c                           0x00000000   Number         0  rt_cmsis.o ABSOLUTE
    ..\\rt_System.c                          0x00000000   Number         0  rt_system.o ABSOLUTE
    ..\rt_CMSIS.c                            0x00000000   Number         0  rt_cmsis.o ABSOLUTE
    ..\rt_Event.c                            0x00000000   Number         0  rt_event.o ABSOLUTE
    ..\rt_List.c                             0x00000000   Number         0  rt_list.o ABSOLUTE
    ..\rt_Mailbox.c                          0x00000000   Number         0  rt_mailbox.o ABSOLUTE
    ..\rt_MemBox.c                           0x00000000   Number         0  rt_membox.o ABSOLUTE
    ..\rt_Memory.c                           0x00000000   Number         0  rt_memory.o ABSOLUTE
    ..\rt_Mutex.c                            0x00000000   Number         0  rt_mutex.o ABSOLUTE
    ..\rt_Robin.c                            0x00000000   Number         0  rt_robin.o ABSOLUTE
    ..\rt_Semaphore.c                        0x00000000   Number         0  rt_semaphore.o ABSOLUTE
    ..\rt_System.c                           0x00000000   Number         0  rt_system.o ABSOLUTE
    ..\rt_Task.c                             0x00000000   Number         0  rt_task.o ABSOLUTE
    ..\rt_Time.c                             0x00000000   Number         0  rt_time.o ABSOLUTE
    HAL_CM0.c                                0x00000000   Number         0  hal_cm0.o ABSOLUTE
    HAL_CM0.c                                0x00000000   Number         0  hal_cm0.o ABSOLUTE
    RTE\CMSIS\RTX_Conf_CM.c                  0x00000000   Number         0  rtx_conf_cm.o ABSOLUTE
    RTE\Device\STM32L053C8\startup_stm32l053xx.s 0x00000000   Number         0  startup_stm32l053xx.o ABSOLUTE
    RTE\Device\STM32L053C8\system_stm32l0xx.c 0x00000000   Number         0  system_stm32l0xx.o ABSOLUTE
    RTE\\Device\\STM32L053C8\\system_stm32l0xx.c 0x00000000   Number         0  system_stm32l0xx.o ABSOLUTE
    SVC_Table.s                              0x00000000   Number         0  svc_table.o ABSOLUTE
    dc.s                                     0x00000000   Number         0  dc.o ABSOLUTE
    handlers.s                               0x00000000   Number         0  handlers.o ABSOLUTE
    init.s                                   0x00000000   Number         0  init.o ABSOLUTE
    RESET                                    0x08000000   Section      192  startup_stm32l053xx.o(RESET)
    .ARM.Collect$$$$00000000                 0x080000c0   Section        0  entry.o(.ARM.Collect$$$$00000000)
    .ARM.Collect$$$$00000001                 0x080000c0   Section        4  entry2.o(.ARM.Collect$$$$00000001)
    .ARM.Collect$$$$00000004                 0x080000c4   Section        4  entry5.o(.ARM.Collect$$$$00000004)
    .ARM.Collect$$$$00000008                 0x080000c8   Section        0  entry7b.o(.ARM.Collect$$$$00000008)
    .ARM.Collect$$$$0000000A                 0x080000c8   Section        0  entry8b.o(.ARM.Collect$$$$0000000A)
    .ARM.Collect$$$$0000000D                 0x080000c8   Section        0  entry10a.o(.ARM.Collect$$$$0000000D)
    .ARM.Collect$$$$0000000F                 0x080000c8   Section        0  entry11a.o(.ARM.Collect$$$$0000000F)
    .ARM.Collect$$$$000000FF                 0x080000c8   Section        0  rtx_conf_cm.o(.ARM.Collect$$$$000000FF)
    .ARM.Collect$$$$00002712                 0x080000e0   Section        4  entry2.o(.ARM.Collect$$$$00002712)
    __lit__00000000                          0x080000e0   Data           4  entry2.o(.ARM.Collect$$$$00002712)
    .emb_text                                0x080000e4   Section      356  hal_cm0.o(.emb_text)
    .text                                    0x08000248   Section       32  startup_stm32l053xx.o(.text)
    .text                                    0x08000268   Section        0  uidiv.o(.text)
    .text                                    0x08000294   Section        0  uldiv.o(.text)
    .text                                    0x080002f4   Section        0  llshl.o(.text)
    .text                                    0x08000314   Section        0  llushr.o(.text)
    .text                                    0x08000338   Section       36  init.o(.text)
    SVC_TABLE                                0x0800035c   Section        4  svc_table.o(SVC_TABLE)
    i.EXTI0_1_IRQHandler                     0x08000360   Section        0  stm32l0xx_it.o(i.EXTI0_1_IRQHandler)
    i.HAL_GPIO_EXTI_Callback                 0x0800036c   Section        0  main.o(i.HAL_GPIO_EXTI_Callback)
    i.HAL_GPIO_EXTI_IRQHandler               0x08000390   Section        0  stm32l0xx_hal_gpio.o(i.HAL_GPIO_EXTI_IRQHandler)
    i.HAL_GPIO_Init                          0x080003b0   Section        0  stm32l0xx_hal_gpio.o(i.HAL_GPIO_Init)
    i.HAL_GPIO_TogglePin                     0x0800059c   Section        0  stm32l0xx_hal_gpio.o(i.HAL_GPIO_TogglePin)
    i.HAL_GetTick                            0x080005a4   Section        0  stm32l0xx_hal.o(i.HAL_GetTick)
    i.HAL_Init                               0x080005c8   Section        0  stm32l0xx_hal.o(i.HAL_Init)
    i.HAL_InitTick                           0x080005f4   Section        0  stm32l0xx_hal.o(i.HAL_InitTick)
    i.HAL_MspInit                            0x0800061c   Section        0  stm32l0xx_hal_msp.o(i.HAL_MspInit)
    i.HAL_NVIC_EnableIRQ                     0x0800063c   Section        0  stm32l0xx_hal_cortex.o(i.HAL_NVIC_EnableIRQ)
    i.HAL_NVIC_SetPriority                   0x08000654   Section        0  stm32l0xx_hal_cortex.o(i.HAL_NVIC_SetPriority)
    i.HAL_RCC_GetHCLKFreq                    0x08000668   Section        0  stm32l0xx_hal_rcc.o(i.HAL_RCC_GetHCLKFreq)
    i.HAL_RCC_GetPCLK1Freq                   0x08000694   Section        0  stm32l0xx_hal_rcc.o(i.HAL_RCC_GetPCLK1Freq)
    i.HAL_RCC_GetPCLK2Freq                   0x080006b8   Section        0  stm32l0xx_hal_rcc.o(i.HAL_RCC_GetPCLK2Freq)
    i.HAL_RCC_GetSysClockFreq                0x080006dc   Section        0  stm32l0xx_hal_rcc.o(i.HAL_RCC_GetSysClockFreq)
    i.HAL_SYSTICK_Config                     0x080007a8   Section        0  stm32l0xx_hal_cortex.o(i.HAL_SYSTICK_Config)
    i.HAL_UART_Init                          0x080007e0   Section        0  stm32l0xx_hal_uart.o(i.HAL_UART_Init)
    i.HAL_UART_MspInit                       0x08000858   Section        0  stm32l0xx_hal_msp.o(i.HAL_UART_MspInit)
    i.HAL_UART_Receive                       0x080008a0   Section        0  stm32l0xx_hal_uart.o(i.HAL_UART_Receive)
    i.HAL_UART_Transmit                      0x080009ec   Section        0  stm32l0xx_hal_uart.o(i.HAL_UART_Transmit)
    i.MX_GPIO_Init                           0x08000adc   Section        0  main.o(i.MX_GPIO_Init)
    MX_GPIO_Init                             0x08000add   Thumb Code   126  main.o(i.MX_GPIO_Init)
    i.MX_USART1_UART_Init                    0x08000b6c   Section        0  uart.o(i.MX_USART1_UART_Init)
    MX_USART1_UART_Init                      0x08000b6d   Thumb Code    50  uart.o(i.MX_USART1_UART_Init)
    i.NVIC_SetPriority                       0x08000ba8   Section        0  stm32l0xx_hal_cortex.o(i.NVIC_SetPriority)
    NVIC_SetPriority                         0x08000ba9   Thumb Code   110  stm32l0xx_hal_cortex.o(i.NVIC_SetPriority)
    i.SystemClock_Config                     0x08000c20   Section        0  main.o(i.SystemClock_Config)
    SystemClock_Config                       0x08000c21   Thumb Code   248  main.o(i.SystemClock_Config)
    i.SystemCoreClockUpdate                  0x08000d24   Section        0  system_stm32l0xx.o(i.SystemCoreClockUpdate)
    i.SystemInit                             0x08000e24   Section        0  system_stm32l0xx.o(i.SystemInit)
    i.UART_AdvFeatureConfig                  0x08000e8c   Section        0  stm32l0xx_hal_uart.o(i.UART_AdvFeatureConfig)
    i.UART_CheckIdleState                    0x08000f7c   Section        0  stm32l0xx_hal_uart.o(i.UART_CheckIdleState)
    i.UART_SetConfig                         0x08000fdc   Section        0  stm32l0xx_hal_uart.o(i.UART_SetConfig)
    i.UART_WaitOnFlagUntilTimeout            0x08001264   Section        0  stm32l0xx_hal_uart.o(i.UART_WaitOnFlagUntilTimeout)
    i.__ARM_common_ll_muluu                  0x0800136e   Section        0  stm32l0xx_hal.o(i.__ARM_common_ll_muluu)
    i.__ARM_common_switch8                   0x0800139e   Section        0  stm32l0xx_hal_uart.o(i.__ARM_common_switch8)
    i.__scatterload_copy                     0x080013ba   Section       14  handlers.o(i.__scatterload_copy)
    i.__scatterload_null                     0x080013c8   Section        2  handlers.o(i.__scatterload_null)
    i.__scatterload_zeroinit                 0x080013ca   Section       14  handlers.o(i.__scatterload_zeroinit)
    i._init_box                              0x080013d8   Section        0  rt_membox.o(i._init_box)
    i.isrMessageGet                          0x08001420   Section        0  rt_cmsis.o(i.isrMessageGet)
    i.isrMessagePut                          0x0800144e   Section        0  rt_cmsis.o(i.isrMessagePut)
    i.isrSignalSet                           0x0800147e   Section        0  rt_cmsis.o(i.isrSignalSet)
    i.isr_evt_set                            0x080014a4   Section        0  rt_event.o(i.isr_evt_set)
    i.isr_mbx_receive                        0x080014c8   Section        0  rt_mailbox.o(i.isr_mbx_receive)
    i.isr_mbx_send                           0x0800150e   Section        0  rt_mailbox.o(i.isr_mbx_send)
    i.main                                   0x0800151c   Section        0  main.o(i.main)
    i.nvic_init                              0x0800155c   Section        0  main.o(i.nvic_init)
    nvic_init                                0x0800155d   Thumb Code    20  main.o(i.nvic_init)
    i.osDelay                                0x08001570   Section        0  rt_cmsis.o(i.osDelay)
    i.osKernelInitialize                     0x0800158c   Section        0  rt_cmsis.o(i.osKernelInitialize)
    i.osKernelStart                          0x080015b4   Section        0  rt_cmsis.o(i.osKernelStart)
    i.osKernelSysTick                        0x08001620   Section        0  rt_cmsis.o(i.osKernelSysTick)
    i.osMessageGet                           0x0800163c   Section        0  rt_cmsis.o(i.osMessageGet)
    i.osSignalClear                          0x08001658   Section        0  rt_cmsis.o(i.osSignalClear)
    i.osSignalSet                            0x08001674   Section        0  rt_cmsis.o(i.osSignalSet)
    i.osSignalWait                           0x08001690   Section        0  rt_cmsis.o(i.osSignalWait)
    i.osThreadCreate                         0x080016ac   Section        0  rt_cmsis.o(i.osThreadCreate)
    i.osThreadExit                           0x080016e0   Section        0  rt_cmsis.o(i.osThreadExit)
    i.osThreadGetId                          0x080016f8   Section        0  rt_cmsis.o(i.osThreadGetId)
    i.osThreadTerminate                      0x08001714   Section        0  rt_cmsis.o(i.osThreadTerminate)
    i.osTimerCall                            0x08001730   Section        0  rt_cmsis.o(i.osTimerCall)
    i.osTimerThread                          0x08001740   Section        0  rt_cmsis.o(i.osTimerThread)
    i.os_error                               0x0800176c   Section        0  rtx_conf_cm.o(i.os_error)
    i.os_idle_demon                          0x0800178c   Section        0  rtx_conf_cm.o(i.os_idle_demon)
    i.os_tick_init                           0x08001790   Section        0  rt_system.o(i.os_tick_init)
    i.os_tick_irqack                         0x080017bc   Section        0  rt_system.o(i.os_tick_irqack)
    i.os_tick_ovf                            0x080017c0   Section        0  rt_system.o(i.os_tick_ovf)
    i.os_tick_val                            0x080017d0   Section        0  rt_system.o(i.os_tick_val)
    i.rt_alloc_box                           0x080017e4   Section        0  rt_membox.o(i.rt_alloc_box)
    i.rt_alloc_mem                           0x08001802   Section        0  rt_memory.o(i.rt_alloc_mem)
    i.rt_block                               0x08001844   Section        0  rt_task.o(i.rt_block)
    i.rt_chk_robin                           0x0800187c   Section        0  rt_robin.o(i.rt_chk_robin)
    i.rt_dec_dly                             0x080018c0   Section        0  rt_list.o(i.rt_dec_dly)
    i.rt_dispatch                            0x08001934   Section        0  rt_task.o(i.rt_dispatch)
    i.rt_dly_wait                            0x08001974   Section        0  rt_time.o(i.rt_dly_wait)
    i.rt_evt_clr                             0x08001980   Section        0  rt_event.o(i.rt_evt_clr)
    i.rt_evt_psh                             0x0800199c   Section        0  rt_event.o(i.rt_evt_psh)
    i.rt_evt_set                             0x080019ec   Section        0  rt_event.o(i.rt_evt_set)
    i.rt_evt_wait                            0x08001a48   Section        0  rt_event.o(i.rt_evt_wait)
    i.rt_free_box                            0x08001a88   Section        0  rt_membox.o(i.rt_free_box)
    i.rt_free_mem                            0x08001aae   Section        0  rt_memory.o(i.rt_free_mem)
    i.rt_get_first                           0x08001ade   Section        0  rt_list.o(i.rt_get_first)
    i.rt_id2obj                              0x08001b08   Section        0  rt_cmsis.o(i.rt_id2obj)
    rt_id2obj                                0x08001b09   Thumb Code     8  rt_cmsis.o(i.rt_id2obj)
    i.rt_init_context                        0x08001b10   Section        0  rt_task.o(i.rt_init_context)
    rt_init_context                          0x08001b11   Thumb Code    66  rt_task.o(i.rt_init_context)
    i.rt_init_mem                            0x08001b58   Section        0  rt_memory.o(i.rt_init_mem)
    i.rt_init_robin                          0x08001b74   Section        0  rt_robin.o(i.rt_init_robin)
    i.rt_init_stack                          0x08001b8c   Section        0  hal_cm.o(i.rt_init_stack)
    i.rt_mbx_check                           0x08001c04   Section        0  rt_mailbox.o(i.rt_mbx_check)
    i.rt_mbx_init                            0x08001c0c   Section        0  rt_mailbox.o(i.rt_mbx_init)
    i.rt_mbx_psh                             0x08001c30   Section        0  rt_mailbox.o(i.rt_mbx_psh)
    i.rt_mbx_wait                            0x08001d00   Section        0  rt_mailbox.o(i.rt_mbx_wait)
    i.rt_ms2tick                             0x08001db0   Section        0  rt_cmsis.o(i.rt_ms2tick)
    rt_ms2tick                               0x08001db1   Thumb Code    58  rt_cmsis.o(i.rt_ms2tick)
    i.rt_pop_req                             0x08001df8   Section        0  rt_system.o(i.rt_pop_req)
    i.rt_psh_req                             0x08001e68   Section        0  rt_system.o(i.rt_psh_req)
    i.rt_psq_enq                             0x08001e88   Section        0  rt_list.o(i.rt_psq_enq)
    i.rt_put_dly                             0x08001ec8   Section        0  rt_list.o(i.rt_put_dly)
    i.rt_put_prio                            0x08001f18   Section        0  rt_list.o(i.rt_put_prio)
    i.rt_put_rdy_first                       0x08001f54   Section        0  rt_list.o(i.rt_put_rdy_first)
    i.rt_resort_prio                         0x08001f68   Section        0  rt_list.o(i.rt_resort_prio)
    i.rt_ret_val                             0x08001f98   Section        0  hal_cm.o(i.rt_ret_val)
    i.rt_ret_val2                            0x08001f9e   Section        0  hal_cm.o(i.rt_ret_val2)
    i.rt_rmv_dly                             0x08001fa6   Section        0  rt_list.o(i.rt_rmv_dly)
    i.rt_rmv_list                            0x08001fd0   Section        0  rt_list.o(i.rt_rmv_list)
    i.rt_sem_psh                             0x08002004   Section        0  rt_semaphore.o(i.rt_sem_psh)
    i.rt_stk_check                           0x08002038   Section        0  rt_system.o(i.rt_stk_check)
    i.rt_switch_req                          0x08002060   Section        0  rt_task.o(i.rt_switch_req)
    i.rt_sys_init                            0x08002070   Section        0  rt_task.o(i.rt_sys_init)
    i.rt_sys_start                           0x08002138   Section        0  rt_task.o(i.rt_sys_start)
    i.rt_systick                             0x0800219c   Section        0  rt_system.o(i.rt_systick)
    i.rt_tid2ptcb                            0x080021d8   Section        0  rt_cmsis.o(i.rt_tid2ptcb)
    rt_tid2ptcb                              0x080021d9   Thumb Code    18  rt_cmsis.o(i.rt_tid2ptcb)
    i.rt_timer_insert                        0x080021ec   Section        0  rt_cmsis.o(i.rt_timer_insert)
    rt_timer_insert                          0x080021ed   Thumb Code    52  rt_cmsis.o(i.rt_timer_insert)
    i.rt_tsk_create                          0x08002224   Section        0  rt_task.o(i.rt_tsk_create)
    i.rt_tsk_delete                          0x0800229c   Section        0  rt_task.o(i.rt_tsk_delete)
    i.rt_tsk_prio                            0x080023d8   Section        0  rt_task.o(i.rt_tsk_prio)
    i.rt_tsk_self                            0x08002458   Section        0  rt_task.o(i.rt_tsk_self)
    i.svcDelay                               0x08002468   Section        0  rt_cmsis.o(i.svcDelay)
    i.svcKernelInitialize                    0x0800247c   Section        0  rt_cmsis.o(i.svcKernelInitialize)
    i.svcKernelStart                         0x080024f4   Section        0  rt_cmsis.o(i.svcKernelStart)
    i.svcKernelSysTick                       0x08002540   Section        0  rt_cmsis.o(i.svcKernelSysTick)
    i.svcMessageCreate                       0x08002578   Section        0  rt_cmsis.o(i.svcMessageCreate)
    i.svcMessageGet                          0x080025a2   Section        0  rt_cmsis.o(i.svcMessageGet)
    i.svcSignalClear                         0x080025de   Section        0  rt_cmsis.o(i.svcSignalClear)
    i.svcSignalSet                           0x08002604   Section        0  rt_cmsis.o(i.svcSignalSet)
    i.svcSignalWait                          0x0800262c   Section        0  rt_cmsis.o(i.svcSignalWait)
    i.svcThreadCreate                        0x08002688   Section        0  rt_cmsis.o(i.svcThreadCreate)
    i.svcThreadGetId                         0x08002700   Section        0  rt_cmsis.o(i.svcThreadGetId)
    i.svcThreadTerminate                     0x0800271c   Section        0  rt_cmsis.o(i.svcThreadTerminate)
    i.svcTimerCall                           0x08002758   Section        0  rt_cmsis.o(i.svcTimerCall)
    i.sysTimerTick                           0x08002774   Section        0  rt_cmsis.o(i.sysTimerTick)
    i.uart_thread                            0x080027cc   Section        0  uart.o(i.uart_thread)
    .constdata                               0x0800285c   Section       16  main.o(.constdata)
    .constdata                               0x0800286c   Section      138  uart.o(.constdata)
    TEST_COMMAND                             0x0800286c   Data          13  uart.o(.constdata)
    ENTER_COMMAND_MODE                       0x08002879   Data           4  uart.o(.constdata)
    EXIT_COMMAND_MODE                        0x0800287d   Data           5  uart.o(.constdata)
    CONNECT_TO_SERVER                        0x08002882   Data          22  uart.o(.constdata)
    DISCONNECT_FROM_SERVER                   0x08002898   Data           6  uart.o(.constdata)
    SET_AUTHENTICATION                       0x0800289e   Data          16  uart.o(.constdata)
    SET_SSID                                 0x080028ae   Data          21  uart.o(.constdata)
    SET_PASSPHRASE                           0x080028c3   Data          23  uart.o(.constdata)
    SET_JOIN_MODE                            0x080028da   Data          16  uart.o(.constdata)
    SAVE                                     0x080028ea   Data           5  uart.o(.constdata)
    REBOOT                                   0x080028ef   Data           7  uart.o(.constdata)
    .constdata                               0x080028f8   Section       28  stm32l0xx_hal_rcc.o(.constdata)
    .constdata                               0x08002914   Section       86  rtx_conf_cm.o(.constdata)
    __tagsym$$used                           0x08002930   Number         0  rtx_conf_cm.o(.constdata)
    __tagsym$$used                           0x08002934   Number         0  rtx_conf_cm.o(.constdata)
    __tagsym$$used                           0x08002938   Number         0  rtx_conf_cm.o(.constdata)
    __tagsym$$used                           0x0800293c   Number         0  rtx_conf_cm.o(.constdata)
    .data                                    0x20000000   Section        4  main.o(.data)
    .data                                    0x20000004   Section       25  stm32l0xx_hal_rcc.o(.data)
    PLLMulTable                              0x20000004   Data           9  stm32l0xx_hal_rcc.o(.data)
    APBAHBPrescTable                         0x2000000d   Data          16  stm32l0xx_hal_rcc.o(.data)
    .data                                    0x20000020   Section       32  rtx_conf_cm.o(.data)
    .data                                    0x20000040   Section       29  system_stm32l0xx.o(.data)
    .data                                    0x20000060   Section        8  rt_cmsis.o(.data)
    .data                                    0x20000068   Section        8  rt_task.o(.data)
    .data                                    0x20000070   Section        8  rt_system.o(.data)
    os_lock                                  0x20000070   Data           1  rt_system.o(.data)
    os_psh_flag                              0x20000071   Data           1  rt_system.o(.data)
    pend_flags                               0x20000072   Data           1  rt_system.o(.data)
    .data                                    0x20000078   Section        4  rt_time.o(.data)
    .data                                    0x2000007c   Section        8  rt_robin.o(.data)
    .bss                                     0x20000084   Section      208  uart.o(.bss)
    rx_buffer                                0x200000f0   Data         100  uart.o(.bss)
    .bss                                     0x20000158   Section     2216  rtx_conf_cm.o(.bss)
    .bss                                     0x20000a00   Section       52  rt_task.o(.bss)
    .bss                                     0x20000a34   Section       48  rt_list.o(.bss)
    STACK                                    0x20000a68   Section     1024  startup_stm32l053xx.o(STACK)

    Global Symbols

    Symbol Name                              Value     Ov Type        Size  Object(Section)

    BuildAttributes$$THM_ISAv3M$S$PE$A:L22$X:L11$S22$IEEE1$IW$USESV6$~STKCKD$USESV7$~SHL$OSPACE$EBA8$MICROLIB$REQ8$PRES8$EABIv2 0x00000000   Number         0  anon$$obj.o ABSOLUTE
    __ARM_use_no_argv                        0x00000000   Number         0  main.o ABSOLUTE
    __cpp_initialize__aeabi_                  - Undefined Weak Reference
    __cxa_finalize                            - Undefined Weak Reference
    __decompress                              - Undefined Weak Reference
    _clock_init                               - Undefined Weak Reference
    _microlib_exit                            - Undefined Weak Reference
    __Vectors_Size                           0x000000c0   Number         0  startup_stm32l053xx.o ABSOLUTE
    __RL_RTX_VER                             0x00000479   Number         0  rt_system.o ABSOLUTE
    __Vectors                                0x08000000   Data           4  startup_stm32l053xx.o(RESET)
    __Vectors_End                            0x080000c0   Data           0  startup_stm32l053xx.o(RESET)
    __main                                   0x080000c1   Thumb Code     0  entry.o(.ARM.Collect$$$$00000000)
    _main_stk                                0x080000c1   Thumb Code     0  entry2.o(.ARM.Collect$$$$00000001)
    _main_scatterload                        0x080000c5   Thumb Code     0  entry5.o(.ARM.Collect$$$$00000004)
    __main_after_scatterload                 0x080000c9   Thumb Code     0  entry5.o(.ARM.Collect$$$$00000004)
    __rt_final_cpp                           0x080000c9   Thumb Code     0  entry10a.o(.ARM.Collect$$$$0000000D)
    __rt_final_exit                          0x080000c9   Thumb Code     0  entry11a.o(.ARM.Collect$$$$0000000F)
    _main_clock                              0x080000c9   Thumb Code     0  entry7b.o(.ARM.Collect$$$$00000008)
    _main_cpp_init                           0x080000c9   Thumb Code     0  entry8b.o(.ARM.Collect$$$$0000000A)
    _main_init                               0x080000c9   Thumb Code    18  rtx_conf_cm.o(.ARM.Collect$$$$000000FF)
    rt_set_PSP                               0x080000e5   Thumb Code     6  hal_cm0.o(.emb_text)
    rt_get_PSP                               0x080000eb   Thumb Code     6  hal_cm0.o(.emb_text)
    os_set_env                               0x080000f1   Thumb Code    32  hal_cm0.o(.emb_text)
    _alloc_box                               0x08000115   Thumb Code    28  hal_cm0.o(.emb_text)
    _free_box                                0x08000135   Thumb Code    28  hal_cm0.o(.emb_text)
    SVC_Handler                              0x08000155   Thumb Code   136  hal_cm0.o(.emb_text)
    PendSV_Handler                           0x080001e9   Thumb Code    72  hal_cm0.o(.emb_text)
    SysTick_Handler                          0x08000235   Thumb Code     8  hal_cm0.o(.emb_text)
    OS_Tick_Handler                          0x0800023d   Thumb Code    12  hal_cm0.o(.emb_text)
    Reset_Handler                            0x08000249   Thumb Code     8  startup_stm32l053xx.o(.text)
    NMI_Handler                              0x08000251   Thumb Code     2  startup_stm32l053xx.o(.text)
    HardFault_Handler                        0x08000253   Thumb Code     2  startup_stm32l053xx.o(.text)
    DebugMon_Handler                         0x08000257   Thumb Code     2  startup_stm32l053xx.o(.text)
    ADC1_COMP_IRQHandler                     0x0800025d   Thumb Code     0  startup_stm32l053xx.o(.text)
    DMA1_Channel1_IRQHandler                 0x0800025d   Thumb Code     0  startup_stm32l053xx.o(.text)
    DMA1_Channel2_3_IRQHandler               0x0800025d   Thumb Code     0  startup_stm32l053xx.o(.text)
    DMA1_Channel4_5_6_7_IRQHandler           0x0800025d   Thumb Code     0  startup_stm32l053xx.o(.text)
    EXTI2_3_IRQHandler                       0x0800025d   Thumb Code     0  startup_stm32l053xx.o(.text)
    EXTI4_15_IRQHandler                      0x0800025d   Thumb Code     0  startup_stm32l053xx.o(.text)
    FLASH_IRQHandler                         0x0800025d   Thumb Code     0  startup_stm32l053xx.o(.text)
    I2C1_IRQHandler                          0x0800025d   Thumb Code     0  startup_stm32l053xx.o(.text)
    I2C2_IRQHandler                          0x0800025d   Thumb Code     0  startup_stm32l053xx.o(.text)
    LCD_IRQHandler                           0x0800025d   Thumb Code     0  startup_stm32l053xx.o(.text)
    LPTIM1_IRQHandler                        0x0800025d   Thumb Code     0  startup_stm32l053xx.o(.text)
    PVD_IRQHandler                           0x0800025d   Thumb Code     0  startup_stm32l053xx.o(.text)
    RCC_CRS_IRQHandler                       0x0800025d   Thumb Code     0  startup_stm32l053xx.o(.text)
    RNG_LPUART1_IRQHandler                   0x0800025d   Thumb Code     0  startup_stm32l053xx.o(.text)
    RTC_IRQHandler                           0x0800025d   Thumb Code     0  startup_stm32l053xx.o(.text)
    SPI1_IRQHandler                          0x0800025d   Thumb Code     0  startup_stm32l053xx.o(.text)
    SPI2_IRQHandler                          0x0800025d   Thumb Code     0  startup_stm32l053xx.o(.text)
    TIM21_IRQHandler                         0x0800025d   Thumb Code     0  startup_stm32l053xx.o(.text)
    TIM22_IRQHandler                         0x0800025d   Thumb Code     0  startup_stm32l053xx.o(.text)
    TIM2_IRQHandler                          0x0800025d   Thumb Code     0  startup_stm32l053xx.o(.text)
    TIM6_DAC_IRQHandler                      0x0800025d   Thumb Code     0  startup_stm32l053xx.o(.text)
    TSC_IRQHandler                           0x0800025d   Thumb Code     0  startup_stm32l053xx.o(.text)
    USART1_IRQHandler                        0x0800025d   Thumb Code     0  startup_stm32l053xx.o(.text)
    USART2_IRQHandler                        0x0800025d   Thumb Code     0  startup_stm32l053xx.o(.text)
    USB_IRQHandler                           0x0800025d   Thumb Code     0  startup_stm32l053xx.o(.text)
    WWDG_IRQHandler                          0x0800025d   Thumb Code     0  startup_stm32l053xx.o(.text)
    __aeabi_uidiv                            0x08000269   Thumb Code     0  uidiv.o(.text)
    __aeabi_uidivmod                         0x08000269   Thumb Code    44  uidiv.o(.text)
    __aeabi_uldivmod                         0x08000295   Thumb Code    96  uldiv.o(.text)
    __aeabi_llsl                             0x080002f5   Thumb Code    32  llshl.o(.text)
    _ll_shift_l                              0x080002f5   Thumb Code     0  llshl.o(.text)
    __aeabi_llsr                             0x08000315   Thumb Code    34  llushr.o(.text)
    _ll_ushift_r                             0x08000315   Thumb Code     0  llushr.o(.text)
    __scatterload                            0x08000339   Thumb Code    28  init.o(.text)
    __scatterload_rt2                        0x08000339   Thumb Code     0  init.o(.text)
    SVC_Count                                0x0800035c   Data           4  svc_table.o(SVC_TABLE)
    EXTI0_1_IRQHandler                       0x08000361   Thumb Code    10  stm32l0xx_it.o(i.EXTI0_1_IRQHandler)
    SVC_Table                                0x08000360   Data           0  svc_table.o(SVC_TABLE)
    HAL_GPIO_EXTI_Callback                   0x0800036d   Thumb Code    28  main.o(i.HAL_GPIO_EXTI_Callback)
    HAL_GPIO_EXTI_IRQHandler                 0x08000391   Thumb Code    26  stm32l0xx_hal_gpio.o(i.HAL_GPIO_EXTI_IRQHandler)
    HAL_GPIO_Init                            0x080003b1   Thumb Code   462  stm32l0xx_hal_gpio.o(i.HAL_GPIO_Init)
    HAL_GPIO_TogglePin                       0x0800059d   Thumb Code     8  stm32l0xx_hal_gpio.o(i.HAL_GPIO_TogglePin)
    HAL_GetTick                              0x080005a5   Thumb Code    30  stm32l0xx_hal.o(i.HAL_GetTick)
    HAL_Init                                 0x080005c9   Thumb Code    40  stm32l0xx_hal.o(i.HAL_Init)
    HAL_InitTick                             0x080005f5   Thumb Code    38  stm32l0xx_hal.o(i.HAL_InitTick)
    HAL_MspInit                              0x0800061d   Thumb Code    26  stm32l0xx_hal_msp.o(i.HAL_MspInit)
    HAL_NVIC_EnableIRQ                       0x0800063d   Thumb Code    18  stm32l0xx_hal_cortex.o(i.HAL_NVIC_EnableIRQ)
    HAL_NVIC_SetPriority                     0x08000655   Thumb Code    18  stm32l0xx_hal_cortex.o(i.HAL_NVIC_SetPriority)
    HAL_RCC_GetHCLKFreq                      0x08000669   Thumb Code    32  stm32l0xx_hal_rcc.o(i.HAL_RCC_GetHCLKFreq)
    HAL_RCC_GetPCLK1Freq                     0x08000695   Thumb Code    26  stm32l0xx_hal_rcc.o(i.HAL_RCC_GetPCLK1Freq)
    HAL_RCC_GetPCLK2Freq                     0x080006b9   Thumb Code    26  stm32l0xx_hal_rcc.o(i.HAL_RCC_GetPCLK2Freq)
    HAL_RCC_GetSysClockFreq                  0x080006dd   Thumb Code   180  stm32l0xx_hal_rcc.o(i.HAL_RCC_GetSysClockFreq)
    HAL_SYSTICK_Config                       0x080007a9   Thumb Code    46  stm32l0xx_hal_cortex.o(i.HAL_SYSTICK_Config)
    HAL_UART_Init                            0x080007e1   Thumb Code   118  stm32l0xx_hal_uart.o(i.HAL_UART_Init)
    HAL_UART_MspInit                         0x08000859   Thumb Code    64  stm32l0xx_hal_msp.o(i.HAL_UART_MspInit)
    HAL_UART_Receive                         0x080008a1   Thumb Code   328  stm32l0xx_hal_uart.o(i.HAL_UART_Receive)
    HAL_UART_Transmit                        0x080009ed   Thumb Code   240  stm32l0xx_hal_uart.o(i.HAL_UART_Transmit)
    SystemCoreClockUpdate                    0x08000d25   Thumb Code   230  system_stm32l0xx.o(i.SystemCoreClockUpdate)
    SystemInit                               0x08000e25   Thumb Code    88  system_stm32l0xx.o(i.SystemInit)
    UART_AdvFeatureConfig                    0x08000e8d   Thumb Code   240  stm32l0xx_hal_uart.o(i.UART_AdvFeatureConfig)
    UART_CheckIdleState                      0x08000f7d   Thumb Code    92  stm32l0xx_hal_uart.o(i.UART_CheckIdleState)
    UART_SetConfig                           0x08000fdd   Thumb Code   610  stm32l0xx_hal_uart.o(i.UART_SetConfig)
    UART_WaitOnFlagUntilTimeout              0x08001265   Thumb Code   266  stm32l0xx_hal_uart.o(i.UART_WaitOnFlagUntilTimeout)
    __ARM_common_ll_muluu                    0x0800136f   Thumb Code    48  stm32l0xx_hal.o(i.__ARM_common_ll_muluu)
    __ARM_common_switch8                     0x0800139f   Thumb Code    28  stm32l0xx_hal_uart.o(i.__ARM_common_switch8)
    __scatterload_copy                       0x080013bb   Thumb Code    14  handlers.o(i.__scatterload_copy)
    __scatterload_null                       0x080013c9   Thumb Code     2  handlers.o(i.__scatterload_null)
    __scatterload_zeroinit                   0x080013cb   Thumb Code    14  handlers.o(i.__scatterload_zeroinit)
    _init_box                                0x080013d9   Thumb Code    72  rt_membox.o(i._init_box)
    isrMessageGet                            0x08001421   Thumb Code    46  rt_cmsis.o(i.isrMessageGet)
    isrMessagePut                            0x0800144f   Thumb Code    48  rt_cmsis.o(i.isrMessagePut)
    isrSignalSet                             0x0800147f   Thumb Code    38  rt_cmsis.o(i.isrSignalSet)
    isr_evt_set                              0x080014a5   Thumb Code    30  rt_event.o(i.isr_evt_set)
    isr_mbx_receive                          0x080014c9   Thumb Code    70  rt_mailbox.o(i.isr_mbx_receive)
    isr_mbx_send                             0x0800150f   Thumb Code    12  rt_mailbox.o(i.isr_mbx_send)
    main                                     0x0800151d   Thumb Code    56  main.o(i.main)
    osDelay                                  0x08001571   Thumb Code    22  rt_cmsis.o(i.osDelay)
    osKernelInitialize                       0x0800158d   Thumb Code    36  rt_cmsis.o(i.osKernelInitialize)
    osKernelStart                            0x080015b5   Thumb Code   100  rt_cmsis.o(i.osKernelStart)
    osKernelSysTick                          0x08001621   Thumb Code    22  rt_cmsis.o(i.osKernelSysTick)
    osMessageGet                             0x0800163d   Thumb Code    24  rt_cmsis.o(i.osMessageGet)
    osSignalClear                            0x08001659   Thumb Code    24  rt_cmsis.o(i.osSignalClear)
    osSignalSet                              0x08001675   Thumb Code    24  rt_cmsis.o(i.osSignalSet)
    osSignalWait                             0x08001691   Thumb Code    22  rt_cmsis.o(i.osSignalWait)
    osThreadCreate                           0x080016ad   Thumb Code    44  rt_cmsis.o(i.osThreadCreate)
    osThreadExit                             0x080016e1   Thumb Code    14  rt_cmsis.o(i.osThreadExit)
    osThreadGetId                            0x080016f9   Thumb Code    22  rt_cmsis.o(i.osThreadGetId)
    osThreadTerminate                        0x08001715   Thumb Code    22  rt_cmsis.o(i.osThreadTerminate)
    osTimerCall                              0x08001731   Thumb Code    10  rt_cmsis.o(i.osTimerCall)
    osTimerThread                            0x08001741   Thumb Code    38  rt_cmsis.o(i.osTimerThread)
    os_error                                 0x0800176d   Thumb Code    32  rtx_conf_cm.o(i.os_error)
    os_idle_demon                            0x0800178d   Thumb Code     4  rtx_conf_cm.o(i.os_idle_demon)
    os_tick_init                             0x08001791   Thumb Code    32  rt_system.o(i.os_tick_init)
    os_tick_irqack                           0x080017bd   Thumb Code     2  rt_system.o(i.os_tick_irqack)
    os_tick_ovf                              0x080017c1   Thumb Code    10  rt_system.o(i.os_tick_ovf)
    os_tick_val                              0x080017d1   Thumb Code    12  rt_system.o(i.os_tick_val)
    rt_alloc_box                             0x080017e5   Thumb Code    30  rt_membox.o(i.rt_alloc_box)
    rt_alloc_mem                             0x08001803   Thumb Code    66  rt_memory.o(i.rt_alloc_mem)
    rt_block                                 0x08001845   Thumb Code    42  rt_task.o(i.rt_block)
    rt_chk_robin                             0x0800187d   Thumb Code    56  rt_robin.o(i.rt_chk_robin)
    rt_dec_dly                               0x080018c1   Thumb Code   108  rt_list.o(i.rt_dec_dly)
    rt_dispatch                              0x08001935   Thumb Code    56  rt_task.o(i.rt_dispatch)
    rt_dly_wait                              0x08001975   Thumb Code    10  rt_time.o(i.rt_dly_wait)
    rt_evt_clr                               0x08001981   Thumb Code    22  rt_event.o(i.rt_evt_clr)
    rt_evt_psh                               0x0800199d   Thumb Code    74  rt_event.o(i.rt_evt_psh)
    rt_evt_set                               0x080019ed   Thumb Code    86  rt_event.o(i.rt_evt_set)
    rt_evt_wait                              0x08001a49   Thumb Code    58  rt_event.o(i.rt_evt_wait)
    rt_free_box                              0x08001a89   Thumb Code    38  rt_membox.o(i.rt_free_box)
    rt_free_mem                              0x08001aaf   Thumb Code    48  rt_memory.o(i.rt_free_mem)
    rt_get_first                             0x08001adf   Thumb Code    42  rt_list.o(i.rt_get_first)
    rt_init_mem                              0x08001b59   Thumb Code    28  rt_memory.o(i.rt_init_mem)
    rt_init_robin                            0x08001b75   Thumb Code    14  rt_robin.o(i.rt_init_robin)
    rt_init_stack                            0x08001b8d   Thumb Code   106  hal_cm.o(i.rt_init_stack)
    rt_mbx_check                             0x08001c05   Thumb Code     8  rt_mailbox.o(i.rt_mbx_check)
    rt_mbx_init                              0x08001c0d   Thumb Code    30  rt_mailbox.o(i.rt_mbx_init)
    rt_mbx_psh                               0x08001c31   Thumb Code   204  rt_mailbox.o(i.rt_mbx_psh)
    rt_mbx_wait                              0x08001d01   Thumb Code   170  rt_mailbox.o(i.rt_mbx_wait)
    rt_pop_req                               0x08001df9   Thumb Code   100  rt_system.o(i.rt_pop_req)
    rt_psh_req                               0x08001e69   Thumb Code    24  rt_system.o(i.rt_psh_req)
    rt_psq_enq                               0x08001e89   Thumb Code    60  rt_list.o(i.rt_psq_enq)
    rt_put_dly                               0x08001ec9   Thumb Code    74  rt_list.o(i.rt_put_dly)
    rt_put_prio                              0x08001f19   Thumb Code    60  rt_list.o(i.rt_put_prio)
    rt_put_rdy_first                         0x08001f55   Thumb Code    14  rt_list.o(i.rt_put_rdy_first)
    rt_resort_prio                           0x08001f69   Thumb Code    44  rt_list.o(i.rt_resort_prio)
    rt_ret_val                               0x08001f99   Thumb Code     6  hal_cm.o(i.rt_ret_val)
    rt_ret_val2                              0x08001f9f   Thumb Code     8  hal_cm.o(i.rt_ret_val2)
    rt_rmv_dly                               0x08001fa7   Thumb Code    42  rt_list.o(i.rt_rmv_dly)
    rt_rmv_list                              0x08001fd1   Thumb Code    46  rt_list.o(i.rt_rmv_list)
    rt_sem_psh                               0x08002005   Thumb Code    48  rt_semaphore.o(i.rt_sem_psh)
    rt_stk_check                             0x08002039   Thumb Code    30  rt_system.o(i.rt_stk_check)
    rt_switch_req                            0x08002061   Thumb Code    10  rt_task.o(i.rt_switch_req)
    rt_sys_init                              0x08002071   Thumb Code   134  rt_task.o(i.rt_sys_init)
    rt_sys_start                             0x08002139   Thumb Code    82  rt_task.o(i.rt_sys_start)
    rt_systick                               0x0800219d   Thumb Code    48  rt_system.o(i.rt_systick)
    rt_tsk_create                            0x08002225   Thumb Code   106  rt_task.o(i.rt_tsk_create)
    rt_tsk_delete                            0x0800229d   Thumb Code   290  rt_task.o(i.rt_tsk_delete)
    rt_tsk_prio                              0x080023d9   Thumb Code   112  rt_task.o(i.rt_tsk_prio)
    rt_tsk_self                              0x08002459   Thumb Code    12  rt_task.o(i.rt_tsk_self)
    svcDelay                                 0x08002469   Thumb Code    18  rt_cmsis.o(i.svcDelay)
    svcKernelInitialize                      0x0800247d   Thumb Code    86  rt_cmsis.o(i.svcKernelInitialize)
    svcKernelStart                           0x080024f5   Thumb Code    66  rt_cmsis.o(i.svcKernelStart)
    svcKernelSysTick                         0x08002541   Thumb Code    48  rt_cmsis.o(i.svcKernelSysTick)
    svcMessageCreate                         0x08002579   Thumb Code    42  rt_cmsis.o(i.svcMessageCreate)
    svcMessageGet                            0x080025a3   Thumb Code    60  rt_cmsis.o(i.svcMessageGet)
    svcSignalClear                           0x080025df   Thumb Code    38  rt_cmsis.o(i.svcSignalClear)
    svcSignalSet                             0x08002605   Thumb Code    38  rt_cmsis.o(i.svcSignalSet)
    svcSignalWait                            0x0800262d   Thumb Code    82  rt_cmsis.o(i.svcSignalWait)
    svcThreadCreate                          0x08002689   Thumb Code   106  rt_cmsis.o(i.svcThreadCreate)
    svcThreadGetId                           0x08002701   Thumb Code    22  rt_cmsis.o(i.svcThreadGetId)
    svcThreadTerminate                       0x0800271d   Thumb Code    56  rt_cmsis.o(i.svcThreadTerminate)
    svcTimerCall                             0x08002759   Thumb Code    28  rt_cmsis.o(i.svcTimerCall)
    sysTimerTick                             0x08002775   Thumb Code    78  rt_cmsis.o(i.sysTimerTick)
    uart_thread                              0x080027cd   Thumb Code   124  uart.o(i.uart_thread)
    os_thread_def_uart_thread                0x0800285c   Data          16  main.o(.constdata)
    MSIRangeTable                            0x080028f8   Data          28  stm32l0xx_hal_rcc.o(.constdata)
    os_maxtaskrun                            0x08002914   Data           2  rtx_conf_cm.o(.constdata)
    os_stackinfo                             0x08002918   Data           4  rtx_conf_cm.o(.constdata)
    os_rrobin                                0x0800291c   Data           4  rtx_conf_cm.o(.constdata)
    os_tickfreq                              0x08002920   Data           4  rtx_conf_cm.o(.constdata)
    os_tickus_i                              0x08002924   Data           2  rtx_conf_cm.o(.constdata)
    os_tickus_f                              0x08002926   Data           2  rtx_conf_cm.o(.constdata)
    os_trv                                   0x08002928   Data           4  rtx_conf_cm.o(.constdata)
    os_flags                                 0x0800292c   Data           1  rtx_conf_cm.o(.constdata)
    CMSIS_RTOS_API_Version                   0x08002930   Data           4  rtx_conf_cm.o(.constdata)
    CMSIS_RTOS_RTX_Version                   0x08002934   Data           4  rtx_conf_cm.o(.constdata)
    os_clockrate                             0x08002938   Data           4  rtx_conf_cm.o(.constdata)
    os_timernum                              0x0800293c   Data           4  rtx_conf_cm.o(.constdata)
    mp_tcb_size                              0x08002940   Data           2  rtx_conf_cm.o(.constdata)
    mp_stk_size                              0x08002944   Data           4  rtx_conf_cm.o(.constdata)
    os_stack_sz                              0x08002948   Data           4  rtx_conf_cm.o(.constdata)
    os_fifo_size                             0x0800294c   Data           1  rtx_conf_cm.o(.constdata)
    os_thread_def_osTimerThread              0x08002950   Data          16  rtx_conf_cm.o(.constdata)
    os_messageQ_def_osTimerMessageQ          0x08002960   Data           8  rtx_conf_cm.o(.constdata)
    mp_tmr_size                              0x08002968   Data           2  rtx_conf_cm.o(.constdata)
    Region$$Table$$Base                      0x0800296c   Number         0  anon$$obj.o(Region$$Table)
    Region$$Table$$Limit                     0x0800298c   Number         0  anon$$obj.o(Region$$Table)
    tid_uart                                 0x20000000   Data           4  main.o(.data)
    osThreadId_osTimerThread                 0x20000020   Data           4  rtx_conf_cm.o(.data)
    osMessageQId_osTimerMessageQ             0x20000024   Data           4  rtx_conf_cm.o(.data)
    os_tmr                                   0x20000028   Data           4  rtx_conf_cm.o(.data)
    m_tmr                                    0x2000002c   Data           4  rtx_conf_cm.o(.data)
    os_thread_def_main                       0x20000030   Data          16  rtx_conf_cm.o(.data)
    SystemCoreClock                          0x20000040   Data           4  system_stm32l0xx.o(.data)
    AHBPrescTable                            0x20000044   Data          16  system_stm32l0xx.o(.data)
    PLLMulTable                              0x20000054   Data           9  system_stm32l0xx.o(.data)
    os_initialized                           0x20000060   Data           1  rt_cmsis.o(.data)
    os_running                               0x20000061   Data           1  rt_cmsis.o(.data)
    os_timer_head                            0x20000064   Data           4  rt_cmsis.o(.data)
    os_tsk                                   0x20000068   Data           8  rt_task.o(.data)
    os_tick_irqn                             0x20000074   Data           4  rt_system.o(.data)
    os_time                                  0x20000078   Data           4  rt_time.o(.data)
    os_robin                                 0x2000007c   Data           8  rt_robin.o(.data)
    huart1                                   0x20000084   Data         108  uart.o(.bss)
    mp_tcb                                   0x20000158   Data         376  rtx_conf_cm.o(.bss)
    mp_stk                                   0x200002d0   Data        1216  rtx_conf_cm.o(.bss)
    os_stack_mem                             0x20000790   Data         432  rtx_conf_cm.o(.bss)
    os_fifo                                  0x20000940   Data         132  rtx_conf_cm.o(.bss)
    os_active_TCB                            0x200009c4   Data          28  rtx_conf_cm.o(.bss)
    os_messageQ_q_osTimerMessageQ            0x200009e0   Data          32  rtx_conf_cm.o(.bss)
    os_idle_TCB                              0x20000a00   Data          52  rt_task.o(.bss)
    os_rdy                                   0x20000a34   Data          24  rt_list.o(.bss)
    os_dly                                   0x20000a4c   Data          24  rt_list.o(.bss)
    __initial_sp                             0x20000e68   Data           0  startup_stm32l053xx.o(STACK)



==============================================================================

Memory Map of the image

  Image Entry point : 0x080000c1

  Load Region LR_IROM1 (Base: 0x08000000, Size: 0x00002a10, Max: 0x00010000, ABSOLUTE)

    Execution Region ER_IROM1 (Base: 0x08000000, Size: 0x0000298c, Max: 0x00010000, ABSOLUTE)

    Base Addr    Size         Type   Attr      Idx    E Section Name        Object

    0x08000000   0x000000c0   Data   RO         1187    RESET               startup_stm32l053xx.o
    0x080000c0   0x00000000   Code   RO         2407  * .ARM.Collect$$$$00000000  mc_p.l(entry.o)
    0x080000c0   0x00000004   Code   RO         2414    .ARM.Collect$$$$00000001  mc_p.l(entry2.o)
    0x080000c4   0x00000004   Code   RO         2417    .ARM.Collect$$$$00000004  mc_p.l(entry5.o)
    0x080000c8   0x00000000   Code   RO         2419    .ARM.Collect$$$$00000008  mc_p.l(entry7b.o)
    0x080000c8   0x00000000   Code   RO         2421    .ARM.Collect$$$$0000000A  mc_p.l(entry8b.o)
    0x080000c8   0x00000000   Code   RO         2422    .ARM.Collect$$$$0000000D  mc_p.l(entry10a.o)
    0x080000c8   0x00000000   Code   RO         2424    .ARM.Collect$$$$0000000F  mc_p.l(entry11a.o)
    0x080000c8   0x00000018   Code   RO         1150    .ARM.Collect$$$$000000FF  rtx_conf_cm.o
    0x080000e0   0x00000004   Code   RO         2415    .ARM.Collect$$$$00002712  mc_p.l(entry2.o)
    0x080000e4   0x00000164   Code   RO         2394    .emb_text           RTX_CM0.lib(hal_cm0.o)
    0x08000248   0x00000020   Code   RO         1188    .text               startup_stm32l053xx.o
    0x08000268   0x0000002c   Code   RO         2410    .text               mc_p.l(uidiv.o)
    0x08000294   0x00000060   Code   RO         2412    .text               mc_p.l(uldiv.o)
    0x080002f4   0x00000020   Code   RO         2426    .text               mc_p.l(llshl.o)
    0x08000314   0x00000022   Code   RO         2428    .text               mc_p.l(llushr.o)
    0x08000336   0x00000002   PAD
    0x08000338   0x00000024   Code   RO         2430    .text               mc_p.l(init.o)
    0x0800035c   0x00000004   Code   RO         2404    SVC_TABLE           RTX_CM0.lib(svc_table.o)
    0x08000360   0x0000000a   Code   RO          170    i.EXTI0_1_IRQHandler  stm32l0xx_it.o
    0x0800036a   0x00000002   PAD
    0x0800036c   0x00000024   Code   RO            3    i.HAL_GPIO_EXTI_Callback  main.o
    0x08000390   0x00000020   Code   RO          683    i.HAL_GPIO_EXTI_IRQHandler  stm32l0xx_hal_gpio.o
    0x080003b0   0x000001ec   Code   RO          684    i.HAL_GPIO_Init     stm32l0xx_hal_gpio.o
    0x0800059c   0x00000008   Code   RO          687    i.HAL_GPIO_TogglePin  stm32l0xx_hal_gpio.o
    0x080005a4   0x00000024   Code   RO          259    i.HAL_GetTick       stm32l0xx_hal.o
    0x080005c8   0x0000002c   Code   RO          262    i.HAL_Init          stm32l0xx_hal.o
    0x080005f4   0x00000026   Code   RO          263    i.HAL_InitTick      stm32l0xx_hal.o
    0x0800061a   0x00000002   PAD
    0x0800061c   0x00000020   Code   RO          138    i.HAL_MspInit       stm32l0xx_hal_msp.o
    0x0800063c   0x00000018   Code   RO          595    i.HAL_NVIC_EnableIRQ  stm32l0xx_hal_cortex.o
    0x08000654   0x00000012   Code   RO          598    i.HAL_NVIC_SetPriority  stm32l0xx_hal_cortex.o
    0x08000666   0x00000002   PAD
    0x08000668   0x0000002c   Code   RO          502    i.HAL_RCC_GetHCLKFreq  stm32l0xx_hal_rcc.o
    0x08000694   0x00000024   Code   RO          504    i.HAL_RCC_GetPCLK1Freq  stm32l0xx_hal_rcc.o
    0x080006b8   0x00000024   Code   RO          505    i.HAL_RCC_GetPCLK2Freq  stm32l0xx_hal_rcc.o
    0x080006dc   0x000000cc   Code   RO          506    i.HAL_RCC_GetSysClockFreq  stm32l0xx_hal_rcc.o
    0x080007a8   0x00000038   Code   RO          602    i.HAL_SYSTICK_Config  stm32l0xx_hal_cortex.o
    0x080007e0   0x00000076   Code   RO          760    i.HAL_UART_Init     stm32l0xx_hal_uart.o
    0x08000856   0x00000002   PAD
    0x08000858   0x00000048   Code   RO          140    i.HAL_UART_MspInit  stm32l0xx_hal_msp.o
    0x080008a0   0x0000014c   Code   RO          763    i.HAL_UART_Receive  stm32l0xx_hal_uart.o
    0x080009ec   0x000000f0   Code   RO          768    i.HAL_UART_Transmit  stm32l0xx_hal_uart.o
    0x08000adc   0x00000090   Code   RO            4    i.MX_GPIO_Init      main.o
    0x08000b6c   0x0000003c   Code   RO          193    i.MX_USART1_UART_Init  uart.o
    0x08000ba8   0x00000078   Code   RO          604    i.NVIC_SetPriority  stm32l0xx_hal_cortex.o
    0x08000c20   0x00000104   Code   RO            5    i.SystemClock_Config  main.o
    0x08000d24   0x00000100   Code   RO         1194    i.SystemCoreClockUpdate  system_stm32l0xx.o
    0x08000e24   0x00000068   Code   RO         1195    i.SystemInit        system_stm32l0xx.o
    0x08000e8c   0x000000f0   Code   RO          773    i.UART_AdvFeatureConfig  stm32l0xx_hal_uart.o
    0x08000f7c   0x00000060   Code   RO          774    i.UART_CheckIdleState  stm32l0xx_hal_uart.o
    0x08000fdc   0x00000288   Code   RO          781    i.UART_SetConfig    stm32l0xx_hal_uart.o
    0x08001264   0x0000010a   Code   RO          783    i.UART_WaitOnFlagUntilTimeout  stm32l0xx_hal_uart.o
    0x0800136e   0x00000030   Code   RO          428    i.__ARM_common_ll_muluu  stm32l0xx_hal.o
    0x0800139e   0x0000001c   Code   RO          991    i.__ARM_common_switch8  stm32l0xx_hal_uart.o
    0x080013ba   0x0000000e   Code   RO         2434    i.__scatterload_copy  mc_p.l(handlers.o)
    0x080013c8   0x00000002   Code   RO         2435    i.__scatterload_null  mc_p.l(handlers.o)
    0x080013ca   0x0000000e   Code   RO         2436    i.__scatterload_zeroinit  mc_p.l(handlers.o)
    0x080013d8   0x00000048   Code   RO         2296    i._init_box         RTX_CM0.lib(rt_membox.o)
    0x08001420   0x0000002e   Code   RO         1226    i.isrMessageGet     RTX_CM0.lib(rt_cmsis.o)
    0x0800144e   0x00000030   Code   RO         1227    i.isrMessagePut     RTX_CM0.lib(rt_cmsis.o)
    0x0800147e   0x00000026   Code   RO         1229    i.isrSignalSet      RTX_CM0.lib(rt_cmsis.o)
    0x080014a4   0x00000024   Code   RO         2020    i.isr_evt_set       RTX_CM0.lib(rt_event.o)
    0x080014c8   0x00000046   Code   RO         2142    i.isr_mbx_receive   RTX_CM0.lib(rt_mailbox.o)
    0x0800150e   0x0000000c   Code   RO         2143    i.isr_mbx_send      RTX_CM0.lib(rt_mailbox.o)
    0x0800151a   0x00000002   PAD
    0x0800151c   0x00000040   Code   RO            6    i.main              main.o
    0x0800155c   0x00000014   Code   RO            7    i.nvic_init         main.o
    0x08001570   0x0000001c   Code   RO         1230    i.osDelay           RTX_CM0.lib(rt_cmsis.o)
    0x0800158c   0x00000028   Code   RO         1231    i.osKernelInitialize  RTX_CM0.lib(rt_cmsis.o)
    0x080015b4   0x0000006c   Code   RO         1233    i.osKernelStart     RTX_CM0.lib(rt_cmsis.o)
    0x08001620   0x0000001c   Code   RO         1234    i.osKernelSysTick   RTX_CM0.lib(rt_cmsis.o)
    0x0800163c   0x0000001c   Code   RO         1242    i.osMessageGet      RTX_CM0.lib(rt_cmsis.o)
    0x08001658   0x0000001c   Code   RO         1256    i.osSignalClear     RTX_CM0.lib(rt_cmsis.o)
    0x08001674   0x0000001c   Code   RO         1257    i.osSignalSet       RTX_CM0.lib(rt_cmsis.o)
    0x08001690   0x0000001c   Code   RO         1258    i.osSignalWait      RTX_CM0.lib(rt_cmsis.o)
    0x080016ac   0x00000034   Code   RO         1259    i.osThreadCreate    RTX_CM0.lib(rt_cmsis.o)
    0x080016e0   0x00000018   Code   RO         1260    i.osThreadExit      RTX_CM0.lib(rt_cmsis.o)
    0x080016f8   0x0000001c   Code   RO         1261    i.osThreadGetId     RTX_CM0.lib(rt_cmsis.o)
    0x08001714   0x0000001c   Code   RO         1264    i.osThreadTerminate  RTX_CM0.lib(rt_cmsis.o)
    0x08001730   0x00000010   Code   RO         1266    i.osTimerCall       RTX_CM0.lib(rt_cmsis.o)
    0x08001740   0x0000002c   Code   RO         1271    i.osTimerThread     RTX_CM0.lib(rt_cmsis.o)
    0x0800176c   0x00000020   Code   RO         1151    i.os_error          rtx_conf_cm.o
    0x0800178c   0x00000004   Code   RO         1152    i.os_idle_demon     rtx_conf_cm.o
    0x08001790   0x0000002c   Code   RO         1930    i.os_tick_init      RTX_CM0.lib(rt_system.o)
    0x080017bc   0x00000002   Code   RO         1931    i.os_tick_irqack    RTX_CM0.lib(rt_system.o)
    0x080017be   0x00000002   PAD
    0x080017c0   0x00000010   Code   RO         1932    i.os_tick_ovf       RTX_CM0.lib(rt_system.o)
    0x080017d0   0x00000014   Code   RO         1933    i.os_tick_val       RTX_CM0.lib(rt_system.o)
    0x080017e4   0x0000001e   Code   RO         2297    i.rt_alloc_box      RTX_CM0.lib(rt_membox.o)
    0x08001802   0x00000042   Code   RO         2325    i.rt_alloc_mem      RTX_CM0.lib(rt_memory.o)
    0x08001844   0x00000038   Code   RO         1845    i.rt_block          RTX_CM0.lib(rt_task.o)
    0x0800187c   0x00000044   Code   RO         2373    i.rt_chk_robin      RTX_CM0.lib(rt_robin.o)
    0x080018c0   0x00000074   Code   RO         2066    i.rt_dec_dly        RTX_CM0.lib(rt_list.o)
    0x08001934   0x00000040   Code   RO         1846    i.rt_dispatch       RTX_CM0.lib(rt_task.o)
    0x08001974   0x0000000a   Code   RO         2232    i.rt_dly_wait       RTX_CM0.lib(rt_time.o)
    0x0800197e   0x00000002   PAD
    0x08001980   0x0000001c   Code   RO         2021    i.rt_evt_clr        RTX_CM0.lib(rt_event.o)
    0x0800199c   0x00000050   Code   RO         2023    i.rt_evt_psh        RTX_CM0.lib(rt_event.o)
    0x080019ec   0x0000005c   Code   RO         2024    i.rt_evt_set        RTX_CM0.lib(rt_event.o)
    0x08001a48   0x00000040   Code   RO         2025    i.rt_evt_wait       RTX_CM0.lib(rt_event.o)
    0x08001a88   0x00000026   Code   RO         2298    i.rt_free_box       RTX_CM0.lib(rt_membox.o)
    0x08001aae   0x00000030   Code   RO         2326    i.rt_free_mem       RTX_CM0.lib(rt_memory.o)
    0x08001ade   0x0000002a   Code   RO         2067    i.rt_get_first      RTX_CM0.lib(rt_list.o)
    0x08001b08   0x00000008   Code   RO         1276    i.rt_id2obj         RTX_CM0.lib(rt_cmsis.o)
    0x08001b10   0x00000048   Code   RO         1847    i.rt_init_context   RTX_CM0.lib(rt_task.o)
    0x08001b58   0x0000001c   Code   RO         2327    i.rt_init_mem       RTX_CM0.lib(rt_memory.o)
    0x08001b74   0x00000018   Code   RO         2374    i.rt_init_robin     RTX_CM0.lib(rt_robin.o)
    0x08001b8c   0x00000078   Code   RO         2349    i.rt_init_stack     RTX_CM0.lib(hal_cm.o)
    0x08001c04   0x00000008   Code   RO         2144    i.rt_mbx_check      RTX_CM0.lib(rt_mailbox.o)
    0x08001c0c   0x00000024   Code   RO         2145    i.rt_mbx_init       RTX_CM0.lib(rt_mailbox.o)
    0x08001c30   0x000000d0   Code   RO         2146    i.rt_mbx_psh        RTX_CM0.lib(rt_mailbox.o)
    0x08001d00   0x000000b0   Code   RO         2148    i.rt_mbx_wait       RTX_CM0.lib(rt_mailbox.o)
    0x08001db0   0x00000048   Code   RO         1277    i.rt_ms2tick        RTX_CM0.lib(rt_cmsis.o)
    0x08001df8   0x00000070   Code   RO         1934    i.rt_pop_req        RTX_CM0.lib(rt_system.o)
    0x08001e68   0x00000020   Code   RO         1935    i.rt_psh_req        RTX_CM0.lib(rt_system.o)
    0x08001e88   0x00000040   Code   RO         2069    i.rt_psq_enq        RTX_CM0.lib(rt_list.o)
    0x08001ec8   0x00000050   Code   RO         2070    i.rt_put_dly        RTX_CM0.lib(rt_list.o)
    0x08001f18   0x0000003c   Code   RO         2071    i.rt_put_prio       RTX_CM0.lib(rt_list.o)
    0x08001f54   0x00000014   Code   RO         2072    i.rt_put_rdy_first  RTX_CM0.lib(rt_list.o)
    0x08001f68   0x00000030   Code   RO         2073    i.rt_resort_prio    RTX_CM0.lib(rt_list.o)
    0x08001f98   0x00000006   Code   RO         2350    i.rt_ret_val        RTX_CM0.lib(hal_cm.o)
    0x08001f9e   0x00000008   Code   RO         2351    i.rt_ret_val2       RTX_CM0.lib(hal_cm.o)
    0x08001fa6   0x0000002a   Code   RO         2074    i.rt_rmv_dly        RTX_CM0.lib(rt_list.o)
    0x08001fd0   0x00000034   Code   RO         2075    i.rt_rmv_list       RTX_CM0.lib(rt_list.o)
    0x08002004   0x00000034   Code   RO         2193    i.rt_sem_psh        RTX_CM0.lib(rt_semaphore.o)
    0x08002038   0x00000028   Code   RO         1937    i.rt_stk_check      RTX_CM0.lib(rt_system.o)
    0x08002060   0x00000010   Code   RO         1848    i.rt_switch_req     RTX_CM0.lib(rt_task.o)
    0x08002070   0x000000c8   Code   RO         1849    i.rt_sys_init       RTX_CM0.lib(rt_task.o)
    0x08002138   0x00000064   Code   RO         1850    i.rt_sys_start      RTX_CM0.lib(rt_task.o)
    0x0800219c   0x0000003c   Code   RO         1939    i.rt_systick        RTX_CM0.lib(rt_system.o)
    0x080021d8   0x00000012   Code   RO         1278    i.rt_tid2ptcb       RTX_CM0.lib(rt_cmsis.o)
    0x080021ea   0x00000002   PAD
    0x080021ec   0x00000038   Code   RO         1279    i.rt_timer_insert   RTX_CM0.lib(rt_cmsis.o)
    0x08002224   0x00000078   Code   RO         1851    i.rt_tsk_create     RTX_CM0.lib(rt_task.o)
    0x0800229c   0x0000013c   Code   RO         1852    i.rt_tsk_delete     RTX_CM0.lib(rt_task.o)
    0x080023d8   0x00000080   Code   RO         1854    i.rt_tsk_prio       RTX_CM0.lib(rt_task.o)
    0x08002458   0x00000010   Code   RO         1855    i.rt_tsk_self       RTX_CM0.lib(rt_task.o)
    0x08002468   0x00000012   Code   RO         1281    i.svcDelay          RTX_CM0.lib(rt_cmsis.o)
    0x0800247a   0x00000002   PAD
    0x0800247c   0x00000078   Code   RO         1282    i.svcKernelInitialize  RTX_CM0.lib(rt_cmsis.o)
    0x080024f4   0x0000004c   Code   RO         1284    i.svcKernelStart    RTX_CM0.lib(rt_cmsis.o)
    0x08002540   0x00000038   Code   RO         1285    i.svcKernelSysTick  RTX_CM0.lib(rt_cmsis.o)
    0x08002578   0x0000002a   Code   RO         1287    i.svcMessageCreate  RTX_CM0.lib(rt_cmsis.o)
    0x080025a2   0x0000003c   Code   RO         1288    i.svcMessageGet     RTX_CM0.lib(rt_cmsis.o)
    0x080025de   0x00000026   Code   RO         1299    i.svcSignalClear    RTX_CM0.lib(rt_cmsis.o)
    0x08002604   0x00000026   Code   RO         1300    i.svcSignalSet      RTX_CM0.lib(rt_cmsis.o)
    0x0800262a   0x00000002   PAD
    0x0800262c   0x0000005c   Code   RO         1301    i.svcSignalWait     RTX_CM0.lib(rt_cmsis.o)
    0x08002688   0x00000078   Code   RO         1302    i.svcThreadCreate   RTX_CM0.lib(rt_cmsis.o)
    0x08002700   0x0000001c   Code   RO         1303    i.svcThreadGetId    RTX_CM0.lib(rt_cmsis.o)
    0x0800271c   0x0000003c   Code   RO         1306    i.svcThreadTerminate  RTX_CM0.lib(rt_cmsis.o)
    0x08002758   0x0000001c   Code   RO         1308    i.svcTimerCall      RTX_CM0.lib(rt_cmsis.o)
    0x08002774   0x00000058   Code   RO         1317    i.sysTimerTick      RTX_CM0.lib(rt_cmsis.o)
    0x080027cc   0x00000090   Code   RO          195    i.uart_thread       uart.o
    0x0800285c   0x00000010   Data   RO            8    .constdata          main.o
    0x0800286c   0x0000008a   Data   RO          197    .constdata          uart.o
    0x080028f6   0x00000002   PAD
    0x080028f8   0x0000001c   Data   RO          510    .constdata          stm32l0xx_hal_rcc.o
    0x08002914   0x00000056   Data   RO         1154    .constdata          rtx_conf_cm.o
    0x0800296a   0x00000002   PAD
    0x0800296c   0x00000020   Data   RO         2432    Region$$Table       anon$$obj.o


    Execution Region RW_IRAM1 (Base: 0x20000000, Size: 0x00000e68, Max: 0x00002000, ABSOLUTE)

    Base Addr    Size         Type   Attr      Idx    E Section Name        Object

    0x20000000   0x00000004   Data   RW            9    .data               main.o
    0x20000004   0x00000019   Data   RW          511    .data               stm32l0xx_hal_rcc.o
    0x2000001d   0x00000003   PAD
    0x20000020   0x00000020   Data   RW         1155    .data               rtx_conf_cm.o
    0x20000040   0x0000001d   Data   RW         1196    .data               system_stm32l0xx.o
    0x2000005d   0x00000003   PAD
    0x20000060   0x00000008   Data   RW         1320    .data               RTX_CM0.lib(rt_cmsis.o)
    0x20000068   0x00000008   Data   RW         1857    .data               RTX_CM0.lib(rt_task.o)
    0x20000070   0x00000008   Data   RW         1942    .data               RTX_CM0.lib(rt_system.o)
    0x20000078   0x00000004   Data   RW         2236    .data               RTX_CM0.lib(rt_time.o)
    0x2000007c   0x00000008   Data   RW         2375    .data               RTX_CM0.lib(rt_robin.o)
    0x20000084   0x000000d0   Zero   RW          196    .bss                uart.o
    0x20000154   0x00000004   PAD
    0x20000158   0x000008a8   Zero   RW         1153    .bss                rtx_conf_cm.o
    0x20000a00   0x00000034   Zero   RW         1856    .bss                RTX_CM0.lib(rt_task.o)
    0x20000a34   0x00000030   Zero   RW         2076    .bss                RTX_CM0.lib(rt_list.o)
    0x20000a64   0x00000004   PAD
    0x20000a68   0x00000400   Zero   RW         1185    STACK               startup_stm32l053xx.o


==============================================================================

Image component sizes


      Code (inc. data)   RO Data    RW Data    ZI Data      Debug   Object Name

       524         46         16          4          0     171819   main.o
        60          6         86         32       2216       7384   rtx_conf_cm.o
        32         10        192          0       1024        652   startup_stm32l053xx.o
       166         10          0          0          0       1616   stm32l0xx_hal.o
       218         26          0          0          0       9845   stm32l0xx_hal_cortex.o
       532         36          0          0          0       3112   stm32l0xx_hal_gpio.o
       104         14          0          0          0       1273   stm32l0xx_hal_msp.o
       320         56         28         25          0       3350   stm32l0xx_hal_rcc.o
      1968         70          0          0          0       6368   stm32l0xx_hal_uart.o
        10          0          0          0          0        417   stm32l0xx_it.o
       360         42          0         29          0       1781   system_stm32l0xx.o
       204         30        138          0        208       1863   uart.o

    ----------------------------------------------------------------------
      4506        346        496         96       3452     209480   Object Totals
         0          0         32          0          0          0   (incl. Generated)
         8          0          4          6          4          0   (incl. Padding)

    ----------------------------------------------------------------------

      Code (inc. data)   RO Data    RW Data    ZI Data      Debug   Library Member Name

       134         14          0          0          0       1635   hal_cm.o
       356         40          0          0          0        820   hal_cm0.o
      1658        198          0          8          0      37840   rt_cmsis.o
       300         30          0          0          0       2991   rt_event.o
       524         34          0          0         48       7893   rt_list.o
       510         16          0          0          0       3721   rt_mailbox.o
       140          0          0          0          0       1901   rt_membox.o
       142          0          0          0          0       2247   rt_memory.o
        92         22          0          8          0       1074   rt_robin.o
        52          4          0          0          0        537   rt_semaphore.o
       326         68          0          8          0       6703   rt_system.o
      1088        178          0          8         52       8997   rt_task.o
        10          0          0          4          0        640   rt_time.o
         4          4          0          0          0        188   svc_table.o
         0          0          0          0          0          0   entry.o
         0          0          0          0          0          0   entry10a.o
         0          0          0          0          0          0   entry11a.o
         8          4          0          0          0          0   entry2.o
         4          0          0          0          0          0   entry5.o
         0          0          0          0          0          0   entry7b.o
         0          0          0          0          0          0   entry8b.o
        30          0          0          0          0          0   handlers.o
        36          8          0          0          0         68   init.o
        32          0          0          0          0         68   llshl.o
        34          0          0          0          0         68   llushr.o
        44          0          0          0          0         72   uidiv.o
        96          0          0          0          0         84   uldiv.o

    ----------------------------------------------------------------------
      5634        620          0         36        104      77547   Library Totals
        14          0          0          0          4          0   (incl. Padding)

    ----------------------------------------------------------------------

      Code (inc. data)   RO Data    RW Data    ZI Data      Debug   Library Name

      5336        608          0         36        100      77187   RTX_CM0.lib
       284         12          0          0          0        360   mc_p.l

    ----------------------------------------------------------------------
      5634        620          0         36        104      77547   Library Totals

    ----------------------------------------------------------------------

==============================================================================


      Code (inc. data)   RO Data    RW Data    ZI Data      Debug   

     10140        966        496        132       3556     281891   Grand Totals
     10140        966        496        132       3556     281891   ELF Image Totals
     10140        966        496        132          0          0   ROM Totals

==============================================================================

    Total RO  Size (Code + RO Data)                10636 (  10.39kB)
    Total RW  Size (RW Data + ZI Data)              3688 (   3.60kB)
    Total ROM Size (Code + RO Data + RW Data)      10768 (  10.52kB)

==============================================================================

